******************************************************************************
             TMS320C2000 Linker PC v6.4.9                      
******************************************************************************
>> Linked Tue Dec 15 14:51:55 2015

OUTPUT FILE NAME:   <TMS_Skype_Petcam.out>
ENTRY POINT SYMBOL: "_c_int00"  address: 00088afc


MEMORY CONFIGURATION

         name            origin    length      used     unused   attr    fill
----------------------  --------  ---------  --------  --------  ----  --------
PAGE 0:
  RAMM0                 00000122   000002de  00000000  000002de  RWIX
  RAMLS0                00008000   00000800  00000008  000007f8  RWIX
  RAMLS1                00008800   00000800  00000000  00000800  RWIX
  RAMLS2                00009000   00000800  00000000  00000800  RWIX
  RAMLS3                00009800   00000800  00000000  00000800  RWIX
  RAMLS4                0000a000   00000800  00000000  00000800  RWIX
  RAMD0                 0000b000   00000800  00000000  00000800  RWIX
  BEGIN                 00080000   00000002  00000002  00000000  RWIX
  FLASHA                00080002   00001ffe  00000000  00001ffe  RWIX
  FLASHB                00082000   00002000  00001ffb  00000005  RWIX
  FLASHC                00084000   00002000  00001fff  00000001  RWIX
  FLASHD                00086000   00002000  00001ffe  00000002  RWIX
  FLASHE                00088000   00008000  00000bd1  0000742f  RWIX
  FLASHF                00090000   00008000  00000742  000078be  RWIX
  FLASHG                00098000   00008000  00000000  00008000  RWIX
  FLASHH                000a0000   00008000  00000000  00008000  RWIX
  FLASHI                000a8000   00008000  00000000  00008000  RWIX
  FLASHJ                000b0000   00008000  00000000  00008000  RWIX
  FLASHK                000b8000   00002000  00000000  00002000  RWIX
  FLASHL                000ba000   00002000  00000000  00002000  RWIX
  FLASHM                000bc000   00002000  00000000  00002000  RWIX
  FLASHN                000be000   00002000  00000000  00002000  RWIX
  RESET                 003fffc0   00000002  00000000  00000002  RWIX

PAGE 1:
  BOOT_RSVD             00000002   00000120  00000000  00000120  RWIX
  RAMM1                 00000400   00000400  00000400  00000000  RWIX
  ADCA_RESULT           00000b00   00000020  00000018  00000008  RWIX
  ADCB_RESULT           00000b20   00000020  00000018  00000008  RWIX
  ADCC_RESULT           00000b40   00000020  00000018  00000008  RWIX
  ADCD_RESULT           00000b60   00000020  00000018  00000008  RWIX
  CPU_TIMER0            00000c00   00000008  00000008  00000000  RWIX
  CPU_TIMER1            00000c08   00000008  00000008  00000000  RWIX
  CPU_TIMER2            00000c10   00000008  00000008  00000000  RWIX
  PIE_CTRL              00000ce0   00000020  0000001a  00000006  RWIX
  PIE_VECT              00000d00   00000200  000001c0  00000040  RWIX
  DMA                   00001000   00000200  000000e0  00000120  RWIX
  CLA1                  00001400   00000040  0000003e  00000002  RWIX
  EPWM1                 00004000   00000100  00000100  00000000  RWIX
  EPWM2                 00004100   00000100  00000100  00000000  RWIX
  EPWM3                 00004200   00000100  00000100  00000000  RWIX
  EPWM4                 00004300   00000100  00000100  00000000  RWIX
  EPWM5                 00004400   00000100  00000100  00000000  RWIX
  EPWM6                 00004500   00000100  00000100  00000000  RWIX
  EPWM7                 00004600   00000100  00000100  00000000  RWIX
  EPWM8                 00004700   00000100  00000100  00000000  RWIX
  EPWM9                 00004800   00000100  00000100  00000000  RWIX
  EPWM10                00004900   00000100  00000100  00000000  RWIX
  EPWM11                00004a00   00000100  00000100  00000000  RWIX
  EPWM12                00004b00   00000100  00000100  00000000  RWIX
  ECAP1                 00005000   00000020  00000020  00000000  RWIX
  ECAP2                 00005020   00000020  00000020  00000000  RWIX
  ECAP3                 00005040   00000020  00000020  00000000  RWIX
  ECAP4                 00005060   00000020  00000020  00000000  RWIX
  ECAP5                 00005080   00000020  00000020  00000000  RWIX
  ECAP6                 000050a0   00000020  00000020  00000000  RWIX
  EQEP1                 00005100   00000040  00000022  0000001e  RWIX
  EQEP2                 00005140   00000040  00000022  0000001e  RWIX
  EQEP3                 00005180   00000040  00000022  0000001e  RWIX
  DACA                  00005c00   00000010  00000008  00000008  RWIX
  DACB                  00005c10   00000010  00000008  00000008  RWIX
  DACC                  00005c20   00000010  00000008  00000008  RWIX
  CMPSS1                00005c80   00000020  00000020  00000000  RWIX
  CMPSS2                00005ca0   00000020  00000020  00000000  RWIX
  CMPSS3                00005cc0   00000020  00000020  00000000  RWIX
  CMPSS4                00005ce0   00000020  00000020  00000000  RWIX
  CMPSS5                00005d00   00000020  00000020  00000000  RWIX
  CMPSS6                00005d20   00000020  00000020  00000000  RWIX
  CMPSS7                00005d40   00000020  00000020  00000000  RWIX
  CMPSS8                00005d60   00000020  00000020  00000000  RWIX
  SDFM1                 00005e00   00000080  00000080  00000000  RWIX
  SDFM2                 00005e80   00000080  00000080  00000000  RWIX
  MCBSPA                00006000   00000040  00000024  0000001c  RWIX
  MCBSPB                00006040   00000040  00000024  0000001c  RWIX
  SPIA                  00006100   00000010  00000010  00000000  RWIX
  SPIB                  00006110   00000010  00000010  00000000  RWIX
  SPIC                  00006120   00000010  00000010  00000000  RWIX
  SPID                  00006130   00000010  00000000  00000010  RWIX
  UPP                   00006200   00000100  00000048  000000b8  RWIX
  WD                    00007000   00000040  0000002b  00000015  RWIX
  NMIINTRUPT            00007060   00000010  00000007  00000009  RWIX
  XINT                  00007070   00000010  0000000b  00000005  RWIX
  SCIA                  00007200   00000010  00000010  00000000  RWIX
  SCIB                  00007210   00000010  00000010  00000000  RWIX
  SCIC                  00007220   00000010  00000010  00000000  RWIX
  SCID                  00007230   00000010  00000010  00000000  RWIX
  I2CA                  00007300   00000040  00000022  0000001e  RWIX
  I2CB                  00007340   00000040  00000022  0000001e  RWIX
  ADCA                  00007400   00000080  00000080  00000000  RWIX
  ADCB                  00007480   00000080  00000080  00000000  RWIX
  ADCC                  00007500   00000080  00000080  00000000  RWIX
  ADCD                  00007580   00000080  00000080  00000000  RWIX
  INPUT_XBAR            00007900   00000020  00000020  00000000  RWIX
  XBAR                  00007920   00000020  00000020  00000000  RWIX
  SYNC_SOC              00007940   00000010  00000006  0000000a  RWIX
  DMACLASRCSEL          00007980   00000040  0000001a  00000026  RWIX
  EPWM_XBAR             00007a00   00000040  00000040  00000000  RWIX
  CLB_XBAR              00007a40   00000040  00000000  00000040  RWIX
  OUTPUT_XBAR           00007a80   00000040  00000040  00000000  RWIX
  GPIOCTRL              00007c00   00000180  00000180  00000000  RWIX
  GPIODAT               00007f00   00000030  00000030  00000000  RWIX
  RAMLS5                0000a800   00000800  0000079a  00000066  RWIX
  RAMD1                 0000b800   00000800  00000000  00000800  RWIX
  RAMGS0                0000c000   00001000  00000000  00001000  RWIX
  RAMGS1                0000d000   00001000  00000000  00001000  RWIX
  RAMGS2                0000e000   00001000  00000000  00001000  RWIX
  RAMGS3                0000f000   00001000  00000000  00001000  RWIX
  RAMGS4                00010000   00001000  00000000  00001000  RWIX
  RAMGS5                00011000   00001000  00000000  00001000  RWIX
  RAMGS6                00012000   00001000  00000000  00001000  RWIX
  RAMGS7                00013000   00001000  00000000  00001000  RWIX
  RAMGS8                00014000   00001000  00000000  00001000  RWIX
  RAMGS9                00015000   00001000  00000000  00001000  RWIX
  RAMGS10               00016000   00001000  00000000  00001000  RWIX
  RAMGS11               00017000   00001000  00000000  00001000  RWIX
  EMIF1                 00047000   00000800  00000070  00000790  RWIX
  EMIF2                 00047800   00000800  00000070  00000790  RWIX
  FLASHPUMPSEMAPHORE    00050024   00000002  00000002  00000000  RWIX
  DEV_CFG               0005d000   00000180  0000012e  00000052  RWIX
  ANALOG_SUBSYS         0005d180   00000080  00000048  00000038  RWIX
  CLK_CFG               0005d200   00000100  00000032  000000ce  RWIX
  CPU_SYS               0005d300   00000100  00000082  0000007e  RWIX
  ROMPREFETCH           0005e608   00000002  00000002  00000000  RWIX
  DCSM_Z1               0005f000   00000030  00000024  0000000c  RWIX
  DCSM_Z2               0005f040   00000030  00000024  0000000c  RWIX
  DCSM_COMMON           0005f070   00000010  00000008  00000008  RWIX
  MEMCFG                0005f400   00000080  00000080  00000000  RWIX
  EMIF1CONFIG           0005f480   00000020  00000020  00000000  RWIX
  EMIF2CONFIG           0005f4a0   00000020  00000020  00000000  RWIX
  ACCESSPROTECTION      0005f4c0   00000040  00000040  00000000  RWIX
  MEMORYERROR           0005f500   00000040  00000040  00000000  RWIX
  ROMWAITSTATE          0005f540   00000002  00000002  00000000  RWIX
  FLASH0_CTRL           0005f800   00000300  00000182  0000017e  RWIX
  FLASH0_ECC            0005fb00   00000040  00000028  00000018  RWIX
  FLASH1_CTRL           0005fc00   00000300  00000182  0000017e  RWIX
  FLASH1_ECC            0005ff00   00000040  00000028  00000018  RWIX
  DCSM_Z1_OTP           00078000   00000020  00000020  00000000  RWIX
  DCSM_Z2_OTP           00078200   00000020  00000020  00000000  RWIX


SECTION ALLOCATION MAP

 output                                  attributes/
section   page    origin      length       input sections
--------  ----  ----------  ----------   ----------------
codestart 
*          0    00080000    00000002     
                  00080000    00000002     F2837xS_CodeStartBranch.obj (codestart)

.cinit     0    00082000    00000369     
                  00082000    000000c2     IR.obj (.cinit)
                  000820c2    00000062     F2837xS_struct.obj (.cinit)
                  00082124    00000046     usbhostenum.obj (.cinit)
                  0008216a    00000040     usbdcdc.obj (.cinit)
                  000821aa    00000037     usbdaudio.obj (.cinit)
                  000821e1    00000035     usbhhid.obj (.cinit)
                  00082216    00000034     usbddfu-rt.obj (.cinit)
                  0008224a    00000033     usbdhidkeyb.obj (.cinit)
                  0008227d    00000031     usbdhidmouse.obj (.cinit)
                  000822ae    00000028     usbdbulk.obj (.cinit)
                  000822d6    00000015     usbdcomp.obj (.cinit)
                  000822eb    00000015     usbdhid.obj (.cinit)
                  00082300    0000000e     usbtick.obj (.cinit)
                  0008230e    0000000d     usbmode.obj (.cinit)
                  0008231b    0000000c     UART.obj (.cinit)
                  00082327    0000000a     rts2800_fpu32.lib : exit.obj (.cinit)
                  00082331    00000009     uartstdio.obj (.cinit)
                  0008233a    00000007     usbhmsc.obj (.cinit)
                  00082341    00000005     rts2800_fpu32.lib : _lock.obj (.cinit:__lock)
                  00082346    00000005                       : _lock.obj (.cinit:__unlock)
                  0008234b    00000005     usbdenum.obj (.cinit)
                  00082350    00000005     usbhaudio.obj (.cinit)
                  00082355    00000005     usbhhidkeyboard.obj (.cinit)
                  0008235a    00000005     usbhhidmouse.obj (.cinit)
                  0008235f    00000004     F2837xS_sci_io.obj (.cinit)
                  00082363    00000004     ustdlib.obj (.cinit)
                  00082367    00000002     --HOLE-- [fill = 0]

.switch    0    0008236c    0000002a     
                  0008236c    0000002a     usbdcdc.obj (.switch:_HandleRequests)

.text.1    0    00082398    00001c68     
                  00082398    000015fd     usbhostenum.obj (.text)
                  00083995    00000606     usbdcomp.obj (.text)
                  00083f9b    00000054     systick.obj (.text)
                  00083fef    0000000e     interrupt.obj (.text:retain)
                  00083ffd    00000003     F2837xS_DBGIER.obj (.text)

.text.2    0    00084000    00001fff     
                  00084000    0000085d     usbdenum.obj (.text)
                  0008485d    0000080b     usb.obj (.text)
                  00085068    0000078e     usbdhid.obj (.text)
                  000857f6    00000730     usbdcdc.obj (.text)
                  00085f26    000000d8     usbdma.obj (.text)
                  00085ffe    00000001     main.obj (.text)

ramfuncs   0    00086000    00000008     RUN ADDR = 00008000
                  00086000    00000004     F2837xS_usDelay.obj (ramfuncs)
                  00086004    00000004     sysctl.obj (ramfuncs)

.text.3    0    00086008    00001ff6     
                  00086008    00000585     F2837xS_DefaultISR.obj (.text:retain)
                  0008658d    00000437     usbdaudio.obj (.text)
                  000869c4    00000413     usbhaudio.obj (.text)
                  00086dd7    00000406     usbhhub.obj (.text)
                  000871dd    00000321     usbdbulk.obj (.text)
                  000874fe    00000303     usbhscsi.obj (.text)
                  00087801    00000273     sysctl.obj (.text)
                  00087a74    0000025c     usbmode.obj (.text)
                  00087cd0    00000244     usbhmsc.obj (.text)
                  00087f14    000000e1     usbddfu-rt.obj (.text)
                  00087ff5    00000009     rts2800_fpu32.lib : _lock.obj (.text)

.text.4    0    00088000    00000bd1     
                  00088000    0000022a     usbhhid.obj (.text)
                  0008822a    00000210     usbdconfig.obj (.text)
                  0008843a    000001d7     interrupt.obj (.text)
                  00088611    00000157     usbdcdesc.obj (.text)
                  00088768    000000d2     usbdesc.obj (.text)
                  0008883a    0000009c     rts2800_fpu32.lib : fd_add.obj (.text)
                  000888d6    00000090     usb_hal.obj (.text:retain)
                  00088966    0000008b     rts2800_fpu32.lib : fd_div.obj (.text)
                  000889f1    00000088     usbtick.obj (.text)
                  00088a79    00000083     rts2800_fpu32.lib : fd_mpy.obj (.text)
                  00088afc    00000046                       : boot.obj (.text)
                  00088b42    0000001f                       : fd_tol.obj (.text)
                  00088b61    00000019                       : args_main.obj (.text)
                  00088b7a    00000019                       : exit.obj (.text)
                  00088b93    00000016                       : ul_tofd.obj (.text)
                  00088ba9    00000012     usbdhandler.obj (.text)
                  00088bbb    0000000e     rts2800_fpu32.lib : fd_sub.obj (.text)
                  00088bc9    00000008     F2837xS_CodeStartBranch.obj (.text)

.econst    0    00090000    00000742     
                  00090000    00000200     usbkeyboardmap.obj (.econst:_g_pui8KeyBoardMap)
                  00090200    000001c0     F2837xS_PieVect.obj (.econst)
                  000903c0    00000104     usbkeyboardmap.obj (.econst)
                  000904c4    00000034     usbdaudio.obj (.econst:_g_pui8AudioControlInterface)
                  000904f8    00000034     usbdaudio.obj (.econst:_g_pui8AudioStreamInterface)
                  0009052c    00000030     usbdcdc.obj (.econst)
                  0009055c    0000002c     usbdaudio.obj (.econst)
                  00090588    00000024     usbdbulk.obj (.econst)
                  000905ac    00000024     usbddfu-rt.obj (.econst)
                  000905d0    00000023     usbdcdc.obj (.econst:_g_pui8CDCSerCommInterface)
                  000905f3    00000001     --HOLE-- [fill = 0]
                  000905f4    00000022     uartstdio.obj (.econst:.string)
                  00090616    0000001a     usbdenum.obj (.econst:_g_psUSBDStdRequests)
                  00090630    00000019     usbdhidkeyb.obj (.econst)
                  00090649    00000001     --HOLE-- [fill = 0]
                  0009064a    00000018     ustdlib.obj (.econst:.string)
                  00090662    00000018     usbdcomp.obj (.econst)
                  0009067a    00000018     usbdhid.obj (.econst)
                  00090692    00000017     usbdbulk.obj (.econst:_g_pui8BulkInterface)
                  000906a9    00000017     usbdcdc.obj (.econst:_g_pui8CDCSerDataInterface)
                  000906c0    00000015     usbdhidmouse.obj (.econst)
                  000906d5    00000012     usbddfu-rt.obj (.econst:_g_pui8DFUDeviceDescriptor)
                  000906e7    00000001     --HOLE-- [fill = 0]
                  000906e8    0000000c     usb_hal.obj (.econst)
                  000906f4    00000009     usbdcomp.obj (.econst:_g_pui8CompConfigDescriptor)
                  000906fd    00000001     --HOLE-- [fill = 0]
                  000906fe    00000008     usbhaudio.obj (.econst)
                  00090706    00000008     usbhhid.obj (.econst)
                  0009070e    00000008     usbhhub.obj (.econst)
                  00090716    00000008     usbhmsc.obj (.econst)
                  0009071e    00000007     usbdhidkeyb.obj (.econst:_g_pui8HIDInEndpoint)
                  00090725    00000007     usbdhidmouse.obj (.econst:_g_pui8HIDInEndpoint)
                  0009072c    00000007     usbdhidkeyb.obj (.econst:_g_pui8HIDOutEndpoint)
                  00090733    00000001     --HOLE-- [fill = 0]
                  00090734    00000002     usbdcdc.obj (.econst:_g_pCDCCompSerConfigDescriptors)
                  00090736    00000002     usbdaudio.obj (.econst:_g_ppAudioConfigDescriptors)
                  00090738    00000002     usbdbulk.obj (.econst:_g_ppBulkConfigDescriptors)
                  0009073a    00000002     usbdcdc.obj (.econst:_g_ppCDCSerConfigDescriptors)
                  0009073c    00000002     usbddfu-rt.obj (.econst:_g_ppsDFUConfigDescriptors)
                  0009073e    00000002     uartstdio.obj (.econst)
                  00090740    00000002     ustdlib.obj (.econst)

.stack     1    00000400    00000400     UNINITIALIZED
                  00000400    00000400     --HOLE--

AdcaResultFile 
*          1    00000b00    00000018     UNINITIALIZED
                  00000b00    00000018     F2837xS_GlobalVariableDefs.obj (AdcaResultFile)

AdcbResultFile 
*          1    00000b20    00000018     UNINITIALIZED
                  00000b20    00000018     F2837xS_GlobalVariableDefs.obj (AdcbResultFile)

AdccResultFile 
*          1    00000b40    00000018     UNINITIALIZED
                  00000b40    00000018     F2837xS_GlobalVariableDefs.obj (AdccResultFile)

AdcdResultFile 
*          1    00000b60    00000018     UNINITIALIZED
                  00000b60    00000018     F2837xS_GlobalVariableDefs.obj (AdcdResultFile)

CpuTimer0RegsFile 
*          1    00000c00    00000008     UNINITIALIZED
                  00000c00    00000008     F2837xS_GlobalVariableDefs.obj (CpuTimer0RegsFile)

CpuTimer1RegsFile 
*          1    00000c08    00000008     UNINITIALIZED
                  00000c08    00000008     F2837xS_GlobalVariableDefs.obj (CpuTimer1RegsFile)

CpuTimer2RegsFile 
*          1    00000c10    00000008     UNINITIALIZED
                  00000c10    00000008     F2837xS_GlobalVariableDefs.obj (CpuTimer2RegsFile)

PieCtrlRegsFile 
*          1    00000ce0    0000001a     UNINITIALIZED
                  00000ce0    0000001a     F2837xS_GlobalVariableDefs.obj (PieCtrlRegsFile)

PieVectTableFile 
*          1    00000d00    000001c0     UNINITIALIZED
                  00000d00    000001c0     F2837xS_GlobalVariableDefs.obj (PieVectTableFile)

EmuKeyVar 
*          1    00000d00    00000001     UNINITIALIZED
                  00000d00    00000001     F2837xS_GlobalVariableDefs.obj (EmuKeyVar)

EmuBModeVar 
*          1    00000d01    00000001     UNINITIALIZED
                  00000d01    00000001     F2837xS_GlobalVariableDefs.obj (EmuBModeVar)

FlashCallbackVar 
*          1    00000d02    00000000     UNINITIALIZED

FlashScalingVar 
*          1    00000d02    00000000     UNINITIALIZED

DmaRegsFile 
*          1    00001000    000000e0     UNINITIALIZED
                  00001000    000000e0     F2837xS_GlobalVariableDefs.obj (DmaRegsFile)

Cla1RegsFile 
*          1    00001400    0000003e     UNINITIALIZED
                  00001400    0000003e     F2837xS_GlobalVariableDefs.obj (Cla1RegsFile)

EPwm1RegsFile 
*          1    00004000    00000100     UNINITIALIZED
                  00004000    00000100     F2837xS_GlobalVariableDefs.obj (EPwm1RegsFile)

EPwm2RegsFile 
*          1    00004100    00000100     UNINITIALIZED
                  00004100    00000100     F2837xS_GlobalVariableDefs.obj (EPwm2RegsFile)

EPwm3RegsFile 
*          1    00004200    00000100     UNINITIALIZED
                  00004200    00000100     F2837xS_GlobalVariableDefs.obj (EPwm3RegsFile)

EPwm4RegsFile 
*          1    00004300    00000100     UNINITIALIZED
                  00004300    00000100     F2837xS_GlobalVariableDefs.obj (EPwm4RegsFile)

EPwm5RegsFile 
*          1    00004400    00000100     UNINITIALIZED
                  00004400    00000100     F2837xS_GlobalVariableDefs.obj (EPwm5RegsFile)

EPwm6RegsFile 
*          1    00004500    00000100     UNINITIALIZED
                  00004500    00000100     F2837xS_GlobalVariableDefs.obj (EPwm6RegsFile)

EPwm7RegsFile 
*          1    00004600    00000100     UNINITIALIZED
                  00004600    00000100     F2837xS_GlobalVariableDefs.obj (EPwm7RegsFile)

EPwm8RegsFile 
*          1    00004700    00000100     UNINITIALIZED
                  00004700    00000100     F2837xS_GlobalVariableDefs.obj (EPwm8RegsFile)

EPwm9RegsFile 
*          1    00004800    00000100     UNINITIALIZED
                  00004800    00000100     F2837xS_GlobalVariableDefs.obj (EPwm9RegsFile)

EPwm10RegsFile 
*          1    00004900    00000100     UNINITIALIZED
                  00004900    00000100     F2837xS_GlobalVariableDefs.obj (EPwm10RegsFile)

EPwm11RegsFile 
*          1    00004a00    00000100     UNINITIALIZED
                  00004a00    00000100     F2837xS_GlobalVariableDefs.obj (EPwm11RegsFile)

EPwm12RegsFile 
*          1    00004b00    00000100     UNINITIALIZED
                  00004b00    00000100     F2837xS_GlobalVariableDefs.obj (EPwm12RegsFile)

ECap1RegsFile 
*          1    00005000    00000020     UNINITIALIZED
                  00005000    00000020     F2837xS_GlobalVariableDefs.obj (ECap1RegsFile)

ECap2RegsFile 
*          1    00005020    00000020     UNINITIALIZED
                  00005020    00000020     F2837xS_GlobalVariableDefs.obj (ECap2RegsFile)

ECap3RegsFile 
*          1    00005040    00000020     UNINITIALIZED
                  00005040    00000020     F2837xS_GlobalVariableDefs.obj (ECap3RegsFile)

ECap4RegsFile 
*          1    00005060    00000020     UNINITIALIZED
                  00005060    00000020     F2837xS_GlobalVariableDefs.obj (ECap4RegsFile)

ECap5RegsFile 
*          1    00005080    00000020     UNINITIALIZED
                  00005080    00000020     F2837xS_GlobalVariableDefs.obj (ECap5RegsFile)

ECap6RegsFile 
*          1    000050a0    00000020     UNINITIALIZED
                  000050a0    00000020     F2837xS_GlobalVariableDefs.obj (ECap6RegsFile)

EQep1RegsFile 
*          1    00005100    00000022     UNINITIALIZED
                  00005100    00000022     F2837xS_GlobalVariableDefs.obj (EQep1RegsFile)

EQep2RegsFile 
*          1    00005140    00000022     UNINITIALIZED
                  00005140    00000022     F2837xS_GlobalVariableDefs.obj (EQep2RegsFile)

EQep3RegsFile 
*          1    00005180    00000022     UNINITIALIZED
                  00005180    00000022     F2837xS_GlobalVariableDefs.obj (EQep3RegsFile)

DacaRegsFile 
*          1    00005c00    00000008     UNINITIALIZED
                  00005c00    00000008     F2837xS_GlobalVariableDefs.obj (DacaRegsFile)

DacbRegsFile 
*          1    00005c10    00000008     UNINITIALIZED
                  00005c10    00000008     F2837xS_GlobalVariableDefs.obj (DacbRegsFile)

DaccRegsFile 
*          1    00005c20    00000008     UNINITIALIZED
                  00005c20    00000008     F2837xS_GlobalVariableDefs.obj (DaccRegsFile)

Cmpss1RegsFile 
*          1    00005c80    00000020     UNINITIALIZED
                  00005c80    00000020     F2837xS_GlobalVariableDefs.obj (Cmpss1RegsFile)

Cmpss2RegsFile 
*          1    00005ca0    00000020     UNINITIALIZED
                  00005ca0    00000020     F2837xS_GlobalVariableDefs.obj (Cmpss2RegsFile)

Cmpss3RegsFile 
*          1    00005cc0    00000020     UNINITIALIZED
                  00005cc0    00000020     F2837xS_GlobalVariableDefs.obj (Cmpss3RegsFile)

Cmpss4RegsFile 
*          1    00005ce0    00000020     UNINITIALIZED
                  00005ce0    00000020     F2837xS_GlobalVariableDefs.obj (Cmpss4RegsFile)

Cmpss5RegsFile 
*          1    00005d00    00000020     UNINITIALIZED
                  00005d00    00000020     F2837xS_GlobalVariableDefs.obj (Cmpss5RegsFile)

Cmpss6RegsFile 
*          1    00005d20    00000020     UNINITIALIZED
                  00005d20    00000020     F2837xS_GlobalVariableDefs.obj (Cmpss6RegsFile)

Cmpss7RegsFile 
*          1    00005d40    00000020     UNINITIALIZED
                  00005d40    00000020     F2837xS_GlobalVariableDefs.obj (Cmpss7RegsFile)

Cmpss8RegsFile 
*          1    00005d60    00000020     UNINITIALIZED
                  00005d60    00000020     F2837xS_GlobalVariableDefs.obj (Cmpss8RegsFile)

Sdfm1RegsFile 
*          1    00005e00    00000080     UNINITIALIZED
                  00005e00    00000080     F2837xS_GlobalVariableDefs.obj (Sdfm1RegsFile)

Sdfm2RegsFile 
*          1    00005e80    00000080     UNINITIALIZED
                  00005e80    00000080     F2837xS_GlobalVariableDefs.obj (Sdfm2RegsFile)

McbspaRegsFile 
*          1    00006000    00000024     UNINITIALIZED
                  00006000    00000024     F2837xS_GlobalVariableDefs.obj (McbspaRegsFile)

McbspbRegsFile 
*          1    00006040    00000024     UNINITIALIZED
                  00006040    00000024     F2837xS_GlobalVariableDefs.obj (McbspbRegsFile)

SpiaRegsFile 
*          1    00006100    00000010     UNINITIALIZED
                  00006100    00000010     F2837xS_GlobalVariableDefs.obj (SpiaRegsFile)

SpibRegsFile 
*          1    00006110    00000010     UNINITIALIZED
                  00006110    00000010     F2837xS_GlobalVariableDefs.obj (SpibRegsFile)

SpicRegsFile 
*          1    00006120    00000010     UNINITIALIZED
                  00006120    00000010     F2837xS_GlobalVariableDefs.obj (SpicRegsFile)

UppRegsFile 
*          1    00006200    00000048     UNINITIALIZED
                  00006200    00000048     F2837xS_GlobalVariableDefs.obj (UppRegsFile)

WdRegsFile 
*          1    00007000    0000002b     UNINITIALIZED
                  00007000    0000002b     F2837xS_GlobalVariableDefs.obj (WdRegsFile)

NmiIntruptRegsFile 
*          1    00007060    00000007     UNINITIALIZED
                  00007060    00000007     F2837xS_GlobalVariableDefs.obj (NmiIntruptRegsFile)

XintRegsFile 
*          1    00007070    0000000b     UNINITIALIZED
                  00007070    0000000b     F2837xS_GlobalVariableDefs.obj (XintRegsFile)

SciaRegsFile 
*          1    00007200    00000010     UNINITIALIZED
                  00007200    00000010     F2837xS_GlobalVariableDefs.obj (SciaRegsFile)

ScibRegsFile 
*          1    00007210    00000010     UNINITIALIZED
                  00007210    00000010     F2837xS_GlobalVariableDefs.obj (ScibRegsFile)

ScicRegsFile 
*          1    00007220    00000010     UNINITIALIZED
                  00007220    00000010     F2837xS_GlobalVariableDefs.obj (ScicRegsFile)

ScidRegsFile 
*          1    00007230    00000010     UNINITIALIZED
                  00007230    00000010     F2837xS_GlobalVariableDefs.obj (ScidRegsFile)

I2caRegsFile 
*          1    00007300    00000022     UNINITIALIZED
                  00007300    00000022     F2837xS_GlobalVariableDefs.obj (I2caRegsFile)

I2cbRegsFile 
*          1    00007340    00000022     UNINITIALIZED
                  00007340    00000022     F2837xS_GlobalVariableDefs.obj (I2cbRegsFile)

AdcaRegsFile 
*          1    00007400    00000080     UNINITIALIZED
                  00007400    00000080     F2837xS_GlobalVariableDefs.obj (AdcaRegsFile)

AdcbRegsFile 
*          1    00007480    00000080     UNINITIALIZED
                  00007480    00000080     F2837xS_GlobalVariableDefs.obj (AdcbRegsFile)

AdccRegsFile 
*          1    00007500    00000080     UNINITIALIZED
                  00007500    00000080     F2837xS_GlobalVariableDefs.obj (AdccRegsFile)

AdcdRegsFile 
*          1    00007580    00000080     UNINITIALIZED
                  00007580    00000080     F2837xS_GlobalVariableDefs.obj (AdcdRegsFile)

InputXbarRegsFile 
*          1    00007900    00000020     UNINITIALIZED
                  00007900    00000020     F2837xS_GlobalVariableDefs.obj (InputXbarRegsFile)

XbarRegsFile 
*          1    00007920    00000020     UNINITIALIZED
                  00007920    00000020     F2837xS_GlobalVariableDefs.obj (XbarRegsFile)

SyncSocRegsFile 
*          1    00007940    00000006     UNINITIALIZED
                  00007940    00000006     F2837xS_GlobalVariableDefs.obj (SyncSocRegsFile)

DmaClaSrcSelRegsFile 
*          1    00007980    0000001a     UNINITIALIZED
                  00007980    0000001a     F2837xS_GlobalVariableDefs.obj (DmaClaSrcSelRegsFile)

EPwmXbarRegsFile 
*          1    00007a00    00000040     UNINITIALIZED
                  00007a00    00000040     F2837xS_GlobalVariableDefs.obj (EPwmXbarRegsFile)

OutputXbarRegsFile 
*          1    00007a80    00000040     UNINITIALIZED
                  00007a80    00000040     F2837xS_GlobalVariableDefs.obj (OutputXbarRegsFile)

GpioCtrlRegsFile 
*          1    00007c00    00000180     UNINITIALIZED
                  00007c00    00000180     F2837xS_GlobalVariableDefs.obj (GpioCtrlRegsFile)

GpioDataRegsFile 
*          1    00007f00    00000030     UNINITIALIZED
                  00007f00    00000030     F2837xS_GlobalVariableDefs.obj (GpioDataRegsFile)

.ebss.1    1    0000a800    0000077c     UNINITIALIZED
                  0000a800    0000038e     usbhostenum.obj (.ebss)
                  0000ab8e    00000032     usbhhid.obj (.ebss)
                  0000abc0    0000008c     usbdma.obj (.ebss)
                  0000ac4c    00000031     usbdcdc.obj (.ebss)
                  0000ac7d    00000001     F2837xS_sci_io.obj (.ebss)
                  0000ac7e    00000002     rts2800_fpu32.lib : _lock.obj (.ebss:__lock)
                  0000ac80    00000080     usbdenum.obj (.ebss)
                  0000ad00    0000005a     F2837xS_struct.obj (.ebss)
                  0000ad5a    00000025     usbddfu-rt.obj (.ebss)
                  0000ad7f    00000001     ustdlib.obj (.ebss)
                  0000ad80    0000004e     IR.obj (.ebss)
                  0000adce    0000002b     usbdaudio.obj (.ebss)
                  0000adf9    00000001     --HOLE--
                  0000adfa    00000006     F2837xS_TempSensorConv.obj (.ebss)
                  0000ae00    0000003e     usbhhub.obj (.ebss)
                  0000ae3e    00000002     rts2800_fpu32.lib : _lock.obj (.ebss:__unlock)
                  0000ae40    0000002a     usbhaudio.obj (.ebss)
                  0000ae6a    00000016     usbhhidkeyboard.obj (.ebss)
                  0000ae80    00000024     usbdhidkeyb.obj (.ebss)
                  0000aea4    00000018     F2837xS_CpuTimers.obj (.ebss)
                  0000aebc    00000004     rts2800_fpu32.lib : exit.obj (.ebss)
                  0000aec0    00000022     usbdhidmouse.obj (.ebss)
                  0000aee2    0000001e     usbtick.obj (.ebss)
                  0000af00    0000001f     usbdbulk.obj (.ebss)
                  0000af1f    00000017     UART.obj (.ebss)
                  0000af36    0000000a     usbmode.obj (.ebss)
                  0000af40    00000014     usbdcomp.obj (.ebss)
                  0000af54    00000012     cmdline.obj (.ebss)
                  0000af66    00000012     usbdhid.obj (.ebss)
                  0000af78    00000004     uartstdio.obj (.ebss)

.ebss.2    1    0000af80    0000001e     UNINITIALIZED
                  0000af80    00000010     usbhhidmouse.obj (.ebss)
                  0000af90    0000000e     usbhmsc.obj (.ebss)

Emif1RegsFile 
*          1    00047000    00000070     UNINITIALIZED
                  00047000    00000070     F2837xS_GlobalVariableDefs.obj (Emif1RegsFile)

Emif2RegsFile 
*          1    00047800    00000070     UNINITIALIZED
                  00047800    00000070     F2837xS_GlobalVariableDefs.obj (Emif2RegsFile)

FlashPumpSemaphoreRegsFile 
*          1    00050024    00000002     UNINITIALIZED
                  00050024    00000002     F2837xS_GlobalVariableDefs.obj (FlashPumpSemaphoreRegsFile)

DevCfgRegsFile 
*          1    0005d000    0000012e     UNINITIALIZED
                  0005d000    0000012e     F2837xS_GlobalVariableDefs.obj (DevCfgRegsFile)

AnalogSubsysRegsFile 
*          1    0005d180    00000048     UNINITIALIZED
                  0005d180    00000048     F2837xS_GlobalVariableDefs.obj (AnalogSubsysRegsFile)

Cla1SoftIntRegsFile 
*          1    00000ce0    00000004     DSECT
                  00000ce0    00000004     F2837xS_GlobalVariableDefs.obj (Cla1SoftIntRegsFile)

ClkCfgRegsFile 
*          1    0005d200    00000032     UNINITIALIZED
                  0005d200    00000032     F2837xS_GlobalVariableDefs.obj (ClkCfgRegsFile)

CpuSysRegsFile 
*          1    0005d300    00000082     UNINITIALIZED
                  0005d300    00000082     F2837xS_GlobalVariableDefs.obj (CpuSysRegsFile)

RomPrefetchRegsFile 
*          1    0005e608    00000002     UNINITIALIZED
                  0005e608    00000002     F2837xS_GlobalVariableDefs.obj (RomPrefetchRegsFile)

DcsmZ1RegsFile 
*          1    0005f000    00000024     UNINITIALIZED
                  0005f000    00000024     F2837xS_GlobalVariableDefs.obj (DcsmZ1RegsFile)

DcsmZ2RegsFile 
*          1    0005f040    00000024     UNINITIALIZED
                  0005f040    00000024     F2837xS_GlobalVariableDefs.obj (DcsmZ2RegsFile)

DcsmCommonRegsFile 
*          1    0005f070    00000008     UNINITIALIZED
                  0005f070    00000008     F2837xS_GlobalVariableDefs.obj (DcsmCommonRegsFile)

MemCfgRegsFile 
*          1    0005f400    00000080     UNINITIALIZED
                  0005f400    00000080     F2837xS_GlobalVariableDefs.obj (MemCfgRegsFile)

Emif1ConfigRegsFile 
*          1    0005f480    00000020     UNINITIALIZED
                  0005f480    00000020     F2837xS_GlobalVariableDefs.obj (Emif1ConfigRegsFile)

Emif2ConfigRegsFile 
*          1    0005f4a0    00000020     UNINITIALIZED
                  0005f4a0    00000020     F2837xS_GlobalVariableDefs.obj (Emif2ConfigRegsFile)

AccessProtectionRegsFile 
*          1    0005f4c0    00000040     UNINITIALIZED
                  0005f4c0    00000040     F2837xS_GlobalVariableDefs.obj (AccessProtectionRegsFile)

MemoryErrorRegsFile 
*          1    0005f500    00000040     UNINITIALIZED
                  0005f500    00000040     F2837xS_GlobalVariableDefs.obj (MemoryErrorRegsFile)

RomWaitStateRegsFile 
*          1    0005f540    00000002     UNINITIALIZED
                  0005f540    00000002     F2837xS_GlobalVariableDefs.obj (RomWaitStateRegsFile)

Flash0CtrlRegsFile 
*          1    0005f800    00000182     UNINITIALIZED
                  0005f800    00000182     F2837xS_GlobalVariableDefs.obj (Flash0CtrlRegsFile)

Flash0EccRegsFile 
*          1    0005fb00    00000028     UNINITIALIZED
                  0005fb00    00000028     F2837xS_GlobalVariableDefs.obj (Flash0EccRegsFile)

Flash1CtrlRegsFile 
*          1    0005fc00    00000182     UNINITIALIZED
                  0005fc00    00000182     F2837xS_GlobalVariableDefs.obj (Flash1CtrlRegsFile)

Flash1EccRegsFile 
*          1    0005ff00    00000028     UNINITIALIZED
                  0005ff00    00000028     F2837xS_GlobalVariableDefs.obj (Flash1EccRegsFile)

DcsmZ1OtpFile 
*          1    00078000    00000020     NOLOAD SECTION
                  00078000    00000020     F2837xS_GlobalVariableDefs.obj (DcsmZ1OtpFile)

DcsmZ2OtpFile 
*          1    00078200    00000020     NOLOAD SECTION
                  00078200    00000020     F2837xS_GlobalVariableDefs.obj (DcsmZ2OtpFile)

.pinit     0    00082000    00000000     UNINITIALIZED

.reset     0    003fffc0    00000002     DSECT
                  003fffc0    00000002     rts2800_fpu32.lib : boot.obj (.reset)


GLOBAL DATA SYMBOLS: SORTED BY DATA PAGE

address     data page           name
--------    ----------------    ----
00000400      10 (00000400)     __stack

00000b00      2c (00000b00)     _AdcaResultRegs
00000b20      2c (00000b00)     _AdcbResultRegs

00000b40      2d (00000b40)     _AdccResultRegs
00000b60      2d (00000b40)     _AdcdResultRegs

00000c00      30 (00000c00)     _CpuTimer0Regs
00000c08      30 (00000c00)     _CpuTimer1Regs
00000c10      30 (00000c00)     _CpuTimer2Regs

00000ce0      33 (00000cc0)     _Cla1SoftIntRegs
00000ce0      33 (00000cc0)     _PieCtrlRegs

00000d00      34 (00000d00)     _EmuKey
00000d00      34 (00000d00)     _PieVectTable
00000d01      34 (00000d00)     _EmuBMode

00001000      40 (00001000)     _DmaRegs

00001400      50 (00001400)     _Cla1Regs

00004000     100 (00004000)     _EPwm1Regs

00004100     104 (00004100)     _EPwm2Regs

00004200     108 (00004200)     _EPwm3Regs

00004300     10c (00004300)     _EPwm4Regs

00004400     110 (00004400)     _EPwm5Regs

00004500     114 (00004500)     _EPwm6Regs

00004600     118 (00004600)     _EPwm7Regs

00004700     11c (00004700)     _EPwm8Regs

00004800     120 (00004800)     _EPwm9Regs

00004900     124 (00004900)     _EPwm10Regs

00004a00     128 (00004a00)     _EPwm11Regs

00004b00     12c (00004b00)     _EPwm12Regs

00005000     140 (00005000)     _ECap1Regs
00005020     140 (00005000)     _ECap2Regs

00005040     141 (00005040)     _ECap3Regs
00005060     141 (00005040)     _ECap4Regs

00005080     142 (00005080)     _ECap5Regs
000050a0     142 (00005080)     _ECap6Regs

00005100     144 (00005100)     _EQep1Regs

00005140     145 (00005140)     _EQep2Regs

00005180     146 (00005180)     _EQep3Regs

00005c00     170 (00005c00)     _DacaRegs
00005c10     170 (00005c00)     _DacbRegs
00005c20     170 (00005c00)     _DaccRegs

00005c80     172 (00005c80)     _Cmpss1Regs
00005ca0     172 (00005c80)     _Cmpss2Regs

00005cc0     173 (00005cc0)     _Cmpss3Regs
00005ce0     173 (00005cc0)     _Cmpss4Regs

00005d00     174 (00005d00)     _Cmpss5Regs
00005d20     174 (00005d00)     _Cmpss6Regs

00005d40     175 (00005d40)     _Cmpss7Regs
00005d60     175 (00005d40)     _Cmpss8Regs

00005e00     178 (00005e00)     _Sdfm1Regs

00005e80     17a (00005e80)     _Sdfm2Regs

00006000     180 (00006000)     _McbspaRegs

00006040     181 (00006040)     _McbspbRegs

00006100     184 (00006100)     _SpiaRegs
00006110     184 (00006100)     _SpibRegs
00006120     184 (00006100)     _SpicRegs

00006200     188 (00006200)     _UppRegs

00007000     1c0 (00007000)     _WdRegs

00007060     1c1 (00007040)     _NmiIntruptRegs
00007070     1c1 (00007040)     _XintRegs

00007200     1c8 (00007200)     _SciaRegs
00007210     1c8 (00007200)     _ScibRegs
00007220     1c8 (00007200)     _ScicRegs
00007230     1c8 (00007200)     _ScidRegs

00007300     1cc (00007300)     _I2caRegs

00007340     1cd (00007340)     _I2cbRegs

00007400     1d0 (00007400)     _AdcaRegs

00007480     1d2 (00007480)     _AdcbRegs

00007500     1d4 (00007500)     _AdccRegs

00007580     1d6 (00007580)     _AdcdRegs

00007900     1e4 (00007900)     _InputXbarRegs
00007920     1e4 (00007900)     _XbarRegs

00007940     1e5 (00007940)     _SyncSocRegs

00007980     1e6 (00007980)     _DmaClaSrcSelRegs

00007a00     1e8 (00007a00)     _EPwmXbarRegs

00007a80     1ea (00007a80)     _OutputXbarRegs

00007c00     1f0 (00007c00)     _GpioCtrlRegs

00007f00     1fc (00007f00)     _GpioDataRegs

0000ac4c     2b1 (0000ac40)     _g_psCDCSerSections
0000ac52     2b1 (0000ac40)     _g_psCDCCompSerSections
0000ac5a     2b1 (0000ac40)     _g_pui8IADSerDescriptor
0000ac62     2b1 (0000ac40)     _g_pui8CDCSerDescriptor
0000ac6b     2b1 (0000ac40)     _g_pui8CDCSerDeviceDescriptor
0000ac7d     2b1 (0000ac40)     _deviceOpen
0000ac7e     2b1 (0000ac40)     __lock

0000ac80     2b2 (0000ac80)     _g_ppsDevInfo
0000ac84     2b2 (0000ac80)     _g_psDCDInst

0000ad00     2b4 (0000ad00)     _MCBSP
0000ad04     2b4 (0000ad00)     _I2C
0000ad08     2b4 (0000ad00)     _SCI
0000ad0c     2b4 (0000ad00)     _SDFM
0000ad12     2b4 (0000ad00)     _EQEP
0000ad1a     2b4 (0000ad00)     _SPI
0000ad22     2b4 (0000ad00)     _ECAP

0000ad40     2b5 (0000ad40)     _EPWM
0000ad5a     2b5 (0000ad40)     _g_sDFUConfigHeader
0000ad5e     2b5 (0000ad40)     _g_psDFUSections
0000ad64     2b5 (0000ad40)     _g_pui8DFUInterface
0000ad6d     2b5 (0000ad40)     _g_pui8DFUFunctionalDesc
0000ad76     2b5 (0000ad40)     _g_pui8DFUConfigDescriptor

0000ad80     2b6 (0000ad80)     _IR_PWM50
0000ad81     2b6 (0000ad80)     _IR_state
0000ad82     2b6 (0000ad80)     _Sanyo_Pause
0000ad84     2b6 (0000ad80)     _Sanyo_Record
0000ad86     2b6 (0000ad80)     _Vizio_Power
0000ad88     2b6 (0000ad80)     _Sanyo_Stop
0000ad8a     2b6 (0000ad80)     _Sanyo_Rewind
0000ad8c     2b6 (0000ad80)     _Sanyo_Source
0000ad8e     2b6 (0000ad80)     _Sanyo_Forward
0000ad90     2b6 (0000ad80)     _Sanyo_Play
0000ad92     2b6 (0000ad80)     _Vizio_Sleep
0000ad94     2b6 (0000ad80)     _Idylis_Mode
0000ad96     2b6 (0000ad80)     _Idylis_FanSpeed
0000ad98     2b6 (0000ad80)     _Idylis_Minus
0000ad9a     2b6 (0000ad80)     _Idylis_Plus
0000ad9c     2b6 (0000ad80)     _Vizio_Volume_Up
0000ad9e     2b6 (0000ad80)     _Vizio_Menu
0000ada0     2b6 (0000ad80)     _Idylis_Power
0000ada2     2b6 (0000ad80)     _Vizio_Volume_Down
0000ada4     2b6 (0000ad80)     _Idylis_Timer
0000ada6     2b6 (0000ad80)     _Sanyo_Channel_Down
0000ada8     2b6 (0000ad80)     _Sanyo_Channel_Up
0000adaa     2b6 (0000ad80)     _Sanyo_Back
0000adac     2b6 (0000ad80)     _Sanyo_Mute
0000adae     2b6 (0000ad80)     _Sanyo_1
0000adb0     2b6 (0000ad80)     _Sanyo_Sleep
0000adb2     2b6 (0000ad80)     _Sanyo_Power
0000adb4     2b6 (0000ad80)     _Sanyo_Volume_Up
0000adb6     2b6 (0000ad80)     _Sanyo_Menu
0000adb8     2b6 (0000ad80)     _Sanyo_Volume_Down
0000adba     2b6 (0000ad80)     _Sanyo_8
0000adbc     2b6 (0000ad80)     _Sanyo_7
0000adbe     2b6 (0000ad80)     _Sanyo_0

0000adc0     2b7 (0000adc0)     _Sanyo_9
0000adc2     2b7 (0000adc0)     _Sanyo_Enter
0000adc4     2b7 (0000adc0)     _Sanyo_3
0000adc6     2b7 (0000adc0)     _Sanyo_2
0000adc8     2b7 (0000adc0)     _Sanyo_5
0000adca     2b7 (0000adc0)     _Sanyo_4
0000adcc     2b7 (0000adc0)     _Sanyo_6
0000adce     2b7 (0000adc0)     _g_pui8IADAudioDescriptor
0000add6     2b7 (0000adc0)     _g_psAudioSections
0000adfa     2b7 (0000adc0)     _tempSensor_tempOffset
0000adfc     2b7 (0000adc0)     _tempSensor_tempSlope
0000adfe     2b7 (0000adc0)     _tempSensor_scaleFactor

0000ae3e     2b8 (0000ae00)     __unlock

0000aea4     2ba (0000ae80)     _CpuTimer1
0000aeac     2ba (0000ae80)     _CpuTimer2
0000aeb4     2ba (0000ae80)     _CpuTimer0
0000aebc     2ba (0000ae80)     ___TI_cleanup_ptr
0000aebe     2ba (0000ae80)     ___TI_dtors_ptr

0000aec0     2bb (0000aec0)     _g_sHIDConfigHeader
0000aec4     2bb (0000aec0)     _g_sHIDDescriptorSection
0000aec8     2bb (0000aec0)     _g_psHIDSections
0000aed0     2bb (0000aec0)     _g_pui8HIDInterface
0000aed9     2bb (0000aec0)     _g_pui8MouseDescriptor
0000aee2     2bb (0000aec0)     _g_bUSBTimerInitialized
0000aee4     2bb (0000aec0)     _g_ui32CurrentUSBTick
0000aee6     2bb (0000aec0)     _g_ui32USBSOFCount
0000aee8     2bb (0000aec0)     _g_pfnTickHandlers
0000aef4     2bb (0000aec0)     _g_pvTickInstance

0000af00     2bc (0000af00)     _g_psBulkSections
0000af04     2bc (0000af00)     _g_pui8BulkDescriptor
0000af0d     2bc (0000af00)     _g_pui8BulkDeviceDescriptor
0000af1f     2bc (0000af00)     _TX1_Buffer_REMOVE_Place
0000af20     2bc (0000af00)     _RX1_Buffer_Place
0000af21     2bc (0000af00)     _TX1_Buffer_ADD_Place
0000af22     2bc (0000af00)     _RX1_Buffer
0000af2c     2bc (0000af00)     _TX1_Buffer
0000af37     2bc (0000af00)     _g_iUSBMode
0000af38     2bc (0000af00)     _g_eOTGModeState
0000af3c     2bc (0000af00)     _g_ui32PollRate
0000af3e     2bc (0000af00)     _g_ui32WaitTicks

0000af40     2bd (0000af40)     _g_ppCompConfigDescriptors
0000af66     2bd (0000af40)     _g_pui8HIDDeviceDescriptor

00047000    11c0 (00047000)     _Emif1Regs

00047800    11e0 (00047800)     _Emif2Regs

00050024    1400 (00050000)     _FlashPumpSemaphoreRegs

0005d000    1740 (0005d000)     _DevCfgRegs

0005d180    1746 (0005d180)     _AnalogSubsysRegs

0005d200    1748 (0005d200)     _ClkCfgRegs

0005d300    174c (0005d300)     _CpuSysRegs

0005e608    1798 (0005e600)     _RomPrefetchRegs

0005f000    17c0 (0005f000)     _DcsmZ1Regs

0005f040    17c1 (0005f040)     _DcsmZ2Regs
0005f070    17c1 (0005f040)     _DcsmCommonRegs

0005f400    17d0 (0005f400)     _MemCfgRegs

0005f480    17d2 (0005f480)     _Emif1ConfigRegs
0005f4a0    17d2 (0005f480)     _Emif2ConfigRegs

0005f4c0    17d3 (0005f4c0)     _AccessProtectionRegs

0005f500    17d4 (0005f500)     _MemoryErrorRegs

0005f540    17d5 (0005f540)     _RomWaitStateRegs

0005f800    17e0 (0005f800)     _Flash0CtrlRegs

0005fb00    17ec (0005fb00)     _Flash0EccRegs

0005fc00    17f0 (0005fc00)     _Flash1CtrlRegs

0005ff00    17fc (0005ff00)     _Flash1EccRegs

00078000    1e00 (00078000)     _DcsmZ1Otp

00078200    1e08 (00078200)     _DcsmZ2Otp

00090000    2400 (00090000)     _g_pui8KeyBoardMap

00090200    2408 (00090200)     _PieVectTableInit

000903c0    240f (000903c0)     _g_sUSKeyboardMap

000904c4    2413 (000904c0)     _g_pui8AudioControlInterface
000904f8    2413 (000904c0)     _g_pui8AudioStreamInterface

0009052c    2414 (00090500)     _g_sCDCSerDataInterfaceSection
00090530    2414 (00090500)     _g_sCDCSerCommInterfaceSection
00090534    2414 (00090500)     _g_sCDCCompSerConfigHeader
00090538    2414 (00090500)     _g_sCDCSerConfigHeader
0009053c    2414 (00090500)     _g_sIADSerConfigSection

00090540    2415 (00090540)     _g_sCDCSerConfigSection
00090544    2415 (00090540)     _g_sCDCHandlers
0009055c    2415 (00090540)     _g_sAudioStreamInterfaceSection
00090560    2415 (00090540)     _g_sAudioControlInterfaceSection
00090564    2415 (00090540)     _g_sAudioConfigSection
00090568    2415 (00090540)     _g_sAudioConfigHeader
0009056c    2415 (00090540)     _g_sIADAudioConfigSection

00090588    2416 (00090580)     _g_sBulkConfigSection
0009058c    2416 (00090580)     _g_sBulkInterfaceSection
00090590    2416 (00090580)     _g_sBulkConfigHeader
00090594    2416 (00090580)     _g_sBulkHandlers
000905ac    2416 (00090580)     _g_sDFUFunctionalDescSection
000905b0    2416 (00090580)     _g_sDFUConfigSection
000905b4    2416 (00090580)     _g_sDFUInterfaceSection

000905d0    2417 (000905c0)     _g_pui8CDCSerCommInterface

00090662    2419 (00090640)     _g_sCompHandlers
0009067a    2419 (00090640)     _g_sHIDHandlers

00090692    241a (00090680)     _g_pui8BulkInterface
000906a9    241a (00090680)     _g_pui8CDCSerDataInterface

000906c0    241b (000906c0)     _g_sHIDConfigSection
000906c4    241b (000906c0)     _g_sHIDInterfaceSection
000906c8    241b (000906c0)     _g_sHIDInEndpointSection
000906d5    241b (000906c0)     _g_pui8DFUDeviceDescriptor
000906fe    241b (000906c0)     _g_sUSBHostAudioClassDriver

00090706    241c (00090700)     _g_sUSBHIDClassDriver
0009070e    241c (00090700)     _g_sUSBHubClassDriver
00090716    241c (00090700)     _g_sUSBHostMSCClassDriver
00090725    241c (00090700)     _g_pui8HIDInEndpoint
00090734    241c (00090700)     _g_pCDCCompSerConfigDescriptors
00090736    241c (00090700)     _g_ppAudioConfigDescriptors
00090738    241c (00090700)     _g_ppBulkConfigDescriptors
0009073a    241c (00090700)     _g_ppCDCSerConfigDescriptors
0009073c    241c (00090700)     _g_ppsDFUConfigDescriptors


GLOBAL SYMBOLS: SORTED ALPHABETICALLY BY Name 

page  address   name                                  
----  -------   ----                                  
abs   ffffffff  .text                                 
0     00088b7a  C$$EXIT                               
0     0008883a  FD$$ADD                               
0     00088966  FD$$DIV                               
0     00088a79  FD$$MPY                               
0     00088bbb  FD$$SUB                               
0     00088b42  FD$$TOL                               
0     00088b93  UL$$TOFD                              
0     000860c6  _ADCA1_ISR                            
0     00086346  _ADCA2_ISR                            
0     00086350  _ADCA3_ISR                            
0     0008635a  _ADCA4_ISR                            
0     0008633c  _ADCA_EVT_ISR                         
0     000860d0  _ADCB1_ISR                            
0     0008636e  _ADCB2_ISR                            
0     00086378  _ADCB3_ISR                            
0     00086382  _ADCB4_ISR                            
0     00086364  _ADCB_EVT_ISR                         
0     000860da  _ADCC1_ISR                            
0     000864d6  _ADCC2_ISR                            
0     000864e0  _ADCC3_ISR                            
0     000864ea  _ADCC4_ISR                            
0     000864cc  _ADCC_EVT_ISR                         
0     000860f8  _ADCD1_ISR                            
0     000864fe  _ADCD2_ISR                            
0     00086508  _ADCD3_ISR                            
0     00086512  _ADCD4_ISR                            
0     000864f4  _ADCD_EVT_ISR                         
0     0008654e  _AUX_PLL_SLIP_ISR                     
1     0005f4c0  _AccessProtectionRegs                 
1     00007400  _AdcaRegs                             
1     00000b00  _AdcaResultRegs                       
1     00007480  _AdcbRegs                             
1     00000b20  _AdcbResultRegs                       
1     00007500  _AdccRegs                             
1     00000b40  _AdccResultRegs                       
1     00007580  _AdcdRegs                             
1     00000b60  _AdcdResultRegs                       
1     0005d180  _AnalogSubsysRegs                     
0     00083d2d  _BuildCompositeDescriptor             
0     00086314  _CANA0_ISR                            
0     0008631e  _CANA1_ISR                            
0     00086328  _CANB0_ISR                            
0     00086332  _CANB1_ISR                            
0     0008638c  _CLA1_1_ISR                           
0     00086396  _CLA1_2_ISR                           
0     000863a0  _CLA1_3_ISR                           
0     000863aa  _CLA1_4_ISR                           
0     000863b4  _CLA1_5_ISR                           
0     000863be  _CLA1_6_ISR                           
0     000863c8  _CLA1_7_ISR                           
0     000863d2  _CLA1_8_ISR                           
0     00086558  _CLA_OVERFLOW_ISR                     
0     00086562  _CLA_UNDERFLOW_ISR                    
1     00001400  _Cla1Regs                             
0     00000ce0  _Cla1SoftIntRegs                      
1     0005d200  _ClkCfgRegs                           
1     00005c80  _Cmpss1Regs                           
1     00005ca0  _Cmpss2Regs                           
1     00005cc0  _Cmpss3Regs                           
1     00005ce0  _Cmpss4Regs                           
1     00005d00  _Cmpss5Regs                           
1     00005d20  _Cmpss6Regs                           
1     00005d40  _Cmpss7Regs                           
1     00005d60  _Cmpss8Regs                           
0     00082398  _ConfigDescAlloc                      
0     000823e6  _ConfigDescFree                       
1     0005d300  _CpuSysRegs                           
1     0000aeb4  _CpuTimer0                            
1     00000c00  _CpuTimer0Regs                        
1     0000aea4  _CpuTimer1                            
1     00000c08  _CpuTimer1Regs                        
1     0000aeac  _CpuTimer2                            
1     00000c10  _CpuTimer2Regs                        
0     0008601c  _DATALOG_ISR                          
0     00086260  _DMA_CH1_ISR                          
0     0008626a  _DMA_CH2_ISR                          
0     00086274  _DMA_CH3_ISR                          
0     0008627e  _DMA_CH4_ISR                          
0     00086288  _DMA_CH5_ISR                          
0     00086292  _DMA_CH6_ISR                          
1     00005c00  _DacaRegs                             
1     00005c10  _DacbRegs                             
1     00005c20  _DaccRegs                             
1     0005f070  _DcsmCommonRegs                       
1     00078000  _DcsmZ1Otp                            
1     0005f000  _DcsmZ1Regs                           
1     00078200  _DcsmZ2Otp                            
1     0005f040  _DcsmZ2Regs                           
1     0005d000  _DevCfgRegs                           
1     00007980  _DmaClaSrcSelRegs                     
1     00001000  _DmaRegs                              
1     0000ad22  _ECAP                                 
0     000861b6  _ECAP1_ISR                            
0     000861c0  _ECAP2_ISR                            
0     000861ca  _ECAP3_ISR                            
0     000861d4  _ECAP4_ISR                            
0     000861de  _ECAP5_ISR                            
0     000861e8  _ECAP6_ISR                            
1     00005000  _ECap1Regs                            
1     00005020  _ECap2Regs                            
1     00005040  _ECap3Regs                            
1     00005060  _ECap4Regs                            
1     00005080  _ECap5Regs                            
1     000050a0  _ECap6Regs                            
0     0008651c  _EMIF_ERROR_ISR                       
0     00086576  _EMPTY_ISR                            
0     00086030  _EMU_ISR                              
1     0000ad40  _EPWM                                 
0     00086472  _EPWM10_ISR                           
0     0008644a  _EPWM10_TZ_ISR                        
0     0008647c  _EPWM11_ISR                           
0     00086454  _EPWM11_TZ_ISR                        
0     00086486  _EPWM12_ISR                           
0     0008645e  _EPWM12_TZ_ISR                        
0     00086166  _EPWM1_ISR                            
0     00086116  _EPWM1_TZ_ISR                         
0     00086170  _EPWM2_ISR                            
0     00086120  _EPWM2_TZ_ISR                         
0     0008617a  _EPWM3_ISR                            
0     0008612a  _EPWM3_TZ_ISR                         
0     00086184  _EPWM4_ISR                            
0     00086134  _EPWM4_TZ_ISR                         
0     0008618e  _EPWM5_ISR                            
0     0008613e  _EPWM5_TZ_ISR                         
0     00086198  _EPWM6_ISR                            
0     00086148  _EPWM6_TZ_ISR                         
0     000861a2  _EPWM7_ISR                            
0     00086152  _EPWM7_TZ_ISR                         
0     000861ac  _EPWM8_ISR                            
0     0008615c  _EPWM8_TZ_ISR                         
0     00086468  _EPWM9_ISR                            
0     00086440  _EPWM9_TZ_ISR                         
1     00004900  _EPwm10Regs                           
1     00004a00  _EPwm11Regs                           
1     00004b00  _EPwm12Regs                           
1     00004000  _EPwm1Regs                            
1     00004100  _EPwm2Regs                            
1     00004200  _EPwm3Regs                            
1     00004300  _EPwm4Regs                            
1     00004400  _EPwm5Regs                            
1     00004500  _EPwm6Regs                            
1     00004600  _EPwm7Regs                            
1     00004700  _EPwm8Regs                            
1     00004800  _EPwm9Regs                            
1     00007a00  _EPwmXbarRegs                         
1     0000ad12  _EQEP                                 
0     000861f2  _EQEP1_ISR                            
0     000861fc  _EQEP2_ISR                            
0     00086206  _EQEP3_ISR                            
1     00005100  _EQep1Regs                            
1     00005140  _EQep2Regs                            
1     00005180  _EQep3Regs                            
1     0005f480  _Emif1ConfigRegs                      
1     00047000  _Emif1Regs                            
1     0005f4a0  _Emif2ConfigRegs                      
1     00047800  _Emif2Regs                            
1     00000d01  _EmuBMode                             
1     00000d00  _EmuKey                               
0     00008000  _F28x_usDelay                         
0     00086530  _FLASH_CORRECTABLE_ERROR_ISR          
0     00086404  _FPU_OVERFLOW_ISR                     
0     0008640e  _FPU_UNDERFLOW_ISR                    
1     0005f800  _Flash0CtrlRegs                       
1     0005fb00  _Flash0EccRegs                        
1     0005fc00  _Flash1CtrlRegs                       
1     0005ff00  _Flash1EccRegs                        
1     00050024  _FlashPumpSemaphoreRegs               
1     00007c00  _GpioCtrlRegs                         
1     00007f00  _GpioDataRegs                         
1     0000ad04  _I2C                                  
0     000862a6  _I2CA_FIFO_ISR                        
0     0008629c  _I2CA_ISR                             
0     000862ba  _I2CB_FIFO_ISR                        
0     000862b0  _I2CB_ISR                             
1     00007300  _I2caRegs                             
1     00007340  _I2cbRegs                             
0     00086044  _ILLEGAL_ISR                          
0     00086418  _IPC0_ISR                             
0     00086422  _IPC1_ISR                             
0     0008642c  _IPC2_ISR                             
0     00086436  _IPC3_ISR                             
1     0000ad80  _IR_PWM50                             
1     0000ad81  _IR_state                             
1     0000ad96  _Idylis_FanSpeed                      
1     0000ad98  _Idylis_Minus                         
1     0000ad94  _Idylis_Mode                          
1     0000ad9a  _Idylis_Plus                          
1     0000ada0  _Idylis_Power                         
1     0000ada4  _Idylis_Timer                         
1     00007900  _InputXbarRegs                        
0     00083fef  _IntDefaultHandler                    
0     0008850a  _IntDisable                           
0     00088472  _IntEnable                            
0     0008858f  _IntIFRClear                          
0     00088442  _IntMasterDisable                     
0     0008843a  _IntMasterEnable                      
0     0008844a  _IntRegister                          
0     0008845d  _IntUnregister                        
0     000834a0  _InternalUSBHCDSendEvent              
0     00088a1c  _InternalUSBRegisterTickHandler       
0     00088a4c  _InternalUSBStartOfFrameTick          
0     000889f1  _InternalUSBTickInit                  
0     00088a18  _InternalUSBTickReset                 
1     0000ad00  _MCBSP                                
0     00086238  _MCBSPA_RX_ISR                        
0     00086242  _MCBSPA_TX_ISR                        
0     0008624c  _MCBSPB_RX_ISR                        
0     00086256  _MCBSPB_TX_ISR                        
1     00006000  _McbspaRegs                           
1     00006040  _McbspbRegs                           
1     0005f400  _MemCfgRegs                           
1     0005f500  _MemoryErrorRegs                      
0     0008603a  _NMI_ISR                              
0     00086583  _NOTUSED_ISR                          
1     00007060  _NmiIntruptRegs                       
0     00087c72  _OTGDeviceDisconnect                  
1     00007a80  _OutputXbarRegs                       
0     0008656c  _PIE_RESERVED_ISR                     
1     00000ce0  _PieCtrlRegs                          
1     00000d00  _PieVectTable                         
0     00090200  _PieVectTableInit                     
0     00085918  _ProcessDataFromHost                  
0     000859a5  _ProcessDataToHost                    
0     00085976  _ProcessNotificationToHost            
0     0008653a  _RAM_ACCESS_VIOLATION_ISR             
0     00086526  _RAM_CORRECTABLE_ERROR_ISR            
0     00086026  _RTOS_ISR                             
1     0000af22  _RX1_Buffer                           
1     0000af20  _RX1_Buffer_Place                     
0     00086008  _RamfuncsLoadEnd                      
abs   00000008  _RamfuncsLoadSize                     
0     00086000  _RamfuncsLoadStart                    
0     00008008  _RamfuncsRunEnd                       
abs   00000008  _RamfuncsRunSize                      
0     00008000  _RamfuncsRunStart                     
1     0005e608  _RomPrefetchRegs                      
1     0005f540  _RomWaitStateRegs                     
1     0000ad08  _SCI                                  
0     000862ec  _SCIA_RX_ISR                          
0     000862f6  _SCIA_TX_ISR                          
0     00086300  _SCIB_RX_ISR                          
0     0008630a  _SCIB_TX_ISR                          
0     000862c4  _SCIC_RX_ISR                          
0     000862ce  _SCIC_TX_ISR                          
0     000862d8  _SCID_RX_ISR                          
0     000862e2  _SCID_TX_ISR                          
0     00086490  _SD1_ISR                              
0     0008649a  _SD2_ISR                              
1     0000ad0c  _SDFM                                 
1     0000ad1a  _SPI                                  
0     00086210  _SPIA_RX_ISR                          
0     0008621a  _SPIA_TX_ISR                          
0     00086224  _SPIB_RX_ISR                          
0     0008622e  _SPIB_TX_ISR                          
0     000864a4  _SPIC_RX_ISR                          
0     000864ae  _SPIC_TX_ISR                          
0     00086544  _SYS_PLL_SLIP_ISR                     
1     0000adbe  _Sanyo_0                              
1     0000adae  _Sanyo_1                              
1     0000adc6  _Sanyo_2                              
1     0000adc4  _Sanyo_3                              
1     0000adca  _Sanyo_4                              
1     0000adc8  _Sanyo_5                              
1     0000adcc  _Sanyo_6                              
1     0000adbc  _Sanyo_7                              
1     0000adba  _Sanyo_8                              
1     0000adc0  _Sanyo_9                              
1     0000adaa  _Sanyo_Back                           
1     0000ada6  _Sanyo_Channel_Down                   
1     0000ada8  _Sanyo_Channel_Up                     
1     0000adc2  _Sanyo_Enter                          
1     0000ad8e  _Sanyo_Forward                        
1     0000adb6  _Sanyo_Menu                           
1     0000adac  _Sanyo_Mute                           
1     0000ad82  _Sanyo_Pause                          
1     0000ad90  _Sanyo_Play                           
1     0000adb2  _Sanyo_Power                          
1     0000ad84  _Sanyo_Record                         
1     0000ad8a  _Sanyo_Rewind                         
1     0000adb0  _Sanyo_Sleep                          
1     0000ad8c  _Sanyo_Source                         
1     0000ad88  _Sanyo_Stop                           
1     0000adb8  _Sanyo_Volume_Down                    
1     0000adb4  _Sanyo_Volume_Up                      
1     00007200  _SciaRegs                             
1     00007210  _ScibRegs                             
1     00007220  _ScicRegs                             
1     00007230  _ScidRegs                             
1     00005e00  _Sdfm1Regs                            
1     00005e80  _Sdfm2Regs                            
0     00083ffd  _SetDBGIER                            
1     00006100  _SpiaRegs                             
1     00006110  _SpibRegs                             
1     00006120  _SpicRegs                             
1     00007940  _SyncSocRegs                          
0     000879e0  _SysCtlAuxClockSet                    
0     000878cc  _SysCtlClockGet                       
0     0008792e  _SysCtlClockSet                       
0     00008004  _SysCtlDelay                          
0     00087917  _SysCtlLowSpeedClockGet               
0     000878a5  _SysCtlPeripheralDisable              
0     00087889  _SysCtlPeripheralEnable               
0     00087801  _SysCtlPeripheralPresent              
0     00087822  _SysCtlPeripheralReady                
0     0008785b  _SysCtlPeripheralReset                
0     000878c2  _SysCtlReset                          
0     00087a73  _SysCtlUSBPLLDisable                  
0     00087a72  _SysCtlUSBPLLEnable                   
0     00083fae  _SysTickDisable                       
0     00083fa7  _SysTickEnable                        
0     00083f9b  _SysTickInit                          
0     00083fd6  _SysTickIntDisable                    
0     00083fcc  _SysTickIntEnable                     
0     00083fb3  _SysTickIntRegister                   
0     00083fc1  _SysTickIntUnregister                 
0     00083fe7  _SysTickPeriodGet                     
0     00083fe0  _SysTickPeriodSet                     
0     00083feb  _SysTickValueGet                      
0     00086102  _TIMER0_ISR                           
0     00086008  _TIMER1_ISR                           
0     00086012  _TIMER2_ISR                           
1     0000af2c  _TX1_Buffer                           
1     0000af21  _TX1_Buffer_ADD_Place                 
1     0000af1f  _TX1_Buffer_REMOVE_Place              
0     000864b8  _UPPA_ISR                             
0     00088ba9  _USB0DeviceIntHandler                 
0     00087ac4  _USB0DualModeIntHandler               
0     00083425  _USB0HostIntHandler                   
0     00087bf3  _USB0OTGModeIntHandler                
0     000864c2  _USBA_ISR                             
0     000869a4  _USBAudioBufferOut                    
0     000867d3  _USBDAudioCompositeInit               
0     0008674d  _USBDAudioInit                        
0     0008684f  _USBDAudioTerm                        
0     00087396  _USBDBulkCompositeInit                
0     0008734f  _USBDBulkInit                         
0     0008746a  _USBDBulkPacketRead                   
0     00087424  _USBDBulkPacketWrite                  
0     000874ee  _USBDBulkPowerStatusSet               
0     000874f7  _USBDBulkRemoteWakeupRequest          
0     000874cf  _USBDBulkRxPacketAvailable            
0     0008740a  _USBDBulkSetRxCBData                  
0     00087414  _USBDBulkSetTxCBData                  
0     000873fd  _USBDBulkTerm                         
0     000874bf  _USBDBulkTxPacketAvailable            
0     00085cd7  _USBDCDCCompositeInit                 
0     00085d6f  _USBDCDCInit                          
0     00085e45  _USBDCDCPacketRead                    
0     00085dff  _USBDCDCPacketWrite                   
0     00085f16  _USBDCDCPowerStatusSet                
0     00085f1f  _USBDCDCRemoteWakeupRequest           
0     00085ebd  _USBDCDCRxPacketAvailable             
0     00085ee8  _USBDCDCSerialStateChange             
0     00085dcf  _USBDCDCSetControlCBData              
0     00085ddb  _USBDCDCSetRxCBData                   
0     00085ded  _USBDCDCSetTxCBData                   
0     00085dc2  _USBDCDCTerm                          
0     00085ead  _USBDCDCTxPacketAvailable             
0     000886b2  _USBDCDConfigDescGet                  
0     0008868c  _USBDCDConfigDescGetNum               
0     00088672  _USBDCDConfigDescGetSize              
0     0008871d  _USBDCDConfigGetInterface             
0     00088736  _USBDCDConfigGetInterfaceEndpoint     
0     000886f8  _USBDCDConfigGetNumAlternateInterfaces
0     00084000  _USBDCDDeviceInfoInit                 
0     00084012  _USBDCDInit                           
0     000840ff  _USBDCDPowerStatusSet                 
0     0008410c  _USBDCDRemoteWakeupRequest            
0     000840c9  _USBDCDRequestDataEP0                 
0     000840d7  _USBDCDSendDataEP0                    
0     000840e6  _USBDCDSetDefaultConfiguration        
0     000840ee  _USBDCDStallEP0                       
0     00084094  _USBDCDTerm                           
0     00083eca  _USBDCompositeInit                    
0     00083f97  _USBDCompositeTerm                    
0     00087f80  _USBDDFUCompositeInit                 
0     00087fba  _USBDDFUCompositeTerm                 
0     00087fc7  _USBDDFUUpdateBegin                   
0     00085623  _USBDHIDCompositeInit                 
0     000855ec  _USBDHIDInit                          
0     00085762  _USBDHIDPacketRead                    
0     000857e6  _USBDHIDPowerStatusSet                
0     000857ef  _USBDHIDRemoteWakeupRequest           
0     0008571f  _USBDHIDReportWrite                   
0     000857c7  _USBDHIDRxPacketAvailable             
0     000856ff  _USBDHIDSetRxCBData                   
0     0008570f  _USBDHIDSetTxCBData                   
0     000856f2  _USBDHIDTerm                          
0     000857b7  _USBDHIDTxPacketAvailable             
0     00088790  _USBDescGet                           
0     0008880d  _USBDescGetInterface                  
0     00088827  _USBDescGetInterfaceEndpoint          
0     00088768  _USBDescGetNum                        
0     000887bd  _USBDescGetNumAlternateInterfaces     
0     00084b45  _USBDevAddrGet                        
0     00084b3e  _USBDevAddrSet                        
0     00084b29  _USBDevConnect                        
0     00084b33  _USBDevDisconnect                     
0     00084c4e  _USBDevEndpointConfigGet              
0     00084bed  _USBDevEndpointConfigSet              
0     00084e00  _USBDevEndpointDataAck                
0     00084acc  _USBDevEndpointStall                  
0     00084af1  _USBDevEndpointStallClear             
0     00084a22  _USBDevEndpointStatusClear            
0     00085029  _USBDevMode                           
0     00088284  _USBDeviceConfig                      
0     000883cd  _USBDeviceConfigAlternate             
0     00084190  _USBDeviceEnumHandler                 
0     00084251  _USBDeviceEnumResetHandler            
0     000847c5  _USBDeviceIntHandlerInternal          
0     00084122  _USBDeviceResumeTickHandler           
0     00087aff  _USBDualModeInit                      
0     00087b42  _USBDualModeTerm                      
0     00084ff4  _USBEndpointDMAChannel                
0     00084d2f  _USBEndpointDMAConfigSet              
0     00084d89  _USBEndpointDMADisable                
0     00084d71  _USBEndpointDMAEnable                 
0     00084da3  _USBEndpointDataAvail                 
0     00084dbf  _USBEndpointDataGet                   
0     00084e39  _USBEndpointDataPut                   
0     00084e63  _USBEndpointDataSend                  
0     00084ab4  _USBEndpointDataToggleClear           
0     00085054  _USBEndpointPacketCountSet            
0     000849e7  _USBEndpointStatus                    
0     00084fe0  _USBFIFOAddrGet                       
0     00084cef  _USBFIFOConfigGet                     
0     00084cb1  _USBFIFOConfigSet                     
0     00084e92  _USBFIFOFlush                         
0     00084fc3  _USBFrameNumberGet                    
0     00083714  _USBHCDControlTransfer                
0     00083912  _USBHCDDevAddress                     
0     00083926  _USBHCDDevClass                       
0     000838fe  _USBHCDDevHubPort                     
0     00083970  _USBHCDDevProtocol                    
0     0008394b  _USBHCDDevSubClass                    
0     0008246c  _USBHCDEventDisable                   
0     00082457  _USBHCDEventEnable                    
0     000837a6  _USBHCDHubDeviceConnected             
0     000837fe  _USBHCDHubDeviceDisconnected          
0     00082d75  _USBHCDInit                           
0     0008354d  _USBHCDMain                           
0     00082735  _USBHCDPipeAlloc                      
0     00082541  _USBHCDPipeAllocSize                  
0     00082744  _USBHCDPipeConfig                     
0     000829ed  _USBHCDPipeDataAck                    
0     00082b22  _USBHCDPipeFree                       
0     00082a0a  _USBHCDPipeRead                       
0     000829c2  _USBHCDPipeReadNonBlocking            
0     0008291b  _USBHCDPipeSchedule                   
0     00082814  _USBHCDPipeStatus                     
0     00082819  _USBHCDPipeWrite                      
0     00082d6a  _USBHCDPowerAutomatic                 
0     00082d39  _USBHCDPowerConfigGet                 
0     00082d31  _USBHCDPowerConfigInit                
0     00082d40  _USBHCDPowerConfigSet                 
0     00082dcb  _USBHCDRegisterDrivers                
0     00082e38  _USBHCDReset                          
0     00082e67  _USBHCDResume                         
0     00082f27  _USBHCDSetAddress                     
0     00082fd0  _USBHCDSetConfig                      
0     00082ff4  _USBHCDSetInterface                   
0     00082e5e  _USBHCDSuspend                        
0     00082dd6  _USBHCDTerm                           
0     0008803d  _USBHHIDClose                         
0     000881e9  _USBHHIDGetReport                     
0     00088194  _USBHHIDGetReportDescriptor           
0     00088000  _USBHHIDOpen                          
0     00088167  _USBHHIDSetIdle                       
0     000881c1  _USBHHIDSetProtocol                   
0     000881f9  _USBHHIDSetReport                     
0     000871c7  _USBHHubClose                         
0     00087197  _USBHHubEnumerationComplete           
0     000871a8  _USBHHubEnumerationError              
0     000871d0  _USBHHubInit                          
0     000870aa  _USBHHubMain                          
0     000871b9  _USBHHubOpen                          
0     00087ebe  _USBHMSCBlockRead                     
0     00087ee9  _USBHMSCBlockWrite                    
0     00087eb5  _USBHMSCDriveClose                    
0     00087ea4  _USBHMSCDriveOpen                     
0     00087da7  _USBHMSCDriveReady                    
0     000875c3  _USBHSCSIInquiry                      
0     000876aa  _USBHSCSIModeSense6                   
0     0008779c  _USBHSCSIRead10                       
0     0008765f  _USBHSCSIReadCapacities               
0     00087612  _USBHSCSIReadCapacity                 
0     00087750  _USBHSCSIRequestSense                 
0     00087704  _USBHSCSITestUnitReady                
0     000877cf  _USBHSCSIWrite10                      
0     00084f19  _USBHostAddrGet                       
0     00084f01  _USBHostAddrSet                       
0     00086c49  _USBHostAudioClose                    
0     00086cf9  _USBHostAudioFormatGet                
0     00086d13  _USBHostAudioFormatSet                
0     00086c38  _USBHostAudioOpen                     
0     00086d53  _USBHostAudioPlay                     
0     00086d94  _USBHostAudioRecord                   
0     00086c8c  _USBHostAudioVolumeGet                
0     00086c99  _USBHostAudioVolumeMaxGet             
0     00086ca6  _USBHostAudioVolumeMinGet             
0     00086cb3  _USBHostAudioVolumeResGet             
0     00086cc0  _USBHostAudioVolumeSet                
0     00083020  _USBHostCheckPipes                    
0     00084b4d  _USBHostEndpointConfig                
0     00084e20  _USBHostEndpointDataAck               
0     00084a63  _USBHostEndpointDataToggle            
0     000849fc  _USBHostEndpointStatusClear           
0     00084f61  _USBHostHubAddrGet                    
0     00084f33  _USBHostHubAddrSet                    
0     000830ac  _USBHostIntHandlerInternal            
0     0008501e  _USBHostMode                          
0     00084f7b  _USBHostPwrConfig                     
0     00084fb8  _USBHostPwrDisable                    
0     00084fad  _USBHostPwrEnable                     
0     00084fa2  _USBHostPwrFaultDisable               
0     00084f97  _USBHostPwrFaultEnable                
0     00084ecc  _USBHostRequestIN                     
0     00084ee0  _USBHostRequestINClear                
0     00084ef6  _USBHostRequestStatus                 
0     000848ac  _USBHostReset                         
0     000848c1  _USBHostResume                        
0     000848d6  _USBHostSpeedGet                      
0     000848a2  _USBHostSuspend                       
0     000848ed  _USBIntDisableControl                 
0     00084998  _USBIntDisableEndpoint                
0     00084910  _USBIntEnableControl                  
0     000849aa  _USBIntEnableEndpoint                 
0     000849cd  _USBIntRegister                       
0     00084930  _USBIntStatus                         
0     00084973  _USBIntStatusControl                  
0     000849ba  _USBIntStatusEndpoint                 
0     000849db  _USBIntUnregister                     
0     00085fa1  _USBLibDMAInit                        
0     00084fe9  _USBModeGet                           
0     00085063  _USBNumEndpointsGet                   
0     00087c80  _USBOTGMain                           
0     00085034  _USBOTGMode                           
0     00087b77  _USBOTGModeInit                       
0     00087b5b  _USBOTGModeTerm                       
0     00087beb  _USBOTGPollRate                       
0     00084fcb  _USBOTGSessionRequest                 
0     0008503f  _USBPHYPowerOff                       
0     00085049  _USBPHYPowerOn                        
0     00087aae  _USBStackModeSet                      
0     000860a8  _USER10_ISR                           
0     000860b2  _USER11_ISR                           
0     000860bc  _USER12_ISR                           
0     0008604e  _USER1_ISR                            
0     00086058  _USER2_ISR                            
0     00086062  _USER3_ISR                            
0     0008606c  _USER4_ISR                            
0     00086076  _USER5_ISR                            
0     00086080  _USER6_ISR                            
0     0008608a  _USER7_ISR                            
0     00086094  _USER8_ISR                            
0     0008609e  _USER9_ISR                            
[...]
0     00086c99  _USBHostAudioVolumeMaxGet             
0     00086ca6  _USBHostAudioVolumeMinGet             
0     00086cb3  _USBHostAudioVolumeResGet             
0     00086cc0  _USBHostAudioVolumeSet                
0     00086cf9  _USBHostAudioFormatGet                
0     00086d13  _USBHostAudioFormatSet                
0     00086d53  _USBHostAudioPlay                     
0     00086d94  _USBHostAudioRecord                   
0     000870aa  _USBHHubMain                          
0     00087197  _USBHHubEnumerationComplete           
0     000871a8  _USBHHubEnumerationError              
0     000871b9  _USBHHubOpen                          
0     000871c7  _USBHHubClose                         
0     000871d0  _USBHHubInit                          
0     0008734f  _USBDBulkInit                         
0     00087396  _USBDBulkCompositeInit                
0     000873fd  _USBDBulkTerm                         
0     0008740a  _USBDBulkSetRxCBData                  
0     00087414  _USBDBulkSetTxCBData                  
0     00087424  _USBDBulkPacketWrite                  
0     0008746a  _USBDBulkPacketRead                   
0     000874bf  _USBDBulkTxPacketAvailable            
0     000874cf  _USBDBulkRxPacketAvailable            
0     000874ee  _USBDBulkPowerStatusSet               
0     000874f7  _USBDBulkRemoteWakeupRequest          
0     000875c3  _USBHSCSIInquiry                      
0     00087612  _USBHSCSIReadCapacity                 
0     0008765f  _USBHSCSIReadCapacities               
0     000876aa  _USBHSCSIModeSense6                   
0     00087704  _USBHSCSITestUnitReady                
0     00087750  _USBHSCSIRequestSense                 
0     0008779c  _USBHSCSIRead10                       
0     000877cf  _USBHSCSIWrite10                      
0     00087801  _SysCtlPeripheralPresent              
0     00087822  _SysCtlPeripheralReady                
0     0008785b  _SysCtlPeripheralReset                
0     00087889  _SysCtlPeripheralEnable               
0     000878a5  _SysCtlPeripheralDisable              
0     000878c2  _SysCtlReset                          
0     000878cc  _SysCtlClockGet                       
0     00087917  _SysCtlLowSpeedClockGet               
0     0008792e  _SysCtlClockSet                       
0     000879e0  _SysCtlAuxClockSet                    
0     00087a72  _SysCtlUSBPLLEnable                   
0     00087a73  _SysCtlUSBPLLDisable                  
0     00087aae  _USBStackModeSet                      
0     00087ac4  _USB0DualModeIntHandler               
0     00087aff  _USBDualModeInit                      
0     00087b42  _USBDualModeTerm                      
0     00087b5b  _USBOTGModeTerm                       
0     00087b77  _USBOTGModeInit                       
0     00087beb  _USBOTGPollRate                       
0     00087bf3  _USB0OTGModeIntHandler                
0     00087c72  _OTGDeviceDisconnect                  
0     00087c80  _USBOTGMain                           
0     00087da7  _USBHMSCDriveReady                    
0     00087ea4  _USBHMSCDriveOpen                     
0     00087eb5  _USBHMSCDriveClose                    
0     00087ebe  _USBHMSCBlockRead                     
0     00087ee9  _USBHMSCBlockWrite                    
0     00087f80  _USBDDFUCompositeInit                 
0     00087fba  _USBDDFUCompositeTerm                 
0     00087fc7  _USBDDFUUpdateBegin                   
0     00087ff5  __register_unlock                     
0     00087ff9  __register_lock                       
0     00087ffd  __nop                                 
0     00088000  _USBHHIDOpen                          
0     0008803d  _USBHHIDClose                         
0     00088167  _USBHHIDSetIdle                       
0     00088194  _USBHHIDGetReportDescriptor           
0     000881c1  _USBHHIDSetProtocol                   
0     000881e9  _USBHHIDGetReport                     
0     000881f9  _USBHHIDSetReport                     
0     00088284  _USBDeviceConfig                      
0     000883cd  _USBDeviceConfigAlternate             
0     0008843a  _IntMasterEnable                      
0     00088442  _IntMasterDisable                     
0     0008844a  _IntRegister                          
0     0008845d  _IntUnregister                        
0     00088472  _IntEnable                            
0     0008850a  _IntDisable                           
0     0008858f  _IntIFRClear                          
0     00088672  _USBDCDConfigDescGetSize              
0     0008868c  _USBDCDConfigDescGetNum               
0     000886b2  _USBDCDConfigDescGet                  
0     000886f8  _USBDCDConfigGetNumAlternateInterfaces
0     0008871d  _USBDCDConfigGetInterface             
0     00088736  _USBDCDConfigGetInterfaceEndpoint     
0     00088768  _USBDescGetNum                        
0     00088790  _USBDescGet                           
0     000887bd  _USBDescGetNumAlternateInterfaces     
0     0008880d  _USBDescGetInterface                  
0     00088827  _USBDescGetInterfaceEndpoint          
0     0008883a  FD$$ADD                               
0     000888d6  _f28x_USB0DeviceIntHandler            
0     00088906  _f28x_USB0HostIntHandler              
0     00088936  _f28x_USB0DualModeIntHandler          
0     00088966  FD$$DIV                               
0     000889f1  _InternalUSBTickInit                  
0     00088a18  _InternalUSBTickReset                 
0     00088a1c  _InternalUSBRegisterTickHandler       
0     00088a4c  _InternalUSBStartOfFrameTick          
0     00088a79  FD$$MPY                               
0     00088afc  _c_int00                              
0     00088b42  FD$$TOL                               
0     00088b61  __args_main                           
0     00088b7a  C$$EXIT                               
0     00088b7a  _abort                                
0     00088b7c  _exit                                 
0     00088b93  UL$$TOFD                              
0     00088ba9  _USB0DeviceIntHandler                 
0     00088bbb  FD$$SUB                               
0     00090000  _g_pui8KeyBoardMap                    
0     00090200  _PieVectTableInit                     
0     000903c0  _g_sUSKeyboardMap                     
0     000904c4  _g_pui8AudioControlInterface          
0     000904f8  _g_pui8AudioStreamInterface           
0     0009052c  _g_sCDCSerDataInterfaceSection        
0     00090530  _g_sCDCSerCommInterfaceSection        
0     00090534  _g_sCDCCompSerConfigHeader            
0     00090538  _g_sCDCSerConfigHeader                
0     0009053c  _g_sIADSerConfigSection               
0     00090540  _g_sCDCSerConfigSection               
0     00090544  _g_sCDCHandlers                       
0     0009055c  _g_sAudioStreamInterfaceSection       
0     00090560  _g_sAudioControlInterfaceSection      
0     00090564  _g_sAudioConfigSection                
0     00090568  _g_sAudioConfigHeader                 
0     0009056c  _g_sIADAudioConfigSection             
0     00090588  _g_sBulkConfigSection                 
0     0009058c  _g_sBulkInterfaceSection              
0     00090590  _g_sBulkConfigHeader                  
0     00090594  _g_sBulkHandlers                      
0     000905ac  _g_sDFUFunctionalDescSection          
0     000905b0  _g_sDFUConfigSection                  
0     000905b4  _g_sDFUInterfaceSection               
0     000905d0  _g_pui8CDCSerCommInterface            
0     00090662  _g_sCompHandlers                      
0     0009067a  _g_sHIDHandlers                       
0     00090692  _g_pui8BulkInterface                  
0     000906a9  _g_pui8CDCSerDataInterface            
0     000906c0  _g_sHIDConfigSection                  
0     000906c4  _g_sHIDInterfaceSection               
0     000906c8  _g_sHIDInEndpointSection              
0     000906d5  _g_pui8DFUDeviceDescriptor            
0     000906fe  _g_sUSBHostAudioClassDriver           
0     00090706  _g_sUSBHIDClassDriver                 
0     0009070e  _g_sUSBHubClassDriver                 
0     00090716  _g_sUSBHostMSCClassDriver             
0     00090725  _g_pui8HIDInEndpoint                  
0     00090734  _g_pCDCCompSerConfigDescriptors       
0     00090736  _g_ppAudioConfigDescriptors           
0     00090738  _g_ppBulkConfigDescriptors            
0     0009073a  _g_ppCDCSerConfigDescriptors          
0     0009073c  _g_ppsDFUConfigDescriptors            
1     00000400  __stack                               
1     00000800  __STACK_END                           
1     00000b00  _AdcaResultRegs                       
1     00000b20  _AdcbResultRegs                       
1     00000b40  _AdccResultRegs                       
1     00000b60  _AdcdResultRegs                       
1     00000c00  _CpuTimer0Regs                        
1     00000c08  _CpuTimer1Regs                        
1     00000c10  _CpuTimer2Regs                        
1     00000ce0  _PieCtrlRegs                          
1     00000d00  _EmuKey                               
1     00000d00  _PieVectTable                         
1     00000d01  _EmuBMode                             
1     00001000  _DmaRegs                              
1     00001400  _Cla1Regs                             
1     00004000  _EPwm1Regs                            
1     00004100  _EPwm2Regs                            
1     00004200  _EPwm3Regs                            
1     00004300  _EPwm4Regs                            
1     00004400  _EPwm5Regs                            
1     00004500  _EPwm6Regs                            
1     00004600  _EPwm7Regs                            
1     00004700  _EPwm8Regs                            
1     00004800  _EPwm9Regs                            
1     00004900  _EPwm10Regs                           
1     00004a00  _EPwm11Regs                           
1     00004b00  _EPwm12Regs                           
1     00005000  _ECap1Regs                            
1     00005020  _ECap2Regs                            
1     00005040  _ECap3Regs                            
1     00005060  _ECap4Regs                            
1     00005080  _ECap5Regs                            
1     000050a0  _ECap6Regs                            
1     00005100  _EQep1Regs                            
1     00005140  _EQep2Regs                            
1     00005180  _EQep3Regs                            
1     00005c00  _DacaRegs                             
1     00005c10  _DacbRegs                             
1     00005c20  _DaccRegs                             
1     00005c80  _Cmpss1Regs                           
1     00005ca0  _Cmpss2Regs                           
1     00005cc0  _Cmpss3Regs                           
1     00005ce0  _Cmpss4Regs                           
1     00005d00  _Cmpss5Regs                           
1     00005d20  _Cmpss6Regs                           
1     00005d40  _Cmpss7Regs                           
1     00005d60  _Cmpss8Regs                           
1     00005e00  _Sdfm1Regs                            
1     00005e80  _Sdfm2Regs                            
1     00006000  _McbspaRegs                           
1     00006040  _McbspbRegs                           
1     00006100  _SpiaRegs                             
1     00006110  _SpibRegs                             
1     00006120  _SpicRegs                             
1     00006200  _UppRegs                              
1     00007000  _WdRegs                               
1     00007060  _NmiIntruptRegs                       
1     00007070  _XintRegs                             
1     00007200  _SciaRegs                             
1     00007210  _ScibRegs                             
1     00007220  _ScicRegs                             
1     00007230  _ScidRegs                             
1     00007300  _I2caRegs                             
1     00007340  _I2cbRegs                             
1     00007400  _AdcaRegs                             
1     00007480  _AdcbRegs                             
1     00007500  _AdccRegs                             
1     00007580  _AdcdRegs                             
1     00007900  _InputXbarRegs                        
1     00007920  _XbarRegs                             
1     00007940  _SyncSocRegs                          
1     00007980  _DmaClaSrcSelRegs                     
1     00007a00  _EPwmXbarRegs                         
1     00007a80  _OutputXbarRegs                       
1     00007c00  _GpioCtrlRegs                         
1     00007f00  _GpioDataRegs                         
1     0000ac4c  _g_psCDCSerSections                   
1     0000ac52  _g_psCDCCompSerSections               
1     0000ac5a  _g_pui8IADSerDescriptor               
1     0000ac62  _g_pui8CDCSerDescriptor               
1     0000ac6b  _g_pui8CDCSerDeviceDescriptor         
1     0000ac7d  _deviceOpen                           
1     0000ac7e  __lock                                
1     0000ac80  _g_ppsDevInfo                         
1     0000ac84  _g_psDCDInst                          
1     0000ad00  _MCBSP                                
1     0000ad04  _I2C                                  
1     0000ad08  _SCI                                  
1     0000ad0c  _SDFM                                 
1     0000ad12  _EQEP                                 
1     0000ad1a  _SPI                                  
1     0000ad22  _ECAP                                 
1     0000ad40  _EPWM                                 
1     0000ad5a  _g_sDFUConfigHeader                   
1     0000ad5e  _g_psDFUSections                      
1     0000ad64  _g_pui8DFUInterface                   
1     0000ad6d  _g_pui8DFUFunctionalDesc              
1     0000ad76  _g_pui8DFUConfigDescriptor            
1     0000ad80  _IR_PWM50                             
1     0000ad81  _IR_state                             
1     0000ad82  _Sanyo_Pause                          
1     0000ad84  _Sanyo_Record                         
1     0000ad86  _Vizio_Power                          
1     0000ad88  _Sanyo_Stop                           
1     0000ad8a  _Sanyo_Rewind                         
1     0000ad8c  _Sanyo_Source                         
1     0000ad8e  _Sanyo_Forward                        
1     0000ad90  _Sanyo_Play                           
1     0000ad92  _Vizio_Sleep                          
1     0000ad94  _Idylis_Mode                          
1     0000ad96  _Idylis_FanSpeed                      
1     0000ad98  _Idylis_Minus                         
1     0000ad9a  _Idylis_Plus                          
1     0000ad9c  _Vizio_Volume_Up                      
1     0000ad9e  _Vizio_Menu                           
1     0000ada0  _Idylis_Power                         
1     0000ada2  _Vizio_Volume_Down                    
1     0000ada4  _Idylis_Timer                         
1     0000ada6  _Sanyo_Channel_Down                   
1     0000ada8  _Sanyo_Channel_Up                     
1     0000adaa  _Sanyo_Back                           
1     0000adac  _Sanyo_Mute                           
1     0000adae  _Sanyo_1                              
1     0000adb0  _Sanyo_Sleep                          
1     0000adb2  _Sanyo_Power                          
1     0000adb4  _Sanyo_Volume_Up                      
1     0000adb6  _Sanyo_Menu                           
1     0000adb8  _Sanyo_Volume_Down                    
1     0000adba  _Sanyo_8                              
1     0000adbc  _Sanyo_7                              
1     0000adbe  _Sanyo_0                              
1     0000adc0  _Sanyo_9                              
1     0000adc2  _Sanyo_Enter                          
1     0000adc4  _Sanyo_3                              
1     0000adc6  _Sanyo_2                              
1     0000adc8  _Sanyo_5                              
1     0000adca  _Sanyo_4                              
1     0000adcc  _Sanyo_6                              
1     0000adce  _g_pui8IADAudioDescriptor             
1     0000add6  _g_psAudioSections                    
1     0000adfa  _tempSensor_tempOffset                
1     0000adfc  _tempSensor_tempSlope                 
1     0000adfe  _tempSensor_scaleFactor               
1     0000ae3e  __unlock                              
1     0000aea4  _CpuTimer1                            
1     0000aeac  _CpuTimer2                            
1     0000aeb4  _CpuTimer0                            
1     0000aebc  ___TI_cleanup_ptr                     
1     0000aebe  ___TI_dtors_ptr                       
1     0000aec0  _g_sHIDConfigHeader                   
1     0000aec4  _g_sHIDDescriptorSection              
1     0000aec8  _g_psHIDSections                      
1     0000aed0  _g_pui8HIDInterface                   
1     0000aed9  _g_pui8MouseDescriptor                
1     0000aee2  _g_bUSBTimerInitialized               
1     0000aee4  _g_ui32CurrentUSBTick                 
1     0000aee6  _g_ui32USBSOFCount                    
1     0000aee8  _g_pfnTickHandlers                    
1     0000aef4  _g_pvTickInstance                     
1     0000af00  _g_psBulkSections                     
1     0000af04  _g_pui8BulkDescriptor                 
1     0000af0d  _g_pui8BulkDeviceDescriptor           
1     0000af1f  _TX1_Buffer_REMOVE_Place              
1     0000af20  _RX1_Buffer_Place                     
1     0000af21  _TX1_Buffer_ADD_Place                 
1     0000af22  _RX1_Buffer                           
1     0000af2c  _TX1_Buffer                           
1     0000af37  _g_iUSBMode                           
1     0000af38  _g_eOTGModeState                      
1     0000af3c  _g_ui32PollRate                       
1     0000af3e  _g_ui32WaitTicks                      
1     0000af40  _g_ppCompConfigDescriptors            
1     0000af66  _g_pui8HIDDeviceDescriptor            
1     00047000  _Emif1Regs                            
1     00047800  _Emif2Regs                            
1     00050024  _FlashPumpSemaphoreRegs               
1     0005d000  _DevCfgRegs                           
1     0005d180  _AnalogSubsysRegs                     
1     0005d200  _ClkCfgRegs                           
1     0005d300  _CpuSysRegs                           
1     0005e608  _RomPrefetchRegs                      
1     0005f000  _DcsmZ1Regs                           
1     0005f040  _DcsmZ2Regs                           
1     0005f070  _DcsmCommonRegs                       
1     0005f400  _MemCfgRegs                           
1     0005f480  _Emif1ConfigRegs                      
1     0005f4a0  _Emif2ConfigRegs                      
1     0005f4c0  _AccessProtectionRegs                 
1     0005f500  _MemoryErrorRegs                      
1     0005f540  _RomWaitStateRegs                     
1     0005f800  _Flash0CtrlRegs                       
1     0005fb00  _Flash0EccRegs                        
1     0005fc00  _Flash1CtrlRegs                       
1     0005ff00  _Flash1EccRegs                        
1     00078000  _DcsmZ1Otp                            
1     00078200  _DcsmZ2Otp                            
abs   00000008  _RamfuncsLoadSize                     
abs   00000008  _RamfuncsRunSize                      
abs   00000400  __STACK_SIZE                          
abs   ffffffff  .text                                 
abs   ffffffff  ___binit__                            
abs   ffffffff  ___c_args__                           
abs   ffffffff  ___etext__                            
abs   ffffffff  ___pinit__                            
abs   ffffffff  ___text__                             
abs   ffffffff  binit                                 
abs   ffffffff  etext                                 
abs   ffffffff  pinit                                 

[681 symbols]
