******************************************************************************
             TMS320C2000 Linker PC v6.4.9                      
******************************************************************************
>> Linked Tue Jan 12 13:27:44 2016

OUTPUT FILE NAME:   <TMS_Skype_Petcam.out>
ENTRY POINT SYMBOL: "_c_int00"  address: 000891f7


MEMORY CONFIGURATION

         name            origin    length      used     unused   attr    fill
----------------------  --------  ---------  --------  --------  ----  --------
PAGE 0:
  RAMM0                 00000122   000002de  00000000  000002de  RWIX
  RAMLS0                00008000   00000800  00000076  0000078a  RWIX
  RAMLS1                00008800   00000800  00000000  00000800  RWIX
  RAMLS2                00009000   00000800  00000000  00000800  RWIX
  RAMLS3                00009800   00000800  00000000  00000800  RWIX
  RAMLS4                0000a000   00000800  00000000  00000800  RWIX
  RAMD0                 0000b000   00000800  00000000  00000800  RWIX
  BEGIN                 00080000   00000002  00000002  00000000  RWIX
  FLASHA                00080002   00001ffe  00000000  00001ffe  RWIX
  FLASHB                00082000   00002000  00001ffc  00000004  RWIX
  FLASHC                00084000   00002000  00001ffe  00000002  RWIX
  FLASHD                00086000   00002000  00001ffd  00000003  RWIX
  FLASHE                00088000   00008000  00001356  00006caa  RWIX
  FLASHF                00090000   00008000  00000742  000078be  RWIX
  FLASHG                00098000   00008000  00000000  00008000  RWIX
  FLASHH                000a0000   00008000  00000000  00008000  RWIX
  FLASHI                000a8000   00008000  00000000  00008000  RWIX
  FLASHJ                000b0000   00008000  00000000  00008000  RWIX
  FLASHK                000b8000   00002000  00000000  00002000  RWIX
  FLASHL                000ba000   00002000  00000000  00002000  RWIX
  FLASHM                000bc000   00002000  00000000  00002000  RWIX
  FLASHN                000be000   00002000  00000000  00002000  RWIX
  RESET                 003fffc0   00000002  00000000  00000002  RWIX

PAGE 1:
  BOOT_RSVD             00000002   00000120  00000000  00000120  RWIX
  RAMM1                 00000400   00000400  00000400  00000000  RWIX
  ADCA_RESULT           00000b00   00000020  00000018  00000008  RWIX
  ADCB_RESULT           00000b20   00000020  00000018  00000008  RWIX
  ADCC_RESULT           00000b40   00000020  00000018  00000008  RWIX
  ADCD_RESULT           00000b60   00000020  00000018  00000008  RWIX
  CPU_TIMER0            00000c00   00000008  00000008  00000000  RWIX
  CPU_TIMER1            00000c08   00000008  00000008  00000000  RWIX
  CPU_TIMER2            00000c10   00000008  00000008  00000000  RWIX
  PIE_CTRL              00000ce0   00000020  0000001a  00000006  RWIX
  PIE_VECT              00000d00   00000200  000001c0  00000040  RWIX
  DMA                   00001000   00000200  000000e0  00000120  RWIX
  CLA1                  00001400   00000040  0000003e  00000002  RWIX
  EPWM1                 00004000   00000100  00000100  00000000  RWIX
  EPWM2                 00004100   00000100  00000100  00000000  RWIX
  EPWM3                 00004200   00000100  00000100  00000000  RWIX
  EPWM4                 00004300   00000100  00000100  00000000  RWIX
  EPWM5                 00004400   00000100  00000100  00000000  RWIX
  EPWM6                 00004500   00000100  00000100  00000000  RWIX
  EPWM7                 00004600   00000100  00000100  00000000  RWIX
  EPWM8                 00004700   00000100  00000100  00000000  RWIX
  EPWM9                 00004800   00000100  00000100  00000000  RWIX
  EPWM10                00004900   00000100  00000100  00000000  RWIX
  EPWM11                00004a00   00000100  00000100  00000000  RWIX
  EPWM12                00004b00   00000100  00000100  00000000  RWIX
  ECAP1                 00005000   00000020  00000020  00000000  RWIX
  ECAP2                 00005020   00000020  00000020  00000000  RWIX
  ECAP3                 00005040   00000020  00000020  00000000  RWIX
  ECAP4                 00005060   00000020  00000020  00000000  RWIX
  ECAP5                 00005080   00000020  00000020  00000000  RWIX
  ECAP6                 000050a0   00000020  00000020  00000000  RWIX
  EQEP1                 00005100   00000040  00000022  0000001e  RWIX
  EQEP2                 00005140   00000040  00000022  0000001e  RWIX
  EQEP3                 00005180   00000040  00000022  0000001e  RWIX
  DACA                  00005c00   00000010  00000008  00000008  RWIX
  DACB                  00005c10   00000010  00000008  00000008  RWIX
  DACC                  00005c20   00000010  00000008  00000008  RWIX
  CMPSS1                00005c80   00000020  00000020  00000000  RWIX
  CMPSS2                00005ca0   00000020  00000020  00000000  RWIX
  CMPSS3                00005cc0   00000020  00000020  00000000  RWIX
  CMPSS4                00005ce0   00000020  00000020  00000000  RWIX
  CMPSS5                00005d00   00000020  00000020  00000000  RWIX
  CMPSS6                00005d20   00000020  00000020  00000000  RWIX
  CMPSS7                00005d40   00000020  00000020  00000000  RWIX
  CMPSS8                00005d60   00000020  00000020  00000000  RWIX
  SDFM1                 00005e00   00000080  00000080  00000000  RWIX
  SDFM2                 00005e80   00000080  00000080  00000000  RWIX
  MCBSPA                00006000   00000040  00000024  0000001c  RWIX
  MCBSPB                00006040   00000040  00000024  0000001c  RWIX
  SPIA                  00006100   00000010  00000010  00000000  RWIX
  SPIB                  00006110   00000010  00000010  00000000  RWIX
  SPIC                  00006120   00000010  00000010  00000000  RWIX
  SPID                  00006130   00000010  00000000  00000010  RWIX
  UPP                   00006200   00000100  00000048  000000b8  RWIX
  WD                    00007000   00000040  0000002b  00000015  RWIX
  NMIINTRUPT            00007060   00000010  00000007  00000009  RWIX
  XINT                  00007070   00000010  0000000b  00000005  RWIX
  SCIA                  00007200   00000010  00000010  00000000  RWIX
  SCIB                  00007210   00000010  00000010  00000000  RWIX
  SCIC                  00007220   00000010  00000010  00000000  RWIX
  SCID                  00007230   00000010  00000010  00000000  RWIX
  I2CA                  00007300   00000040  00000022  0000001e  RWIX
  I2CB                  00007340   00000040  00000022  0000001e  RWIX
  ADCA                  00007400   00000080  00000080  00000000  RWIX
  ADCB                  00007480   00000080  00000080  00000000  RWIX
  ADCC                  00007500   00000080  00000080  00000000  RWIX
  ADCD                  00007580   00000080  00000080  00000000  RWIX
  INPUT_XBAR            00007900   00000020  00000020  00000000  RWIX
  XBAR                  00007920   00000020  00000020  00000000  RWIX
  SYNC_SOC              00007940   00000010  00000006  0000000a  RWIX
  DMACLASRCSEL          00007980   00000040  0000001a  00000026  RWIX
  EPWM_XBAR             00007a00   00000040  00000040  00000000  RWIX
  CLB_XBAR              00007a40   00000040  00000000  00000040  RWIX
  OUTPUT_XBAR           00007a80   00000040  00000040  00000000  RWIX
  GPIOCTRL              00007c00   00000180  00000180  00000000  RWIX
  GPIODAT               00007f00   00000030  00000030  00000000  RWIX
  RAMLS5                0000a800   00000800  000007a2  0000005e  RWIX
  RAMD1                 0000b800   00000800  00000000  00000800  RWIX
  RAMGS0                0000c000   00001000  00000000  00001000  RWIX
  RAMGS1                0000d000   00001000  00000000  00001000  RWIX
  RAMGS2                0000e000   00001000  00000000  00001000  RWIX
  RAMGS3                0000f000   00001000  00000000  00001000  RWIX
  RAMGS4                00010000   00001000  00000000  00001000  RWIX
  RAMGS5                00011000   00001000  00000000  00001000  RWIX
  RAMGS6                00012000   00001000  00000000  00001000  RWIX
  RAMGS7                00013000   00001000  00000000  00001000  RWIX
  RAMGS8                00014000   00001000  00000000  00001000  RWIX
  RAMGS9                00015000   00001000  00000000  00001000  RWIX
  RAMGS10               00016000   00001000  00000000  00001000  RWIX
  RAMGS11               00017000   00001000  00000000  00001000  RWIX
  EMIF1                 00047000   00000800  00000070  00000790  RWIX
  EMIF2                 00047800   00000800  00000070  00000790  RWIX
  FLASHPUMPSEMAPHORE    00050024   00000002  00000002  00000000  RWIX
  DEV_CFG               0005d000   00000180  0000012e  00000052  RWIX
  ANALOG_SUBSYS         0005d180   00000080  00000048  00000038  RWIX
  CLK_CFG               0005d200   00000100  00000032  000000ce  RWIX
  CPU_SYS               0005d300   00000100  00000082  0000007e  RWIX
  ROMPREFETCH           0005e608   00000002  00000002  00000000  RWIX
  DCSM_Z1               0005f000   00000030  00000024  0000000c  RWIX
  DCSM_Z2               0005f040   00000030  00000024  0000000c  RWIX
  DCSM_COMMON           0005f070   00000010  00000008  00000008  RWIX
  MEMCFG                0005f400   00000080  00000080  00000000  RWIX
  EMIF1CONFIG           0005f480   00000020  00000020  00000000  RWIX
  EMIF2CONFIG           0005f4a0   00000020  00000020  00000000  RWIX
  ACCESSPROTECTION      0005f4c0   00000040  00000040  00000000  RWIX
  MEMORYERROR           0005f500   00000040  00000040  00000000  RWIX
  ROMWAITSTATE          0005f540   00000002  00000002  00000000  RWIX
  FLASH0_CTRL           0005f800   00000300  00000182  0000017e  RWIX
  FLASH0_ECC            0005fb00   00000040  00000028  00000018  RWIX
  FLASH1_CTRL           0005fc00   00000300  00000182  0000017e  RWIX
  FLASH1_ECC            0005ff00   00000040  00000028  00000018  RWIX
  DCSM_Z1_OTP           00078000   00000020  00000020  00000000  RWIX
  DCSM_Z2_OTP           00078200   00000020  00000020  00000000  RWIX


SECTION ALLOCATION MAP

 output                                  attributes/
section   page    origin      length       input sections
--------  ----  ----------  ----------   ----------------
codestart 
*          0    00080000    00000002     
                  00080000    00000002     F2837xS_CodeStartBranch.obj (codestart)

.cinit     0    00082000    0000038b     
                  00082000    000000c2     IR.obj (.cinit)
                  000820c2    00000090     F2837xS_struct.obj (.cinit)
                  00082152    00000046     usbhostenum.obj (.cinit)
                  00082198    00000040     usbdcdc.obj (.cinit)
                  000821d8    00000037     usbdaudio.obj (.cinit)
                  0008220f    00000035     usbhhid.obj (.cinit)
                  00082244    00000034     usbddfu-rt.obj (.cinit)
                  00082278    00000033     usbdhidkeyb.obj (.cinit)
                  000822ab    00000031     usbdhidmouse.obj (.cinit)
                  000822dc    00000028     usbdbulk.obj (.cinit)
                  00082304    00000015     usbdcomp.obj (.cinit)
                  00082319    00000015     usbdhid.obj (.cinit)
                  0008232e    0000000e     usbtick.obj (.cinit)
                  0008233c    0000000d     usbmode.obj (.cinit)
                  00082349    0000000a     rts2800_fpu32.lib : exit.obj (.cinit)
                  00082353    00000009     uartstdio.obj (.cinit)
                  0008235c    00000007     usbhmsc.obj (.cinit)
                  00082363    00000005     rts2800_fpu32.lib : _lock.obj (.cinit:__lock)
                  00082368    00000005                       : _lock.obj (.cinit:__unlock)
                  0008236d    00000005     usbdenum.obj (.cinit)
                  00082372    00000005     usbhaudio.obj (.cinit)
                  00082377    00000005     usbhhidkeyboard.obj (.cinit)
                  0008237c    00000005     usbhhidmouse.obj (.cinit)
                  00082381    00000004     F2837xS_sci_io.obj (.cinit)
                  00082385    00000004     ustdlib.obj (.cinit)
                  00082389    00000002     --HOLE-- [fill = 0]

.switch    0    0008238c    0000002a     
                  0008238c    0000002a     usbdcdc.obj (.switch:_HandleRequests)

.text.1    0    000823b8    00001c47     
                  000823b8    000015fd     usbhostenum.obj (.text)
                  000839b5    00000606     usbdcomp.obj (.text)
                  00083fbb    00000044     LED.obj (.text)

.text.2    0    00084000    00001ffe     
                  00084000    0000085d     usbdenum.obj (.text)
                  0008485d    0000080b     usb.obj (.text)
                  00085068    0000078e     usbdhid.obj (.text)
                  000857f6    00000730     usbdcdc.obj (.text)
                  00085f26    000000d8     usbdma.obj (.text)

ramfuncs   0    00086000    00000076     RUN ADDR = 00008000
                  00086000    0000006e     F2837xS_SysCtrl.obj (ramfuncs)
                  0008606e    00000004     F2837xS_usDelay.obj (ramfuncs)
                  00086072    00000004     sysctl.obj (ramfuncs)

.text.3    0    00086078    00001f87     
                  00086078    00000585     F2837xS_DefaultISR.obj (.text:retain)
                  000865fd    00000437     usbdaudio.obj (.text)
                  00086a34    00000413     usbhaudio.obj (.text)
                  00086e47    00000406     usbhhub.obj (.text)
                  0008724d    00000321     usbdbulk.obj (.text)
                  0008756e    00000303     usbhscsi.obj (.text)
                  00087871    000002d7     F2837xS_SysCtrl.obj (.text)
                  00087b48    00000273     sysctl.obj (.text)
                  00087dbb    00000244     usbhmsc.obj (.text)

.text.4    0    00088000    00001356     
                  00088000    0000025c     usbmode.obj (.text)
                  0008825c    0000024a     F2837xS_Gpio.obj (.text)
                  000884a6    0000022a     usbhhid.obj (.text)
                  000886d0    00000210     usbdconfig.obj (.text)
                  000888e0    000001d7     interrupt.obj (.text)
                  00088ab7    00000157     usbdcdesc.obj (.text)
                  00088c0e    000000e1     usbddfu-rt.obj (.text)
                  00088cef    000000d2     usbdesc.obj (.text)
                  00088dc1    000000ab     USER.obj (.text)
                  00088e6c    0000009c     rts2800_fpu32.lib : fd_add.obj (.text)
                  00088f08    00000090     usb_hal.obj (.text:retain)
                  00088f98    0000008b     rts2800_fpu32.lib : fd_div.obj (.text)
                  00089023    00000088     usbtick.obj (.text)
                  000890ab    00000083     rts2800_fpu32.lib : fd_mpy.obj (.text)
                  0008912e    00000075     SYSTEM.obj (.text)
                  000891a3    00000054     systick.obj (.text)
                  000891f7    00000046     rts2800_fpu32.lib : boot.obj (.text)
                  0008923d    00000028     F2837xS_PieVect.obj (.text)
                  00089265    0000001f     rts2800_fpu32.lib : fd_tol.obj (.text)
                  00089284    0000001e                       : memcpy.obj (.text)
                  000892a2    00000019                       : args_main.obj (.text)
                  000892bb    00000019                       : exit.obj (.text)
                  000892d4    00000017     main.obj (.text)
                  000892eb    00000016     rts2800_fpu32.lib : ul_tofd.obj (.text)
                  00089301    00000013     MISC.obj (.text)
                  00089314    00000012     usbdhandler.obj (.text)
                  00089326    0000000e     interrupt.obj (.text:retain)
                  00089334    0000000e     rts2800_fpu32.lib : fd_sub.obj (.text)
                  00089342    00000009                       : _lock.obj (.text)
                  0008934b    00000008     F2837xS_CodeStartBranch.obj (.text)
                  00089353    00000003     F2837xS_DBGIER.obj (.text)

.econst    0    00090000    00000742     
                  00090000    00000200     usbkeyboardmap.obj (.econst:_g_pui8KeyBoardMap)
                  00090200    000001c0     F2837xS_PieVect.obj (.econst)
                  000903c0    00000104     usbkeyboardmap.obj (.econst)
                  000904c4    00000034     usbdaudio.obj (.econst:_g_pui8AudioControlInterface)
                  000904f8    00000034     usbdaudio.obj (.econst:_g_pui8AudioStreamInterface)
                  0009052c    00000030     usbdcdc.obj (.econst)
                  0009055c    0000002c     usbdaudio.obj (.econst)
                  00090588    00000024     usbdbulk.obj (.econst)
                  000905ac    00000024     usbddfu-rt.obj (.econst)
                  000905d0    00000023     usbdcdc.obj (.econst:_g_pui8CDCSerCommInterface)
                  000905f3    00000001     --HOLE-- [fill = 0]
                  000905f4    00000022     uartstdio.obj (.econst:.string)
                  00090616    0000001a     usbdenum.obj (.econst:_g_psUSBDStdRequests)
                  00090630    00000019     usbdhidkeyb.obj (.econst)
                  00090649    00000001     --HOLE-- [fill = 0]
                  0009064a    00000018     ustdlib.obj (.econst:.string)
                  00090662    00000018     usbdcomp.obj (.econst)
                  0009067a    00000018     usbdhid.obj (.econst)
                  00090692    00000017     usbdbulk.obj (.econst:_g_pui8BulkInterface)
                  000906a9    00000017     usbdcdc.obj (.econst:_g_pui8CDCSerDataInterface)
                  000906c0    00000015     usbdhidmouse.obj (.econst)
                  000906d5    00000012     usbddfu-rt.obj (.econst:_g_pui8DFUDeviceDescriptor)
                  000906e7    00000001     --HOLE-- [fill = 0]
                  000906e8    0000000c     usb_hal.obj (.econst)
                  000906f4    00000009     usbdcomp.obj (.econst:_g_pui8CompConfigDescriptor)
                  000906fd    00000001     --HOLE-- [fill = 0]
                  000906fe    00000008     usbhaudio.obj (.econst)
                  00090706    00000008     usbhhid.obj (.econst)
                  0009070e    00000008     usbhhub.obj (.econst)
                  00090716    00000008     usbhmsc.obj (.econst)
                  0009071e    00000007     usbdhidkeyb.obj (.econst:_g_pui8HIDInEndpoint)
                  00090725    00000007     usbdhidmouse.obj (.econst:_g_pui8HIDInEndpoint)
                  0009072c    00000007     usbdhidkeyb.obj (.econst:_g_pui8HIDOutEndpoint)
                  00090733    00000001     --HOLE-- [fill = 0]
                  00090734    00000002     usbdcdc.obj (.econst:_g_pCDCCompSerConfigDescriptors)
                  00090736    00000002     usbdaudio.obj (.econst:_g_ppAudioConfigDescriptors)
                  00090738    00000002     usbdbulk.obj (.econst:_g_ppBulkConfigDescriptors)
                  0009073a    00000002     usbdcdc.obj (.econst:_g_ppCDCSerConfigDescriptors)
                  0009073c    00000002     usbddfu-rt.obj (.econst:_g_ppsDFUConfigDescriptors)
                  0009073e    00000002     uartstdio.obj (.econst)
                  00090740    00000002     ustdlib.obj (.econst)

.stack     1    00000400    00000400     UNINITIALIZED
                  00000400    00000400     --HOLE--

AdcaResultFile 
*          1    00000b00    00000018     UNINITIALIZED
                  00000b00    00000018     F2837xS_GlobalVariableDefs.obj (AdcaResultFile)

AdcbResultFile 
*          1    00000b20    00000018     UNINITIALIZED
                  00000b20    00000018     F2837xS_GlobalVariableDefs.obj (AdcbResultFile)

AdccResultFile 
*          1    00000b40    00000018     UNINITIALIZED
                  00000b40    00000018     F2837xS_GlobalVariableDefs.obj (AdccResultFile)

AdcdResultFile 
*          1    00000b60    00000018     UNINITIALIZED
                  00000b60    00000018     F2837xS_GlobalVariableDefs.obj (AdcdResultFile)

CpuTimer0RegsFile 
*          1    00000c00    00000008     UNINITIALIZED
                  00000c00    00000008     F2837xS_GlobalVariableDefs.obj (CpuTimer0RegsFile)

CpuTimer1RegsFile 
*          1    00000c08    00000008     UNINITIALIZED
                  00000c08    00000008     F2837xS_GlobalVariableDefs.obj (CpuTimer1RegsFile)

CpuTimer2RegsFile 
*          1    00000c10    00000008     UNINITIALIZED
                  00000c10    00000008     F2837xS_GlobalVariableDefs.obj (CpuTimer2RegsFile)

PieCtrlRegsFile 
*          1    00000ce0    0000001a     UNINITIALIZED
                  00000ce0    0000001a     F2837xS_GlobalVariableDefs.obj (PieCtrlRegsFile)

PieVectTableFile 
*          1    00000d00    000001c0     UNINITIALIZED
                  00000d00    000001c0     F2837xS_GlobalVariableDefs.obj (PieVectTableFile)

EmuKeyVar 
*          1    00000d00    00000001     UNINITIALIZED
                  00000d00    00000001     F2837xS_GlobalVariableDefs.obj (EmuKeyVar)

EmuBModeVar 
*          1    00000d01    00000001     UNINITIALIZED
                  00000d01    00000001     F2837xS_GlobalVariableDefs.obj (EmuBModeVar)

FlashCallbackVar 
*          1    00000d02    00000000     UNINITIALIZED

FlashScalingVar 
*          1    00000d02    00000000     UNINITIALIZED

DmaRegsFile 
*          1    00001000    000000e0     UNINITIALIZED
                  00001000    000000e0     F2837xS_GlobalVariableDefs.obj (DmaRegsFile)

Cla1RegsFile 
*          1    00001400    0000003e     UNINITIALIZED
                  00001400    0000003e     F2837xS_GlobalVariableDefs.obj (Cla1RegsFile)

EPwm1RegsFile 
*          1    00004000    00000100     UNINITIALIZED
                  00004000    00000100     F2837xS_GlobalVariableDefs.obj (EPwm1RegsFile)

EPwm2RegsFile 
*          1    00004100    00000100     UNINITIALIZED
                  00004100    00000100     F2837xS_GlobalVariableDefs.obj (EPwm2RegsFile)

EPwm3RegsFile 
*          1    00004200    00000100     UNINITIALIZED
                  00004200    00000100     F2837xS_GlobalVariableDefs.obj (EPwm3RegsFile)

EPwm4RegsFile 
*          1    00004300    00000100     UNINITIALIZED
                  00004300    00000100     F2837xS_GlobalVariableDefs.obj (EPwm4RegsFile)

EPwm5RegsFile 
*          1    00004400    00000100     UNINITIALIZED
                  00004400    00000100     F2837xS_GlobalVariableDefs.obj (EPwm5RegsFile)

EPwm6RegsFile 
*          1    00004500    00000100     UNINITIALIZED
                  00004500    00000100     F2837xS_GlobalVariableDefs.obj (EPwm6RegsFile)

EPwm7RegsFile 
*          1    00004600    00000100     UNINITIALIZED
                  00004600    00000100     F2837xS_GlobalVariableDefs.obj (EPwm7RegsFile)

EPwm8RegsFile 
*          1    00004700    00000100     UNINITIALIZED
                  00004700    00000100     F2837xS_GlobalVariableDefs.obj (EPwm8RegsFile)

EPwm9RegsFile 
*          1    00004800    00000100     UNINITIALIZED
                  00004800    00000100     F2837xS_GlobalVariableDefs.obj (EPwm9RegsFile)

EPwm10RegsFile 
*          1    00004900    00000100     UNINITIALIZED
                  00004900    00000100     F2837xS_GlobalVariableDefs.obj (EPwm10RegsFile)

EPwm11RegsFile 
*          1    00004a00    00000100     UNINITIALIZED
                  00004a00    00000100     F2837xS_GlobalVariableDefs.obj (EPwm11RegsFile)

EPwm12RegsFile 
*          1    00004b00    00000100     UNINITIALIZED
                  00004b00    00000100     F2837xS_GlobalVariableDefs.obj (EPwm12RegsFile)

ECap1RegsFile 
*          1    00005000    00000020     UNINITIALIZED
                  00005000    00000020     F2837xS_GlobalVariableDefs.obj (ECap1RegsFile)

ECap2RegsFile 
*          1    00005020    00000020     UNINITIALIZED
                  00005020    00000020     F2837xS_GlobalVariableDefs.obj (ECap2RegsFile)

ECap3RegsFile 
*          1    00005040    00000020     UNINITIALIZED
                  00005040    00000020     F2837xS_GlobalVariableDefs.obj (ECap3RegsFile)

ECap4RegsFile 
*          1    00005060    00000020     UNINITIALIZED
                  00005060    00000020     F2837xS_GlobalVariableDefs.obj (ECap4RegsFile)

ECap5RegsFile 
*          1    00005080    00000020     UNINITIALIZED
                  00005080    00000020     F2837xS_GlobalVariableDefs.obj (ECap5RegsFile)

ECap6RegsFile 
*          1    000050a0    00000020     UNINITIALIZED
                  000050a0    00000020     F2837xS_GlobalVariableDefs.obj (ECap6RegsFile)

EQep1RegsFile 
*          1    00005100    00000022     UNINITIALIZED
                  00005100    00000022     F2837xS_GlobalVariableDefs.obj (EQep1RegsFile)

EQep2RegsFile 
*          1    00005140    00000022     UNINITIALIZED
                  00005140    00000022     F2837xS_GlobalVariableDefs.obj (EQep2RegsFile)

EQep3RegsFile 
*          1    00005180    00000022     UNINITIALIZED
                  00005180    00000022     F2837xS_GlobalVariableDefs.obj (EQep3RegsFile)

DacaRegsFile 
*          1    00005c00    00000008     UNINITIALIZED
                  00005c00    00000008     F2837xS_GlobalVariableDefs.obj (DacaRegsFile)

DacbRegsFile 
*          1    00005c10    00000008     UNINITIALIZED
                  00005c10    00000008     F2837xS_GlobalVariableDefs.obj (DacbRegsFile)

DaccRegsFile 
*          1    00005c20    00000008     UNINITIALIZED
                  00005c20    00000008     F2837xS_GlobalVariableDefs.obj (DaccRegsFile)

Cmpss1RegsFile 
*          1    00005c80    00000020     UNINITIALIZED
                  00005c80    00000020     F2837xS_GlobalVariableDefs.obj (Cmpss1RegsFile)

Cmpss2RegsFile 
*          1    00005ca0    00000020     UNINITIALIZED
                  00005ca0    00000020     F2837xS_GlobalVariableDefs.obj (Cmpss2RegsFile)

Cmpss3RegsFile 
*          1    00005cc0    00000020     UNINITIALIZED
                  00005cc0    00000020     F2837xS_GlobalVariableDefs.obj (Cmpss3RegsFile)

Cmpss4RegsFile 
*          1    00005ce0    00000020     UNINITIALIZED
                  00005ce0    00000020     F2837xS_GlobalVariableDefs.obj (Cmpss4RegsFile)

Cmpss5RegsFile 
*          1    00005d00    00000020     UNINITIALIZED
                  00005d00    00000020     F2837xS_GlobalVariableDefs.obj (Cmpss5RegsFile)

Cmpss6RegsFile 
*          1    00005d20    00000020     UNINITIALIZED
                  00005d20    00000020     F2837xS_GlobalVariableDefs.obj (Cmpss6RegsFile)

Cmpss7RegsFile 
*          1    00005d40    00000020     UNINITIALIZED
                  00005d40    00000020     F2837xS_GlobalVariableDefs.obj (Cmpss7RegsFile)

Cmpss8RegsFile 
*          1    00005d60    00000020     UNINITIALIZED
                  00005d60    00000020     F2837xS_GlobalVariableDefs.obj (Cmpss8RegsFile)

Sdfm1RegsFile 
*          1    00005e00    00000080     UNINITIALIZED
                  00005e00    00000080     F2837xS_GlobalVariableDefs.obj (Sdfm1RegsFile)

Sdfm2RegsFile 
*          1    00005e80    00000080     UNINITIALIZED
                  00005e80    00000080     F2837xS_GlobalVariableDefs.obj (Sdfm2RegsFile)

McbspaRegsFile 
*          1    00006000    00000024     UNINITIALIZED
                  00006000    00000024     F2837xS_GlobalVariableDefs.obj (McbspaRegsFile)

McbspbRegsFile 
*          1    00006040    00000024     UNINITIALIZED
                  00006040    00000024     F2837xS_GlobalVariableDefs.obj (McbspbRegsFile)

SpiaRegsFile 
*          1    00006100    00000010     UNINITIALIZED
                  00006100    00000010     F2837xS_GlobalVariableDefs.obj (SpiaRegsFile)

SpibRegsFile 
*          1    00006110    00000010     UNINITIALIZED
                  00006110    00000010     F2837xS_GlobalVariableDefs.obj (SpibRegsFile)

SpicRegsFile 
*          1    00006120    00000010     UNINITIALIZED
                  00006120    00000010     F2837xS_GlobalVariableDefs.obj (SpicRegsFile)

UppRegsFile 
*          1    00006200    00000048     UNINITIALIZED
                  00006200    00000048     F2837xS_GlobalVariableDefs.obj (UppRegsFile)

WdRegsFile 
*          1    00007000    0000002b     UNINITIALIZED
                  00007000    0000002b     F2837xS_GlobalVariableDefs.obj (WdRegsFile)

NmiIntruptRegsFile 
*          1    00007060    00000007     UNINITIALIZED
                  00007060    00000007     F2837xS_GlobalVariableDefs.obj (NmiIntruptRegsFile)

XintRegsFile 
*          1    00007070    0000000b     UNINITIALIZED
                  00007070    0000000b     F2837xS_GlobalVariableDefs.obj (XintRegsFile)

SciaRegsFile 
*          1    00007200    00000010     UNINITIALIZED
                  00007200    00000010     F2837xS_GlobalVariableDefs.obj (SciaRegsFile)

ScibRegsFile 
*          1    00007210    00000010     UNINITIALIZED
                  00007210    00000010     F2837xS_GlobalVariableDefs.obj (ScibRegsFile)

ScicRegsFile 
*          1    00007220    00000010     UNINITIALIZED
                  00007220    00000010     F2837xS_GlobalVariableDefs.obj (ScicRegsFile)

ScidRegsFile 
*          1    00007230    00000010     UNINITIALIZED
                  00007230    00000010     F2837xS_GlobalVariableDefs.obj (ScidRegsFile)

I2caRegsFile 
*          1    00007300    00000022     UNINITIALIZED
                  00007300    00000022     F2837xS_GlobalVariableDefs.obj (I2caRegsFile)

I2cbRegsFile 
*          1    00007340    00000022     UNINITIALIZED
                  00007340    00000022     F2837xS_GlobalVariableDefs.obj (I2cbRegsFile)

AdcaRegsFile 
*          1    00007400    00000080     UNINITIALIZED
                  00007400    00000080     F2837xS_GlobalVariableDefs.obj (AdcaRegsFile)

AdcbRegsFile 
*          1    00007480    00000080     UNINITIALIZED
                  00007480    00000080     F2837xS_GlobalVariableDefs.obj (AdcbRegsFile)

AdccRegsFile 
*          1    00007500    00000080     UNINITIALIZED
                  00007500    00000080     F2837xS_GlobalVariableDefs.obj (AdccRegsFile)

AdcdRegsFile 
*          1    00007580    00000080     UNINITIALIZED
                  00007580    00000080     F2837xS_GlobalVariableDefs.obj (AdcdRegsFile)

InputXbarRegsFile 
*          1    00007900    00000020     UNINITIALIZED
                  00007900    00000020     F2837xS_GlobalVariableDefs.obj (InputXbarRegsFile)

XbarRegsFile 
*          1    00007920    00000020     UNINITIALIZED
                  00007920    00000020     F2837xS_GlobalVariableDefs.obj (XbarRegsFile)

SyncSocRegsFile 
*          1    00007940    00000006     UNINITIALIZED
                  00007940    00000006     F2837xS_GlobalVariableDefs.obj (SyncSocRegsFile)

DmaClaSrcSelRegsFile 
*          1    00007980    0000001a     UNINITIALIZED
                  00007980    0000001a     F2837xS_GlobalVariableDefs.obj (DmaClaSrcSelRegsFile)

EPwmXbarRegsFile 
*          1    00007a00    00000040     UNINITIALIZED
                  00007a00    00000040     F2837xS_GlobalVariableDefs.obj (EPwmXbarRegsFile)

OutputXbarRegsFile 
*          1    00007a80    00000040     UNINITIALIZED
                  00007a80    00000040     F2837xS_GlobalVariableDefs.obj (OutputXbarRegsFile)

GpioCtrlRegsFile 
*          1    00007c00    00000180     UNINITIALIZED
                  00007c00    00000180     F2837xS_GlobalVariableDefs.obj (GpioCtrlRegsFile)

GpioDataRegsFile 
*          1    00007f00    00000030     UNINITIALIZED
                  00007f00    00000030     F2837xS_GlobalVariableDefs.obj (GpioDataRegsFile)

.ebss.1    1    0000a800    000005fe     UNINITIALIZED
                  0000a800    0000038e     usbhostenum.obj (.ebss)
                  0000ab8e    00000032     usbhhid.obj (.ebss)
                  0000abc0    0000008c     usbdma.obj (.ebss)
                  0000ac4c    00000031     usbdcdc.obj (.ebss)
                  0000ac7d    00000001     F2837xS_sci_io.obj (.ebss)
                  0000ac7e    00000002     rts2800_fpu32.lib : _lock.obj (.ebss:__lock)
                  0000ac80    00000080     usbdenum.obj (.ebss)
                  0000ad00    00000078     F2837xS_struct.obj (.ebss)
                  0000ad78    00000006     F2837xS_TempSensorConv.obj (.ebss)
                  0000ad7e    00000002     rts2800_fpu32.lib : _lock.obj (.ebss:__unlock)
                  0000ad80    0000004e     IR.obj (.ebss)
                  0000adce    0000002b     usbdaudio.obj (.ebss)
                  0000adf9    00000001     ustdlib.obj (.ebss)
                  0000adfa    00000004     rts2800_fpu32.lib : exit.obj (.ebss)

.ebss.2    1    0000ae00    0000003e     UNINITIALIZED
                  0000ae00    0000003e     usbhhub.obj (.ebss)

.ebss.3    1    0000ae40    0000007e     UNINITIALIZED
                  0000ae40    0000002a     usbhaudio.obj (.ebss)
                  0000ae6a    00000016     usbhhidkeyboard.obj (.ebss)
                  0000ae80    00000025     usbddfu-rt.obj (.ebss)
                  0000aea5    00000001     --HOLE--
                  0000aea6    00000018     F2837xS_CpuTimers.obj (.ebss)

.ebss.4    1    0000aec0    0000003c     UNINITIALIZED
                  0000aec0    00000024     usbdhidkeyb.obj (.ebss)
                  0000aee4    00000014     usbdcomp.obj (.ebss)
                  0000aef8    00000004     uartstdio.obj (.ebss)

.ebss.5    1    0000af00    000000ac     UNINITIALIZED
                  0000af00    00000022     usbdhidmouse.obj (.ebss)
                  0000af22    0000001e     usbtick.obj (.ebss)
                  0000af40    0000001f     usbdbulk.obj (.ebss)
                  0000af5f    00000001     --HOLE--
                  0000af60    00000012     cmdline.obj (.ebss)
                  0000af72    0000000e     usbhmsc.obj (.ebss)
                  0000af80    00000012     usbdhid.obj (.ebss)
                  0000af92    00000010     usbhhidmouse.obj (.ebss)
                  0000afa2    0000000a     usbmode.obj (.ebss)

Emif1RegsFile 
*          1    00047000    00000070     UNINITIALIZED
                  00047000    00000070     F2837xS_GlobalVariableDefs.obj (Emif1RegsFile)

Emif2RegsFile 
*          1    00047800    00000070     UNINITIALIZED
                  00047800    00000070     F2837xS_GlobalVariableDefs.obj (Emif2RegsFile)

FlashPumpSemaphoreRegsFile 
*          1    00050024    00000002     UNINITIALIZED
                  00050024    00000002     F2837xS_GlobalVariableDefs.obj (FlashPumpSemaphoreRegsFile)

DevCfgRegsFile 
*          1    0005d000    0000012e     UNINITIALIZED
                  0005d000    0000012e     F2837xS_GlobalVariableDefs.obj (DevCfgRegsFile)

AnalogSubsysRegsFile 
*          1    0005d180    00000048     UNINITIALIZED
                  0005d180    00000048     F2837xS_GlobalVariableDefs.obj (AnalogSubsysRegsFile)

Cla1SoftIntRegsFile 
*          1    00000ce0    00000004     DSECT
                  00000ce0    00000004     F2837xS_GlobalVariableDefs.obj (Cla1SoftIntRegsFile)

ClkCfgRegsFile 
*          1    0005d200    00000032     UNINITIALIZED
                  0005d200    00000032     F2837xS_GlobalVariableDefs.obj (ClkCfgRegsFile)

CpuSysRegsFile 
*          1    0005d300    00000082     UNINITIALIZED
                  0005d300    00000082     F2837xS_GlobalVariableDefs.obj (CpuSysRegsFile)

RomPrefetchRegsFile 
*          1    0005e608    00000002     UNINITIALIZED
                  0005e608    00000002     F2837xS_GlobalVariableDefs.obj (RomPrefetchRegsFile)

DcsmZ1RegsFile 
*          1    0005f000    00000024     UNINITIALIZED
                  0005f000    00000024     F2837xS_GlobalVariableDefs.obj (DcsmZ1RegsFile)

DcsmZ2RegsFile 
*          1    0005f040    00000024     UNINITIALIZED
                  0005f040    00000024     F2837xS_GlobalVariableDefs.obj (DcsmZ2RegsFile)

DcsmCommonRegsFile 
*          1    0005f070    00000008     UNINITIALIZED
                  0005f070    00000008     F2837xS_GlobalVariableDefs.obj (DcsmCommonRegsFile)

MemCfgRegsFile 
*          1    0005f400    00000080     UNINITIALIZED
                  0005f400    00000080     F2837xS_GlobalVariableDefs.obj (MemCfgRegsFile)

Emif1ConfigRegsFile 
*          1    0005f480    00000020     UNINITIALIZED
                  0005f480    00000020     F2837xS_GlobalVariableDefs.obj (Emif1ConfigRegsFile)

Emif2ConfigRegsFile 
*          1    0005f4a0    00000020     UNINITIALIZED
                  0005f4a0    00000020     F2837xS_GlobalVariableDefs.obj (Emif2ConfigRegsFile)

AccessProtectionRegsFile 
*          1    0005f4c0    00000040     UNINITIALIZED
                  0005f4c0    00000040     F2837xS_GlobalVariableDefs.obj (AccessProtectionRegsFile)

MemoryErrorRegsFile 
*          1    0005f500    00000040     UNINITIALIZED
                  0005f500    00000040     F2837xS_GlobalVariableDefs.obj (MemoryErrorRegsFile)

RomWaitStateRegsFile 
*          1    0005f540    00000002     UNINITIALIZED
                  0005f540    00000002     F2837xS_GlobalVariableDefs.obj (RomWaitStateRegsFile)

Flash0CtrlRegsFile 
*          1    0005f800    00000182     UNINITIALIZED
                  0005f800    00000182     F2837xS_GlobalVariableDefs.obj (Flash0CtrlRegsFile)

Flash0EccRegsFile 
*          1    0005fb00    00000028     UNINITIALIZED
                  0005fb00    00000028     F2837xS_GlobalVariableDefs.obj (Flash0EccRegsFile)

Flash1CtrlRegsFile 
*          1    0005fc00    00000182     UNINITIALIZED
                  0005fc00    00000182     F2837xS_GlobalVariableDefs.obj (Flash1CtrlRegsFile)

Flash1EccRegsFile 
*          1    0005ff00    00000028     UNINITIALIZED
                  0005ff00    00000028     F2837xS_GlobalVariableDefs.obj (Flash1EccRegsFile)

DcsmZ1OtpFile 
*          1    00078000    00000020     NOLOAD SECTION
                  00078000    00000020     F2837xS_GlobalVariableDefs.obj (DcsmZ1OtpFile)

DcsmZ2OtpFile 
*          1    00078200    00000020     NOLOAD SECTION
                  00078200    00000020     F2837xS_GlobalVariableDefs.obj (DcsmZ2OtpFile)

.pinit     0    00082000    00000000     UNINITIALIZED

.reset     0    003fffc0    00000002     DSECT
                  003fffc0    00000002     rts2800_fpu32.lib : boot.obj (.reset)


GLOBAL DATA SYMBOLS: SORTED BY DATA PAGE

address     data page           name
--------    ----------------    ----
00000400      10 (00000400)     __stack

00000b00      2c (00000b00)     _AdcaResultRegs
00000b20      2c (00000b00)     _AdcbResultRegs

00000b40      2d (00000b40)     _AdccResultRegs
00000b60      2d (00000b40)     _AdcdResultRegs

00000c00      30 (00000c00)     _CpuTimer0Regs
00000c08      30 (00000c00)     _CpuTimer1Regs
00000c10      30 (00000c00)     _CpuTimer2Regs

00000ce0      33 (00000cc0)     _Cla1SoftIntRegs
00000ce0      33 (00000cc0)     _PieCtrlRegs

00000d00      34 (00000d00)     _EmuKey
00000d00      34 (00000d00)     _PieVectTable
00000d01      34 (00000d00)     _EmuBMode

00001000      40 (00001000)     _DmaRegs

00001400      50 (00001400)     _Cla1Regs

00004000     100 (00004000)     _EPwm1Regs

00004100     104 (00004100)     _EPwm2Regs

00004200     108 (00004200)     _EPwm3Regs

00004300     10c (00004300)     _EPwm4Regs

00004400     110 (00004400)     _EPwm5Regs

00004500     114 (00004500)     _EPwm6Regs

00004600     118 (00004600)     _EPwm7Regs

00004700     11c (00004700)     _EPwm8Regs

00004800     120 (00004800)     _EPwm9Regs

00004900     124 (00004900)     _EPwm10Regs

00004a00     128 (00004a00)     _EPwm11Regs

00004b00     12c (00004b00)     _EPwm12Regs

00005000     140 (00005000)     _ECap1Regs
00005020     140 (00005000)     _ECap2Regs

00005040     141 (00005040)     _ECap3Regs
00005060     141 (00005040)     _ECap4Regs

00005080     142 (00005080)     _ECap5Regs
000050a0     142 (00005080)     _ECap6Regs

00005100     144 (00005100)     _EQep1Regs

00005140     145 (00005140)     _EQep2Regs

00005180     146 (00005180)     _EQep3Regs

00005c00     170 (00005c00)     _DacaRegs
00005c10     170 (00005c00)     _DacbRegs
00005c20     170 (00005c00)     _DaccRegs

00005c80     172 (00005c80)     _Cmpss1Regs
00005ca0     172 (00005c80)     _Cmpss2Regs

00005cc0     173 (00005cc0)     _Cmpss3Regs
00005ce0     173 (00005cc0)     _Cmpss4Regs

00005d00     174 (00005d00)     _Cmpss5Regs
00005d20     174 (00005d00)     _Cmpss6Regs

00005d40     175 (00005d40)     _Cmpss7Regs
00005d60     175 (00005d40)     _Cmpss8Regs

00005e00     178 (00005e00)     _Sdfm1Regs

00005e80     17a (00005e80)     _Sdfm2Regs

00006000     180 (00006000)     _McbspaRegs

00006040     181 (00006040)     _McbspbRegs

00006100     184 (00006100)     _SpiaRegs
00006110     184 (00006100)     _SpibRegs
00006120     184 (00006100)     _SpicRegs

00006200     188 (00006200)     _UppRegs

00007000     1c0 (00007000)     _WdRegs

00007060     1c1 (00007040)     _NmiIntruptRegs
00007070     1c1 (00007040)     _XintRegs

00007200     1c8 (00007200)     _SciaRegs
00007210     1c8 (00007200)     _ScibRegs
00007220     1c8 (00007200)     _ScicRegs
00007230     1c8 (00007200)     _ScidRegs

00007300     1cc (00007300)     _I2caRegs

00007340     1cd (00007340)     _I2cbRegs

00007400     1d0 (00007400)     _AdcaRegs

00007480     1d2 (00007480)     _AdcbRegs

00007500     1d4 (00007500)     _AdccRegs

00007580     1d6 (00007580)     _AdcdRegs

00007900     1e4 (00007900)     _InputXbarRegs
00007920     1e4 (00007900)     _XbarRegs

00007940     1e5 (00007940)     _SyncSocRegs

00007980     1e6 (00007980)     _DmaClaSrcSelRegs

00007a00     1e8 (00007a00)     _EPwmXbarRegs

00007a80     1ea (00007a80)     _OutputXbarRegs

00007c00     1f0 (00007c00)     _GpioCtrlRegs

00007f00     1fc (00007f00)     _GpioDataRegs

0000ac4c     2b1 (0000ac40)     _g_psCDCSerSections
0000ac52     2b1 (0000ac40)     _g_psCDCCompSerSections
0000ac5a     2b1 (0000ac40)     _g_pui8IADSerDescriptor
0000ac62     2b1 (0000ac40)     _g_pui8CDCSerDescriptor
0000ac6b     2b1 (0000ac40)     _g_pui8CDCSerDeviceDescriptor
0000ac7d     2b1 (0000ac40)     _deviceOpen
0000ac7e     2b1 (0000ac40)     __lock

0000ac80     2b2 (0000ac80)     _g_ppsDevInfo
0000ac84     2b2 (0000ac80)     _g_psDCDInst

0000ad00     2b4 (0000ad00)     _SCI
0000ad04     2b4 (0000ad00)     _MCBSP
0000ad08     2b4 (0000ad00)     _I2C
0000ad0c     2b4 (0000ad00)     _SDFM
0000ad12     2b4 (0000ad00)     _EQEP
0000ad1a     2b4 (0000ad00)     _SPI
0000ad22     2b4 (0000ad00)     _ADC
0000ad2c     2b4 (0000ad00)     _ECAP

0000ad40     2b5 (0000ad40)     _EPWM
0000ad5a     2b5 (0000ad40)     _TRIP_SEL
0000ad78     2b5 (0000ad40)     _tempSensor_tempOffset
0000ad7a     2b5 (0000ad40)     _tempSensor_tempSlope
0000ad7c     2b5 (0000ad40)     _tempSensor_scaleFactor
0000ad7e     2b5 (0000ad40)     __unlock

0000ad80     2b6 (0000ad80)     _IR_PWM50
0000ad81     2b6 (0000ad80)     _IR_state
0000ad82     2b6 (0000ad80)     _Sanyo_Pause
0000ad84     2b6 (0000ad80)     _Sanyo_Record
0000ad86     2b6 (0000ad80)     _Vizio_Power
0000ad88     2b6 (0000ad80)     _Sanyo_Stop
0000ad8a     2b6 (0000ad80)     _Sanyo_Rewind
0000ad8c     2b6 (0000ad80)     _Sanyo_Source
0000ad8e     2b6 (0000ad80)     _Sanyo_Forward
0000ad90     2b6 (0000ad80)     _Sanyo_Play
0000ad92     2b6 (0000ad80)     _Vizio_Sleep
0000ad94     2b6 (0000ad80)     _Idylis_Mode
0000ad96     2b6 (0000ad80)     _Idylis_FanSpeed
0000ad98     2b6 (0000ad80)     _Idylis_Minus
0000ad9a     2b6 (0000ad80)     _Idylis_Plus
0000ad9c     2b6 (0000ad80)     _Vizio_Volume_Up
0000ad9e     2b6 (0000ad80)     _Vizio_Menu
0000ada0     2b6 (0000ad80)     _Idylis_Power
0000ada2     2b6 (0000ad80)     _Vizio_Volume_Down
0000ada4     2b6 (0000ad80)     _Idylis_Timer
0000ada6     2b6 (0000ad80)     _Sanyo_Channel_Down
0000ada8     2b6 (0000ad80)     _Sanyo_Channel_Up
0000adaa     2b6 (0000ad80)     _Sanyo_Back
0000adac     2b6 (0000ad80)     _Sanyo_Mute
0000adae     2b6 (0000ad80)     _Sanyo_1
0000adb0     2b6 (0000ad80)     _Sanyo_Sleep
0000adb2     2b6 (0000ad80)     _Sanyo_Power
0000adb4     2b6 (0000ad80)     _Sanyo_Volume_Up
0000adb6     2b6 (0000ad80)     _Sanyo_Menu
0000adb8     2b6 (0000ad80)     _Sanyo_Volume_Down
0000adba     2b6 (0000ad80)     _Sanyo_8
0000adbc     2b6 (0000ad80)     _Sanyo_7
0000adbe     2b6 (0000ad80)     _Sanyo_0

0000adc0     2b7 (0000adc0)     _Sanyo_9
0000adc2     2b7 (0000adc0)     _Sanyo_Enter
0000adc4     2b7 (0000adc0)     _Sanyo_3
0000adc6     2b7 (0000adc0)     _Sanyo_2
0000adc8     2b7 (0000adc0)     _Sanyo_5
0000adca     2b7 (0000adc0)     _Sanyo_4
0000adcc     2b7 (0000adc0)     _Sanyo_6
0000adce     2b7 (0000adc0)     _g_pui8IADAudioDescriptor
0000add6     2b7 (0000adc0)     _g_psAudioSections
0000adfa     2b7 (0000adc0)     ___TI_cleanup_ptr
0000adfc     2b7 (0000adc0)     ___TI_dtors_ptr

0000ae80     2ba (0000ae80)     _g_sDFUConfigHeader
0000ae84     2ba (0000ae80)     _g_psDFUSections
0000ae8a     2ba (0000ae80)     _g_pui8DFUInterface
0000ae93     2ba (0000ae80)     _g_pui8DFUFunctionalDesc
0000ae9c     2ba (0000ae80)     _g_pui8DFUConfigDescriptor
0000aea6     2ba (0000ae80)     _CpuTimer1
0000aeae     2ba (0000ae80)     _CpuTimer2
0000aeb6     2ba (0000ae80)     _CpuTimer0

0000aee4     2bb (0000aec0)     _g_ppCompConfigDescriptors

0000af00     2bc (0000af00)     _g_sHIDConfigHeader
0000af04     2bc (0000af00)     _g_sHIDDescriptorSection
0000af08     2bc (0000af00)     _g_psHIDSections
0000af10     2bc (0000af00)     _g_pui8HIDInterface
0000af19     2bc (0000af00)     _g_pui8MouseDescriptor
0000af22     2bc (0000af00)     _g_bUSBTimerInitialized
0000af24     2bc (0000af00)     _g_ui32CurrentUSBTick
0000af26     2bc (0000af00)     _g_ui32USBSOFCount
0000af28     2bc (0000af00)     _g_pfnTickHandlers
0000af34     2bc (0000af00)     _g_pvTickInstance

0000af40     2bd (0000af40)     _g_psBulkSections
0000af44     2bd (0000af40)     _g_pui8BulkDescriptor
0000af4d     2bd (0000af40)     _g_pui8BulkDeviceDescriptor

0000af80     2be (0000af80)     _g_pui8HIDDeviceDescriptor
0000afa3     2be (0000af80)     _g_iUSBMode
0000afa4     2be (0000af80)     _g_eOTGModeState
0000afa8     2be (0000af80)     _g_ui32PollRate
0000afaa     2be (0000af80)     _g_ui32WaitTicks

00047000    11c0 (00047000)     _Emif1Regs

00047800    11e0 (00047800)     _Emif2Regs

00050024    1400 (00050000)     _FlashPumpSemaphoreRegs

0005d000    1740 (0005d000)     _DevCfgRegs

0005d180    1746 (0005d180)     _AnalogSubsysRegs

0005d200    1748 (0005d200)     _ClkCfgRegs

0005d300    174c (0005d300)     _CpuSysRegs

0005e608    1798 (0005e600)     _RomPrefetchRegs

0005f000    17c0 (0005f000)     _DcsmZ1Regs

0005f040    17c1 (0005f040)     _DcsmZ2Regs
0005f070    17c1 (0005f040)     _DcsmCommonRegs

0005f400    17d0 (0005f400)     _MemCfgRegs

0005f480    17d2 (0005f480)     _Emif1ConfigRegs
0005f4a0    17d2 (0005f480)     _Emif2ConfigRegs

0005f4c0    17d3 (0005f4c0)     _AccessProtectionRegs

0005f500    17d4 (0005f500)     _MemoryErrorRegs

0005f540    17d5 (0005f540)     _RomWaitStateRegs

0005f800    17e0 (0005f800)     _Flash0CtrlRegs

0005fb00    17ec (0005fb00)     _Flash0EccRegs

0005fc00    17f0 (0005fc00)     _Flash1CtrlRegs

0005ff00    17fc (0005ff00)     _Flash1EccRegs

00078000    1e00 (00078000)     _DcsmZ1Otp

00078200    1e08 (00078200)     _DcsmZ2Otp

00090000    2400 (00090000)     _g_pui8KeyBoardMap

00090200    2408 (00090200)     _PieVectTableInit

000903c0    240f (000903c0)     _g_sUSKeyboardMap

000904c4    2413 (000904c0)     _g_pui8AudioControlInterface
000904f8    2413 (000904c0)     _g_pui8AudioStreamInterface

0009052c    2414 (00090500)     _g_sCDCSerDataInterfaceSection
00090530    2414 (00090500)     _g_sCDCSerCommInterfaceSection
00090534    2414 (00090500)     _g_sCDCCompSerConfigHeader
00090538    2414 (00090500)     _g_sCDCSerConfigHeader
0009053c    2414 (00090500)     _g_sIADSerConfigSection

00090540    2415 (00090540)     _g_sCDCSerConfigSection
00090544    2415 (00090540)     _g_sCDCHandlers
0009055c    2415 (00090540)     _g_sAudioStreamInterfaceSection
00090560    2415 (00090540)     _g_sAudioControlInterfaceSection
00090564    2415 (00090540)     _g_sAudioConfigSection
00090568    2415 (00090540)     _g_sAudioConfigHeader
0009056c    2415 (00090540)     _g_sIADAudioConfigSection

00090588    2416 (00090580)     _g_sBulkConfigSection
0009058c    2416 (00090580)     _g_sBulkInterfaceSection
00090590    2416 (00090580)     _g_sBulkConfigHeader
00090594    2416 (00090580)     _g_sBulkHandlers
000905ac    2416 (00090580)     _g_sDFUFunctionalDescSection
000905b0    2416 (00090580)     _g_sDFUConfigSection
000905b4    2416 (00090580)     _g_sDFUInterfaceSection

000905d0    2417 (000905c0)     _g_pui8CDCSerCommInterface

00090662    2419 (00090640)     _g_sCompHandlers
0009067a    2419 (00090640)     _g_sHIDHandlers

00090692    241a (00090680)     _g_pui8BulkInterface
000906a9    241a (00090680)     _g_pui8CDCSerDataInterface

000906c0    241b (000906c0)     _g_sHIDConfigSection
000906c4    241b (000906c0)     _g_sHIDInterfaceSection
000906c8    241b (000906c0)     _g_sHIDInEndpointSection
000906d5    241b (000906c0)     _g_pui8DFUDeviceDescriptor
000906fe    241b (000906c0)     _g_sUSBHostAudioClassDriver

00090706    241c (00090700)     _g_sUSBHIDClassDriver
0009070e    241c (00090700)     _g_sUSBHubClassDriver
00090716    241c (00090700)     _g_sUSBHostMSCClassDriver
00090725    241c (00090700)     _g_pui8HIDInEndpoint
00090734    241c (00090700)     _g_pCDCCompSerConfigDescriptors
00090736    241c (00090700)     _g_ppAudioConfigDescriptors
00090738    241c (00090700)     _g_ppBulkConfigDescriptors
0009073a    241c (00090700)     _g_ppCDCSerConfigDescriptors
0009073c    241c (00090700)     _g_ppsDFUConfigDescriptors


GLOBAL SYMBOLS: SORTED ALPHABETICALLY BY Name 

page  address   name                                  
----  -------   ----                                  
abs   ffffffff  .text                                 
0     000892bb  C$$EXIT                               
0     00088e6c  FD$$ADD                               
0     00088f98  FD$$DIV                               
0     000890ab  FD$$MPY                               
0     00089334  FD$$SUB                               
0     00089265  FD$$TOL                               
0     000892eb  UL$$TOFD                              
1     0000ad22  _ADC                                  
0     00086136  _ADCA1_ISR                            
0     000863b6  _ADCA2_ISR                            
0     000863c0  _ADCA3_ISR                            
0     000863ca  _ADCA4_ISR                            
0     000863ac  _ADCA_EVT_ISR                         
0     00086140  _ADCB1_ISR                            
0     000863de  _ADCB2_ISR                            
0     000863e8  _ADCB3_ISR                            
0     000863f2  _ADCB4_ISR                            
0     000863d4  _ADCB_EVT_ISR                         
0     0008614a  _ADCC1_ISR                            
0     00086546  _ADCC2_ISR                            
0     00086550  _ADCC3_ISR                            
0     0008655a  _ADCC4_ISR                            
0     0008653c  _ADCC_EVT_ISR                         
0     00086168  _ADCD1_ISR                            
0     0008656e  _ADCD2_ISR                            
0     00086578  _ADCD3_ISR                            
0     00086582  _ADCD4_ISR                            
0     00086564  _ADCD_EVT_ISR                         
0     000865be  _AUX_PLL_SLIP_ISR                     
1     0005f4c0  _AccessProtectionRegs                 
1     00007400  _AdcaRegs                             
1     00000b00  _AdcaResultRegs                       
1     00007480  _AdcbRegs                             
1     00000b20  _AdcbResultRegs                       
1     00007500  _AdccRegs                             
1     00000b40  _AdccResultRegs                       
1     00007580  _AdcdRegs                             
1     00000b60  _AdcdResultRegs                       
1     0005d180  _AnalogSubsysRegs                     
0     00087b05  _AuxAuxClkSel                         
0     00087aef  _AuxIntOsc2Sel                        
0     00087af9  _AuxXtalOscSel                        
0     00083d4d  _BuildCompositeDescriptor             
0     00086384  _CANA0_ISR                            
0     0008638e  _CANA1_ISR                            
0     00086398  _CANB0_ISR                            
0     000863a2  _CANB1_ISR                            
0     000863fc  _CLA1_1_ISR                           
0     00086406  _CLA1_2_ISR                           
0     00086410  _CLA1_3_ISR                           
0     0008641a  _CLA1_4_ISR                           
0     00086424  _CLA1_5_ISR                           
0     0008642e  _CLA1_6_ISR                           
0     00086438  _CLA1_7_ISR                           
0     00086442  _CLA1_8_ISR                           
0     000865c8  _CLA_OVERFLOW_ISR                     
0     000865d2  _CLA_UNDERFLOW_ISR                    
1     00001400  _Cla1Regs                             
0     00000ce0  _Cla1SoftIntRegs                      
1     0005d200  _ClkCfgRegs                           
1     00005c80  _Cmpss1Regs                           
1     00005ca0  _Cmpss2Regs                           
1     00005cc0  _Cmpss3Regs                           
1     00005ce0  _Cmpss4Regs                           
1     00005d00  _Cmpss5Regs                           
1     00005d20  _Cmpss6Regs                           
1     00005d40  _Cmpss7Regs                           
1     00005d60  _Cmpss8Regs                           
0     000823b8  _ConfigDescAlloc                      
0     00082406  _ConfigDescFree                       
1     0005d300  _CpuSysRegs                           
1     0000aeb6  _CpuTimer0                            
1     00000c00  _CpuTimer0Regs                        
1     0000aea6  _CpuTimer1                            
1     00000c08  _CpuTimer1Regs                        
1     0000aeae  _CpuTimer2                            
1     00000c10  _CpuTimer2Regs                        
0     00087aae  _CsmUnlock                            
0     0008608c  _DATALOG_ISR                          
0     000862d0  _DMA_CH1_ISR                          
0     000862da  _DMA_CH2_ISR                          
0     000862e4  _DMA_CH3_ISR                          
0     000862ee  _DMA_CH4_ISR                          
0     000862f8  _DMA_CH5_ISR                          
0     00086302  _DMA_CH6_ISR                          
1     00005c00  _DacaRegs                             
1     00005c10  _DacbRegs                             
1     00005c20  _DaccRegs                             
1     0005f070  _DcsmCommonRegs                       
1     00078000  _DcsmZ1Otp                            
1     0005f000  _DcsmZ1Regs                           
1     00078200  _DcsmZ2Otp                            
1     0005f040  _DcsmZ2Regs                           
1     0005d000  _DevCfgRegs                           
0     00087980  _DisableDog                           
0     00087932  _DisablePeripheralClocks              
1     00007980  _DmaClaSrcSelRegs                     
1     00001000  _DmaRegs                              
1     0000ad2c  _ECAP                                 
0     00086226  _ECAP1_ISR                            
0     00086230  _ECAP2_ISR                            
0     0008623a  _ECAP3_ISR                            
0     00086244  _ECAP4_ISR                            
0     0008624e  _ECAP5_ISR                            
0     00086258  _ECAP6_ISR                            
1     00005000  _ECap1Regs                            
1     00005020  _ECap2Regs                            
1     00005040  _ECap3Regs                            
1     00005060  _ECap4Regs                            
1     00005080  _ECap5Regs                            
1     000050a0  _ECap6Regs                            
0     0008658c  _EMIF_ERROR_ISR                       
0     000865e6  _EMPTY_ISR                            
0     000860a0  _EMU_ISR                              
1     0000ad40  _EPWM                                 
0     000864e2  _EPWM10_ISR                           
0     000864ba  _EPWM10_TZ_ISR                        
0     000864ec  _EPWM11_ISR                           
0     000864c4  _EPWM11_TZ_ISR                        
0     000864f6  _EPWM12_ISR                           
0     000864ce  _EPWM12_TZ_ISR                        
0     000861d6  _EPWM1_ISR                            
0     00086186  _EPWM1_TZ_ISR                         
0     000861e0  _EPWM2_ISR                            
0     00086190  _EPWM2_TZ_ISR                         
0     000861ea  _EPWM3_ISR                            
0     0008619a  _EPWM3_TZ_ISR                         
0     000861f4  _EPWM4_ISR                            
0     000861a4  _EPWM4_TZ_ISR                         
0     000861fe  _EPWM5_ISR                            
0     000861ae  _EPWM5_TZ_ISR                         
0     00086208  _EPWM6_ISR                            
0     000861b8  _EPWM6_TZ_ISR                         
0     00086212  _EPWM7_ISR                            
0     000861c2  _EPWM7_TZ_ISR                         
0     0008621c  _EPWM8_ISR                            
0     000861cc  _EPWM8_TZ_ISR                         
0     000864d8  _EPWM9_ISR                            
0     000864b0  _EPWM9_TZ_ISR                         
1     00004900  _EPwm10Regs                           
1     00004a00  _EPwm11Regs                           
1     00004b00  _EPwm12Regs                           
1     00004000  _EPwm1Regs                            
1     00004100  _EPwm2Regs                            
1     00004200  _EPwm3Regs                            
1     00004300  _EPwm4Regs                            
1     00004400  _EPwm5Regs                            
1     00004500  _EPwm6Regs                            
1     00004600  _EPwm7Regs                            
1     00004700  _EPwm8Regs                            
1     00004800  _EPwm9Regs                            
1     00007a00  _EPwmXbarRegs                         
1     0000ad12  _EQEP                                 
0     00086262  _EQEP1_ISR                            
0     0008626c  _EQEP2_ISR                            
0     00086276  _EQEP3_ISR                            
1     00005100  _EQep1Regs                            
1     00005140  _EQep2Regs                            
1     00005180  _EQep3Regs                            
1     0005f480  _Emif1ConfigRegs                      
1     00047000  _Emif1Regs                            
1     0005f4a0  _Emif2ConfigRegs                      
1     00047800  _Emif2Regs                            
1     00000d01  _EmuBMode                             
1     00000d00  _EmuKey                               
0     0000806e  _F28x_usDelay                         
0     000865a0  _FLASH_CORRECTABLE_ERROR_ISR          
0     00086474  _FPU_OVERFLOW_ISR                     
0     0008647e  _FPU_UNDERFLOW_ISR                    
1     0005f800  _Flash0CtrlRegs                       
1     0005fb00  _Flash0EccRegs                        
1     0005fc00  _Flash1CtrlRegs                       
1     0005ff00  _Flash1EccRegs                        
0     00008052  _FlashOff_Bank0                       
0     00008060  _FlashOff_Bank1                       
1     00050024  _FlashPumpSemaphoreRegs               
0     0008845b  _GPIO_EnableUnbondedIOPullups         
0     00088436  _GPIO_EnableUnbondedIOPullupsFor100Pin
0     0008841d  _GPIO_EnableUnbondedIOPullupsFor176Pin
0     00088471  _GPIO_ReadPin                         
0     000883c2  _GPIO_SetupLock                       
0     000882a0  _GPIO_SetupPinMux                     
0     0008832e  _GPIO_SetupPinOptions                 
0     000883eb  _GPIO_SetupXINT1Gpio                  
0     000883f5  _GPIO_SetupXINT2Gpio                  
0     000883ff  _GPIO_SetupXINT3Gpio                  
0     00088409  _GPIO_SetupXINT4Gpio                  
0     00088413  _GPIO_SetupXINT5Gpio                  
0     00088488  _GPIO_WritePin                        
1     00007c00  _GpioCtrlRegs                         
1     00007f00  _GpioDataRegs                         
0     00087b23  _HALT                                 
0     00087b34  _HIB                                  
1     0000ad08  _I2C                                  
0     00086316  _I2CA_FIFO_ISR                        
0     0008630c  _I2CA_ISR                             
0     0008632a  _I2CB_FIFO_ISR                        
0     00086320  _I2CB_ISR                             
1     00007300  _I2caRegs                             
1     00007340  _I2cbRegs                             
0     00087b0f  _IDLE                                 
0     000860b4  _ILLEGAL_ISR                          
0     00086488  _IPC0_ISR                             
0     00086492  _IPC1_ISR                             
0     0008649c  _IPC2_ISR                             
0     000864a6  _IPC3_ISR                             
1     0000ad80  _IR_PWM50                             
1     0000ad81  _IR_state                             
1     0000ad96  _Idylis_FanSpeed                      
1     0000ad98  _Idylis_Minus                         
1     0000ad94  _Idylis_Mode                          
1     0000ad9a  _Idylis_Plus                          
1     0000ada0  _Idylis_Power                         
1     0000ada4  _Idylis_Timer                         
0     00087a17  _InitAuxPll                           
0     00008000  _InitFlash_Bank0                      
0     00008029  _InitFlash_Bank1                      
0     0008825c  _InitGpio                             
0     00083fbb  _InitLEDs                             
0     000878ae  _InitPeripheralClocks                 
0     0008923d  _InitPieVectTable                     
0     00087871  _InitSysCtrl                          
0     0008798e  _InitSysPll                           
0     00088e69  _Init_Modules                         
0     00088dc1  _Init_Pins                            
1     00007900  _InputXbarRegs                        
0     00089326  _IntDefaultHandler                    
0     000889b0  _IntDisable                           
0     00088918  _IntEnable                            
0     00088a35  _IntIFRClear                          
0     000888e8  _IntMasterDisable                     
0     000888e0  _IntMasterEnable                      
0     000888f0  _IntRegister                          
0     00088903  _IntUnregister                        
0     000834c0  _InternalUSBHCDSendEvent              
0     0008904e  _InternalUSBRegisterTickHandler       
0     0008907e  _InternalUSBStartOfFrameTick          
0     00089023  _InternalUSBTickInit                  
0     0008904a  _InternalUSBTickReset                 
0     00083ff0  _LED_GreenLED                         
0     00083fe1  _LED_RedLED                           
1     0000ad04  _MCBSP                                
0     000862a8  _MCBSPA_RX_ISR                        
0     000862b2  _MCBSPA_TX_ISR                        
0     000862bc  _MCBSPB_RX_ISR                        
0     000862c6  _MCBSPB_TX_ISR                        
0     00089301  _MSC_DelayNOP                         
1     00006000  _McbspaRegs                           
1     00006040  _McbspbRegs                           
1     0005f400  _MemCfgRegs                           
1     0005f500  _MemoryErrorRegs                      
0     000860aa  _NMI_ISR                              
0     000865f3  _NOTUSED_ISR                          
1     00007060  _NmiIntruptRegs                       
0     000881fe  _OTGDeviceDisconnect                  
1     00007a80  _OutputXbarRegs                       
0     000865dc  _PIE_RESERVED_ISR                     
1     00000ce0  _PieCtrlRegs                          
1     00000d00  _PieVectTable                         
0     00090200  _PieVectTableInit                     
0     00085918  _ProcessDataFromHost                  
0     000859a5  _ProcessDataToHost                    
0     00085976  _ProcessNotificationToHost            
0     000865aa  _RAM_ACCESS_VIOLATION_ISR             
0     00086596  _RAM_CORRECTABLE_ERROR_ISR            
0     00086096  _RTOS_ISR                             
0     00086076  _RamfuncsLoadEnd                      
abs   00000076  _RamfuncsLoadSize                     
0     00086000  _RamfuncsLoadStart                    
0     00008076  _RamfuncsRunEnd                       
abs   00000076  _RamfuncsRunSize                      
0     00008000  _RamfuncsRunStart                     
0     00087968  _ReleaseFlashPump                     
1     0005e608  _RomPrefetchRegs                      
1     0005f540  _RomWaitStateRegs                     
1     0000ad00  _SCI                                  
0     0008635c  _SCIA_RX_ISR                          
0     00086366  _SCIA_TX_ISR                          
0     00086370  _SCIB_RX_ISR                          
0     0008637a  _SCIB_TX_ISR                          
0     00086334  _SCIC_RX_ISR                          
0     0008633e  _SCIC_TX_ISR                          
0     00086348  _SCID_RX_ISR                          
0     00086352  _SCID_TX_ISR                          
0     00086500  _SD1_ISR                              
0     0008650a  _SD2_ISR                              
1     0000ad0c  _SDFM                                 
1     0000ad1a  _SPI                                  
0     00086280  _SPIA_RX_ISR                          
0     0008628a  _SPIA_TX_ISR                          
0     00086294  _SPIB_RX_ISR                          
0     0008629e  _SPIB_TX_ISR                          
0     00086514  _SPIC_RX_ISR                          
0     0008651e  _SPIC_TX_ISR                          
0     00087b18  _STANDBY                              
0     00089183  _SYS_ClearPIE                         
0     0008912e  _SYS_ConfigureOscillator              
0     0008916b  _SYS_DisableWatchdog                  
0     00089179  _SYS_Interrupts                       
0     000891a0  _SYS_PIEVectorTable                   
0     000865b4  _SYS_PLL_SLIP_ISR                     
1     0000adbe  _Sanyo_0                              
1     0000adae  _Sanyo_1                              
1     0000adc6  _Sanyo_2                              
1     0000adc4  _Sanyo_3                              
1     0000adca  _Sanyo_4                              
1     0000adc8  _Sanyo_5                              
1     0000adcc  _Sanyo_6                              
1     0000adbc  _Sanyo_7                              
1     0000adba  _Sanyo_8                              
1     0000adc0  _Sanyo_9                              
1     0000adaa  _Sanyo_Back                           
1     0000ada6  _Sanyo_Channel_Down                   
1     0000ada8  _Sanyo_Channel_Up                     
1     0000adc2  _Sanyo_Enter                          
1     0000ad8e  _Sanyo_Forward                        
1     0000adb6  _Sanyo_Menu                           
1     0000adac  _Sanyo_Mute                           
1     0000ad82  _Sanyo_Pause                          
1     0000ad90  _Sanyo_Play                           
1     0000adb2  _Sanyo_Power                          
1     0000ad84  _Sanyo_Record                         
1     0000ad8a  _Sanyo_Rewind                         
1     0000adb0  _Sanyo_Sleep                          
1     0000ad8c  _Sanyo_Source                         
1     0000ad88  _Sanyo_Stop                           
1     0000adb8  _Sanyo_Volume_Down                    
1     0000adb4  _Sanyo_Volume_Up                      
1     00007200  _SciaRegs                             
1     00007210  _ScibRegs                             
1     00007220  _ScicRegs                             
1     00007230  _ScidRegs                             
1     00005e00  _Sdfm1Regs                            
1     00005e80  _Sdfm2Regs                            
0     0008794a  _SeizeFlashPump_Bank0                 
0     00087959  _SeizeFlashPump_Bank1                 
0     00087972  _ServiceDog                           
0     00089353  _SetDBGIER                            
1     00006100  _SpiaRegs                             
1     00006110  _SpibRegs                             
1     00006120  _SpicRegs                             
1     00007940  _SyncSocRegs                          
0     00087d27  _SysCtlAuxClockSet                    
0     00087c13  _SysCtlClockGet                       
0     00087c75  _SysCtlClockSet                       
0     00008072  _SysCtlDelay                          
0     00087c5e  _SysCtlLowSpeedClockGet               
0     00087bec  _SysCtlPeripheralDisable              
0     00087bd0  _SysCtlPeripheralEnable               
0     00087b48  _SysCtlPeripheralPresent              
0     00087b69  _SysCtlPeripheralReady                
0     00087ba2  _SysCtlPeripheralReset                
0     00087c09  _SysCtlReset                          
0     00087dba  _SysCtlUSBPLLDisable                  
0     00087db9  _SysCtlUSBPLLEnable                   
0     00087acf  _SysIntOsc1Sel                        
0     00087ad9  _SysIntOsc2Sel                        
0     000891b6  _SysTickDisable                       
0     000891af  _SysTickEnable                        
0     000891a3  _SysTickInit                          
0     000891de  _SysTickIntDisable                    
0     000891d4  _SysTickIntEnable                     
0     000891bb  _SysTickIntRegister                   
0     000891c9  _SysTickIntUnregister                 
0     000891ef  _SysTickPeriodGet                     
0     000891e8  _SysTickPeriodSet                     
0     000891f3  _SysTickValueGet                      
0     00087ae3  _SysXtalOscSel                        
0     00086172  _TIMER0_ISR                           
0     00086078  _TIMER1_ISR                           
0     00086082  _TIMER2_ISR                           
1     0000ad5a  _TRIP_SEL                             
0     00086528  _UPPA_ISR                             
0     00089314  _USB0DeviceIntHandler                 
0     00088050  _USB0DualModeIntHandler               
0     00083445  _USB0HostIntHandler                   
0     0008817f  _USB0OTGModeIntHandler                
0     00086532  _USBA_ISR                             
0     00086a14  _USBAudioBufferOut                    
0     00086843  _USBDAudioCompositeInit               
0     000867bd  _USBDAudioInit                        
0     000868bf  _USBDAudioTerm                        
0     00087406  _USBDBulkCompositeInit                
0     000873bf  _USBDBulkInit                         
0     000874da  _USBDBulkPacketRead                   
0     00087494  _USBDBulkPacketWrite                  
0     0008755e  _USBDBulkPowerStatusSet               
0     00087567  _USBDBulkRemoteWakeupRequest          
0     0008753f  _USBDBulkRxPacketAvailable            
0     0008747a  _USBDBulkSetRxCBData                  
0     00087484  _USBDBulkSetTxCBData                  
0     0008746d  _USBDBulkTerm                         
0     0008752f  _USBDBulkTxPacketAvailable            
0     00085cd7  _USBDCDCCompositeInit                 
0     00085d6f  _USBDCDCInit                          
0     00085e45  _USBDCDCPacketRead                    
0     00085dff  _USBDCDCPacketWrite                   
0     00085f16  _USBDCDCPowerStatusSet                
0     00085f1f  _USBDCDCRemoteWakeupRequest           
0     00085ebd  _USBDCDCRxPacketAvailable             
0     00085ee8  _USBDCDCSerialStateChange             
0     00085dcf  _USBDCDCSetControlCBData              
0     00085ddb  _USBDCDCSetRxCBData                   
0     00085ded  _USBDCDCSetTxCBData                   
0     00085dc2  _USBDCDCTerm                          
0     00085ead  _USBDCDCTxPacketAvailable             
0     00088b58  _USBDCDConfigDescGet                  
0     00088b32  _USBDCDConfigDescGetNum               
0     00088b18  _USBDCDConfigDescGetSize              
0     00088bc3  _USBDCDConfigGetInterface             
0     00088bdc  _USBDCDConfigGetInterfaceEndpoint     
0     00088b9e  _USBDCDConfigGetNumAlternateInterfaces
0     00084000  _USBDCDDeviceInfoInit                 
0     00084012  _USBDCDInit                           
0     000840ff  _USBDCDPowerStatusSet                 
0     0008410c  _USBDCDRemoteWakeupRequest            
0     000840c9  _USBDCDRequestDataEP0                 
0     000840d7  _USBDCDSendDataEP0                    
0     000840e6  _USBDCDSetDefaultConfiguration        
0     000840ee  _USBDCDStallEP0                       
0     00084094  _USBDCDTerm                           
0     00083eea  _USBDCompositeInit                    
0     00083fb7  _USBDCompositeTerm                    
0     00088c7a  _USBDDFUCompositeInit                 
0     00088cb4  _USBDDFUCompositeTerm                 
0     00088cc1  _USBDDFUUpdateBegin                   
0     00085623  _USBDHIDCompositeInit                 
0     000855ec  _USBDHIDInit                          
0     00085762  _USBDHIDPacketRead                    
0     000857e6  _USBDHIDPowerStatusSet                
0     000857ef  _USBDHIDRemoteWakeupRequest           
0     0008571f  _USBDHIDReportWrite                   
0     000857c7  _USBDHIDRxPacketAvailable             
0     000856ff  _USBDHIDSetRxCBData                   
0     0008570f  _USBDHIDSetTxCBData                   
0     000856f2  _USBDHIDTerm                          
0     000857b7  _USBDHIDTxPacketAvailable             
0     00088d17  _USBDescGet                           
0     00088d94  _USBDescGetInterface                  
0     00088dae  _USBDescGetInterfaceEndpoint          
0     00088cef  _USBDescGetNum                        
0     00088d44  _USBDescGetNumAlternateInterfaces     
0     00084b45  _USBDevAddrGet                        
0     00084b3e  _USBDevAddrSet                        
0     00084b29  _USBDevConnect                        
0     00084b33  _USBDevDisconnect                     
0     00084c4e  _USBDevEndpointConfigGet              
0     00084bed  _USBDevEndpointConfigSet              
0     00084e00  _USBDevEndpointDataAck                
0     00084acc  _USBDevEndpointStall                  
0     00084af1  _USBDevEndpointStallClear             
0     00084a22  _USBDevEndpointStatusClear            
0     00085029  _USBDevMode                           
0     0008872a  _USBDeviceConfig                      
0     00088873  _USBDeviceConfigAlternate             
0     00084190  _USBDeviceEnumHandler                 
0     00084251  _USBDeviceEnumResetHandler            
0     000847c5  _USBDeviceIntHandlerInternal          
0     00084122  _USBDeviceResumeTickHandler           
0     0008808b  _USBDualModeInit                      
0     000880ce  _USBDualModeTerm                      
0     00084ff4  _USBEndpointDMAChannel                
0     00084d2f  _USBEndpointDMAConfigSet              
0     00084d89  _USBEndpointDMADisable                
0     00084d71  _USBEndpointDMAEnable                 
0     00084da3  _USBEndpointDataAvail                 
0     00084dbf  _USBEndpointDataGet                   
0     00084e39  _USBEndpointDataPut                   
0     00084e63  _USBEndpointDataSend                  
0     00084ab4  _USBEndpointDataToggleClear           
0     00085054  _USBEndpointPacketCountSet            
0     000849e7  _USBEndpointStatus                    
0     00084fe0  _USBFIFOAddrGet                       
0     00084cef  _USBFIFOConfigGet                     
0     00084cb1  _USBFIFOConfigSet                     
0     00084e92  _USBFIFOFlush                         
0     00084fc3  _USBFrameNumberGet                    
0     00083734  _USBHCDControlTransfer                
0     00083932  _USBHCDDevAddress                     
0     00083946  _USBHCDDevClass                       
0     0008391e  _USBHCDDevHubPort                     
0     00083990  _USBHCDDevProtocol                    
0     0008396b  _USBHCDDevSubClass                    
0     0008248c  _USBHCDEventDisable                   
0     00082477  _USBHCDEventEnable                    
0     000837c6  _USBHCDHubDeviceConnected             
0     0008381e  _USBHCDHubDeviceDisconnected          
0     00082d95  _USBHCDInit                           
0     0008356d  _USBHCDMain                           
0     00082755  _USBHCDPipeAlloc                      
0     00082561  _USBHCDPipeAllocSize                  
0     00082764  _USBHCDPipeConfig                     
0     00082a0d  _USBHCDPipeDataAck                    
0     00082b42  _USBHCDPipeFree                       
0     00082a2a  _USBHCDPipeRead                       
0     000829e2  _USBHCDPipeReadNonBlocking            
0     0008293b  _USBHCDPipeSchedule                   
0     00082834  _USBHCDPipeStatus                     
0     00082839  _USBHCDPipeWrite                      
0     00082d8a  _USBHCDPowerAutomatic                 
0     00082d59  _USBHCDPowerConfigGet                 
0     00082d51  _USBHCDPowerConfigInit                
0     00082d60  _USBHCDPowerConfigSet                 
0     00082deb  _USBHCDRegisterDrivers                
0     00082e58  _USBHCDReset                          
0     00082e87  _USBHCDResume                         
0     00082f47  _USBHCDSetAddress                     
0     00082ff0  _USBHCDSetConfig                      
0     00083014  _USBHCDSetInterface                   
0     00082e7e  _USBHCDSuspend                        
0     00082df6  _USBHCDTerm                           
0     000884e3  _USBHHIDClose                         
0     0008868f  _USBHHIDGetReport                     
0     0008863a  _USBHHIDGetReportDescriptor           
0     000884a6  _USBHHIDOpen                          
0     0008860d  _USBHHIDSetIdle                       
0     00088667  _USBHHIDSetProtocol                   
0     0008869f  _USBHHIDSetReport                     
0     00087237  _USBHHubClose                         
0     00087207  _USBHHubEnumerationComplete           
0     00087218  _USBHHubEnumerationError              
0     00087240  _USBHHubInit                          
0     0008711a  _USBHHubMain                          
0     00087229  _USBHHubOpen                          
0     00087fa9  _USBHMSCBlockRead                     
0     00087fd4  _USBHMSCBlockWrite                    
0     00087fa0  _USBHMSCDriveClose                    
0     00087f8f  _USBHMSCDriveOpen                     
0     00087e92  _USBHMSCDriveReady                    
0     00087633  _USBHSCSIInquiry                      
0     0008771a  _USBHSCSIModeSense6                   
0     0008780c  _USBHSCSIRead10                       
0     000876cf  _USBHSCSIReadCapacities               
0     00087682  _USBHSCSIReadCapacity                 
0     000877c0  _USBHSCSIRequestSense                 
0     00087774  _USBHSCSITestUnitReady                
0     0008783f  _USBHSCSIWrite10                      
0     00084f19  _USBHostAddrGet                       
0     00084f01  _USBHostAddrSet                       
0     00086cb9  _USBHostAudioClose                    
0     00086d69  _USBHostAudioFormatGet                
0     00086d83  _USBHostAudioFormatSet                
0     00086ca8  _USBHostAudioOpen                     
0     00086dc3  _USBHostAudioPlay                     
0     00086e04  _USBHostAudioRecord                   
0     00086cfc  _USBHostAudioVolumeGet                
[...]
0     00087b69  _SysCtlPeripheralReady                
0     00087ba2  _SysCtlPeripheralReset                
0     00087bd0  _SysCtlPeripheralEnable               
0     00087bec  _SysCtlPeripheralDisable              
0     00087c09  _SysCtlReset                          
0     00087c13  _SysCtlClockGet                       
0     00087c5e  _SysCtlLowSpeedClockGet               
0     00087c75  _SysCtlClockSet                       
0     00087d27  _SysCtlAuxClockSet                    
0     00087db9  _SysCtlUSBPLLEnable                   
0     00087dba  _SysCtlUSBPLLDisable                  
0     00087e92  _USBHMSCDriveReady                    
0     00087f8f  _USBHMSCDriveOpen                     
0     00087fa0  _USBHMSCDriveClose                    
0     00087fa9  _USBHMSCBlockRead                     
0     00087fd4  _USBHMSCBlockWrite                    
0     0008803a  _USBStackModeSet                      
0     00088050  _USB0DualModeIntHandler               
0     0008808b  _USBDualModeInit                      
0     000880ce  _USBDualModeTerm                      
0     000880e7  _USBOTGModeTerm                       
0     00088103  _USBOTGModeInit                       
0     00088177  _USBOTGPollRate                       
0     0008817f  _USB0OTGModeIntHandler                
0     000881fe  _OTGDeviceDisconnect                  
0     0008820c  _USBOTGMain                           
0     0008825c  _InitGpio                             
0     000882a0  _GPIO_SetupPinMux                     
0     0008832e  _GPIO_SetupPinOptions                 
0     000883c2  _GPIO_SetupLock                       
0     000883eb  _GPIO_SetupXINT1Gpio                  
0     000883f5  _GPIO_SetupXINT2Gpio                  
0     000883ff  _GPIO_SetupXINT3Gpio                  
0     00088409  _GPIO_SetupXINT4Gpio                  
0     00088413  _GPIO_SetupXINT5Gpio                  
0     0008841d  _GPIO_EnableUnbondedIOPullupsFor176Pin
0     00088436  _GPIO_EnableUnbondedIOPullupsFor100Pin
0     0008845b  _GPIO_EnableUnbondedIOPullups         
0     00088471  _GPIO_ReadPin                         
0     00088488  _GPIO_WritePin                        
0     000884a6  _USBHHIDOpen                          
0     000884e3  _USBHHIDClose                         
0     0008860d  _USBHHIDSetIdle                       
0     0008863a  _USBHHIDGetReportDescriptor           
0     00088667  _USBHHIDSetProtocol                   
0     0008868f  _USBHHIDGetReport                     
0     0008869f  _USBHHIDSetReport                     
0     0008872a  _USBDeviceConfig                      
0     00088873  _USBDeviceConfigAlternate             
0     000888e0  _IntMasterEnable                      
0     000888e8  _IntMasterDisable                     
0     000888f0  _IntRegister                          
0     00088903  _IntUnregister                        
0     00088918  _IntEnable                            
0     000889b0  _IntDisable                           
0     00088a35  _IntIFRClear                          
0     00088b18  _USBDCDConfigDescGetSize              
0     00088b32  _USBDCDConfigDescGetNum               
0     00088b58  _USBDCDConfigDescGet                  
0     00088b9e  _USBDCDConfigGetNumAlternateInterfaces
0     00088bc3  _USBDCDConfigGetInterface             
0     00088bdc  _USBDCDConfigGetInterfaceEndpoint     
0     00088c7a  _USBDDFUCompositeInit                 
0     00088cb4  _USBDDFUCompositeTerm                 
0     00088cc1  _USBDDFUUpdateBegin                   
0     00088cef  _USBDescGetNum                        
0     00088d17  _USBDescGet                           
0     00088d44  _USBDescGetNumAlternateInterfaces     
0     00088d94  _USBDescGetInterface                  
0     00088dae  _USBDescGetInterfaceEndpoint          
0     00088dc1  _Init_Pins                            
0     00088e69  _Init_Modules                         
0     00088e6c  FD$$ADD                               
0     00088f08  _f28x_USB0DeviceIntHandler            
0     00088f38  _f28x_USB0HostIntHandler              
0     00088f68  _f28x_USB0DualModeIntHandler          
0     00088f98  FD$$DIV                               
0     00089023  _InternalUSBTickInit                  
0     0008904a  _InternalUSBTickReset                 
0     0008904e  _InternalUSBRegisterTickHandler       
0     0008907e  _InternalUSBStartOfFrameTick          
0     000890ab  FD$$MPY                               
0     0008912e  _SYS_ConfigureOscillator              
0     0008916b  _SYS_DisableWatchdog                  
0     00089179  _SYS_Interrupts                       
0     00089183  _SYS_ClearPIE                         
0     000891a0  _SYS_PIEVectorTable                   
0     000891a3  _SysTickInit                          
0     000891af  _SysTickEnable                        
0     000891b6  _SysTickDisable                       
0     000891bb  _SysTickIntRegister                   
0     000891c9  _SysTickIntUnregister                 
0     000891d4  _SysTickIntEnable                     
0     000891de  _SysTickIntDisable                    
0     000891e8  _SysTickPeriodSet                     
0     000891ef  _SysTickPeriodGet                     
0     000891f3  _SysTickValueGet                      
0     000891f7  _c_int00                              
0     0008923d  _InitPieVectTable                     
0     00089265  FD$$TOL                               
0     00089284  _memcpy                               
0     000892a2  __args_main                           
0     000892bb  C$$EXIT                               
0     000892bb  _abort                                
0     000892bd  _exit                                 
0     000892d4  _main                                 
0     000892eb  UL$$TOFD                              
0     00089301  _MSC_DelayNOP                         
0     00089314  _USB0DeviceIntHandler                 
0     00089326  _IntDefaultHandler                    
0     00089334  FD$$SUB                               
0     00089342  __register_unlock                     
0     00089346  __register_lock                       
0     0008934a  __nop                                 
0     00089353  _SetDBGIER                            
0     00090000  _g_pui8KeyBoardMap                    
0     00090200  _PieVectTableInit                     
0     000903c0  _g_sUSKeyboardMap                     
0     000904c4  _g_pui8AudioControlInterface          
0     000904f8  _g_pui8AudioStreamInterface           
0     0009052c  _g_sCDCSerDataInterfaceSection        
0     00090530  _g_sCDCSerCommInterfaceSection        
0     00090534  _g_sCDCCompSerConfigHeader            
0     00090538  _g_sCDCSerConfigHeader                
0     0009053c  _g_sIADSerConfigSection               
0     00090540  _g_sCDCSerConfigSection               
0     00090544  _g_sCDCHandlers                       
0     0009055c  _g_sAudioStreamInterfaceSection       
0     00090560  _g_sAudioControlInterfaceSection      
0     00090564  _g_sAudioConfigSection                
0     00090568  _g_sAudioConfigHeader                 
0     0009056c  _g_sIADAudioConfigSection             
0     00090588  _g_sBulkConfigSection                 
0     0009058c  _g_sBulkInterfaceSection              
0     00090590  _g_sBulkConfigHeader                  
0     00090594  _g_sBulkHandlers                      
0     000905ac  _g_sDFUFunctionalDescSection          
0     000905b0  _g_sDFUConfigSection                  
0     000905b4  _g_sDFUInterfaceSection               
0     000905d0  _g_pui8CDCSerCommInterface            
0     00090662  _g_sCompHandlers                      
0     0009067a  _g_sHIDHandlers                       
0     00090692  _g_pui8BulkInterface                  
0     000906a9  _g_pui8CDCSerDataInterface            
0     000906c0  _g_sHIDConfigSection                  
0     000906c4  _g_sHIDInterfaceSection               
0     000906c8  _g_sHIDInEndpointSection              
0     000906d5  _g_pui8DFUDeviceDescriptor            
0     000906fe  _g_sUSBHostAudioClassDriver           
0     00090706  _g_sUSBHIDClassDriver                 
0     0009070e  _g_sUSBHubClassDriver                 
0     00090716  _g_sUSBHostMSCClassDriver             
0     00090725  _g_pui8HIDInEndpoint                  
0     00090734  _g_pCDCCompSerConfigDescriptors       
0     00090736  _g_ppAudioConfigDescriptors           
0     00090738  _g_ppBulkConfigDescriptors            
0     0009073a  _g_ppCDCSerConfigDescriptors          
0     0009073c  _g_ppsDFUConfigDescriptors            
1     00000400  __stack                               
1     00000800  __STACK_END                           
1     00000b00  _AdcaResultRegs                       
1     00000b20  _AdcbResultRegs                       
1     00000b40  _AdccResultRegs                       
1     00000b60  _AdcdResultRegs                       
1     00000c00  _CpuTimer0Regs                        
1     00000c08  _CpuTimer1Regs                        
1     00000c10  _CpuTimer2Regs                        
1     00000ce0  _PieCtrlRegs                          
1     00000d00  _EmuKey                               
1     00000d00  _PieVectTable                         
1     00000d01  _EmuBMode                             
1     00001000  _DmaRegs                              
1     00001400  _Cla1Regs                             
1     00004000  _EPwm1Regs                            
1     00004100  _EPwm2Regs                            
1     00004200  _EPwm3Regs                            
1     00004300  _EPwm4Regs                            
1     00004400  _EPwm5Regs                            
1     00004500  _EPwm6Regs                            
1     00004600  _EPwm7Regs                            
1     00004700  _EPwm8Regs                            
1     00004800  _EPwm9Regs                            
1     00004900  _EPwm10Regs                           
1     00004a00  _EPwm11Regs                           
1     00004b00  _EPwm12Regs                           
1     00005000  _ECap1Regs                            
1     00005020  _ECap2Regs                            
1     00005040  _ECap3Regs                            
1     00005060  _ECap4Regs                            
1     00005080  _ECap5Regs                            
1     000050a0  _ECap6Regs                            
1     00005100  _EQep1Regs                            
1     00005140  _EQep2Regs                            
1     00005180  _EQep3Regs                            
1     00005c00  _DacaRegs                             
1     00005c10  _DacbRegs                             
1     00005c20  _DaccRegs                             
1     00005c80  _Cmpss1Regs                           
1     00005ca0  _Cmpss2Regs                           
1     00005cc0  _Cmpss3Regs                           
1     00005ce0  _Cmpss4Regs                           
1     00005d00  _Cmpss5Regs                           
1     00005d20  _Cmpss6Regs                           
1     00005d40  _Cmpss7Regs                           
1     00005d60  _Cmpss8Regs                           
1     00005e00  _Sdfm1Regs                            
1     00005e80  _Sdfm2Regs                            
1     00006000  _McbspaRegs                           
1     00006040  _McbspbRegs                           
1     00006100  _SpiaRegs                             
1     00006110  _SpibRegs                             
1     00006120  _SpicRegs                             
1     00006200  _UppRegs                              
1     00007000  _WdRegs                               
1     00007060  _NmiIntruptRegs                       
1     00007070  _XintRegs                             
1     00007200  _SciaRegs                             
1     00007210  _ScibRegs                             
1     00007220  _ScicRegs                             
1     00007230  _ScidRegs                             
1     00007300  _I2caRegs                             
1     00007340  _I2cbRegs                             
1     00007400  _AdcaRegs                             
1     00007480  _AdcbRegs                             
1     00007500  _AdccRegs                             
1     00007580  _AdcdRegs                             
1     00007900  _InputXbarRegs                        
1     00007920  _XbarRegs                             
1     00007940  _SyncSocRegs                          
1     00007980  _DmaClaSrcSelRegs                     
1     00007a00  _EPwmXbarRegs                         
1     00007a80  _OutputXbarRegs                       
1     00007c00  _GpioCtrlRegs                         
1     00007f00  _GpioDataRegs                         
1     0000ac4c  _g_psCDCSerSections                   
1     0000ac52  _g_psCDCCompSerSections               
1     0000ac5a  _g_pui8IADSerDescriptor               
1     0000ac62  _g_pui8CDCSerDescriptor               
1     0000ac6b  _g_pui8CDCSerDeviceDescriptor         
1     0000ac7d  _deviceOpen                           
1     0000ac7e  __lock                                
1     0000ac80  _g_ppsDevInfo                         
1     0000ac84  _g_psDCDInst                          
1     0000ad00  _SCI                                  
1     0000ad04  _MCBSP                                
1     0000ad08  _I2C                                  
1     0000ad0c  _SDFM                                 
1     0000ad12  _EQEP                                 
1     0000ad1a  _SPI                                  
1     0000ad22  _ADC                                  
1     0000ad2c  _ECAP                                 
1     0000ad40  _EPWM                                 
1     0000ad5a  _TRIP_SEL                             
1     0000ad78  _tempSensor_tempOffset                
1     0000ad7a  _tempSensor_tempSlope                 
1     0000ad7c  _tempSensor_scaleFactor               
1     0000ad7e  __unlock                              
1     0000ad80  _IR_PWM50                             
1     0000ad81  _IR_state                             
1     0000ad82  _Sanyo_Pause                          
1     0000ad84  _Sanyo_Record                         
1     0000ad86  _Vizio_Power                          
1     0000ad88  _Sanyo_Stop                           
1     0000ad8a  _Sanyo_Rewind                         
1     0000ad8c  _Sanyo_Source                         
1     0000ad8e  _Sanyo_Forward                        
1     0000ad90  _Sanyo_Play                           
1     0000ad92  _Vizio_Sleep                          
1     0000ad94  _Idylis_Mode                          
1     0000ad96  _Idylis_FanSpeed                      
1     0000ad98  _Idylis_Minus                         
1     0000ad9a  _Idylis_Plus                          
1     0000ad9c  _Vizio_Volume_Up                      
1     0000ad9e  _Vizio_Menu                           
1     0000ada0  _Idylis_Power                         
1     0000ada2  _Vizio_Volume_Down                    
1     0000ada4  _Idylis_Timer                         
1     0000ada6  _Sanyo_Channel_Down                   
1     0000ada8  _Sanyo_Channel_Up                     
1     0000adaa  _Sanyo_Back                           
1     0000adac  _Sanyo_Mute                           
1     0000adae  _Sanyo_1                              
1     0000adb0  _Sanyo_Sleep                          
1     0000adb2  _Sanyo_Power                          
1     0000adb4  _Sanyo_Volume_Up                      
1     0000adb6  _Sanyo_Menu                           
1     0000adb8  _Sanyo_Volume_Down                    
1     0000adba  _Sanyo_8                              
1     0000adbc  _Sanyo_7                              
1     0000adbe  _Sanyo_0                              
1     0000adc0  _Sanyo_9                              
1     0000adc2  _Sanyo_Enter                          
1     0000adc4  _Sanyo_3                              
1     0000adc6  _Sanyo_2                              
1     0000adc8  _Sanyo_5                              
1     0000adca  _Sanyo_4                              
1     0000adcc  _Sanyo_6                              
1     0000adce  _g_pui8IADAudioDescriptor             
1     0000add6  _g_psAudioSections                    
1     0000adfa  ___TI_cleanup_ptr                     
1     0000adfc  ___TI_dtors_ptr                       
1     0000ae80  _g_sDFUConfigHeader                   
1     0000ae84  _g_psDFUSections                      
1     0000ae8a  _g_pui8DFUInterface                   
1     0000ae93  _g_pui8DFUFunctionalDesc              
1     0000ae9c  _g_pui8DFUConfigDescriptor            
1     0000aea6  _CpuTimer1                            
1     0000aeae  _CpuTimer2                            
1     0000aeb6  _CpuTimer0                            
1     0000aee4  _g_ppCompConfigDescriptors            
1     0000af00  _g_sHIDConfigHeader                   
1     0000af04  _g_sHIDDescriptorSection              
1     0000af08  _g_psHIDSections                      
1     0000af10  _g_pui8HIDInterface                   
1     0000af19  _g_pui8MouseDescriptor                
1     0000af22  _g_bUSBTimerInitialized               
1     0000af24  _g_ui32CurrentUSBTick                 
1     0000af26  _g_ui32USBSOFCount                    
1     0000af28  _g_pfnTickHandlers                    
1     0000af34  _g_pvTickInstance                     
1     0000af40  _g_psBulkSections                     
1     0000af44  _g_pui8BulkDescriptor                 
1     0000af4d  _g_pui8BulkDeviceDescriptor           
1     0000af80  _g_pui8HIDDeviceDescriptor            
1     0000afa3  _g_iUSBMode                           
1     0000afa4  _g_eOTGModeState                      
1     0000afa8  _g_ui32PollRate                       
1     0000afaa  _g_ui32WaitTicks                      
1     00047000  _Emif1Regs                            
1     00047800  _Emif2Regs                            
1     00050024  _FlashPumpSemaphoreRegs               
1     0005d000  _DevCfgRegs                           
1     0005d180  _AnalogSubsysRegs                     
1     0005d200  _ClkCfgRegs                           
1     0005d300  _CpuSysRegs                           
1     0005e608  _RomPrefetchRegs                      
1     0005f000  _DcsmZ1Regs                           
1     0005f040  _DcsmZ2Regs                           
1     0005f070  _DcsmCommonRegs                       
1     0005f400  _MemCfgRegs                           
1     0005f480  _Emif1ConfigRegs                      
1     0005f4a0  _Emif2ConfigRegs                      
1     0005f4c0  _AccessProtectionRegs                 
1     0005f500  _MemoryErrorRegs                      
1     0005f540  _RomWaitStateRegs                     
1     0005f800  _Flash0CtrlRegs                       
1     0005fb00  _Flash0EccRegs                        
1     0005fc00  _Flash1CtrlRegs                       
1     0005ff00  _Flash1EccRegs                        
1     00078000  _DcsmZ1Otp                            
1     00078200  _DcsmZ2Otp                            
abs   00000076  _RamfuncsLoadSize                     
abs   00000076  _RamfuncsRunSize                      
abs   00000400  __STACK_SIZE                          
abs   ffffffff  .text                                 
abs   ffffffff  ___binit__                            
abs   ffffffff  ___c_args__                           
abs   ffffffff  ___etext__                            
abs   ffffffff  ___pinit__                            
abs   ffffffff  ___text__                             
abs   ffffffff  binit                                 
abs   ffffffff  etext                                 
abs   ffffffff  pinit                                 

[730 symbols]
