******************************************************************************
             TMS320C2000 Linker PC v6.4.9                      
******************************************************************************
>> Linked Fri Dec 11 12:14:30 2015

OUTPUT FILE NAME:   <TMS_Skype_Petcam.out>
ENTRY POINT SYMBOL: "_c_int00"  address: 00082018


MEMORY CONFIGURATION

         name            origin    length      used     unused   attr    fill
----------------------  --------  ---------  --------  --------  ----  --------
PAGE 0:
  RAMM0                 00000122   000002de  00000000  000002de  RWIX
  RAMLS0                00008000   00000800  00000000  00000800  RWIX
  RAMLS1                00008800   00000800  00000000  00000800  RWIX
  RAMLS2                00009000   00000800  00000000  00000800  RWIX
  RAMLS3                00009800   00000800  00000000  00000800  RWIX
  RAMLS4                0000a000   00000800  00000000  00000800  RWIX
  RAMD0                 0000b000   00000800  00000000  00000800  RWIX
  RAMGS14               0001a000   00001000  00000000  00001000  RWIX
  RAMGS15               0001b000   00001000  00000000  00001000  RWIX
  BEGIN                 00080000   00000002  00000000  00000002  RWIX
  FLASHA                00080002   00001ffe  00000000  00001ffe  RWIX
  FLASHB                00082000   00002000  00000098  00001f68  RWIX
  FLASHC                00084000   00002000  00000000  00002000  RWIX
  FLASHD                00086000   00002000  00000000  00002000  RWIX
  FLASHE                00088000   00008000  00000000  00008000  RWIX
  FLASHF                00090000   00008000  00000000  00008000  RWIX
  FLASHG                00098000   00008000  00000000  00008000  RWIX
  FLASHH                000a0000   00008000  00000000  00008000  RWIX
  FLASHI                000a8000   00008000  00000000  00008000  RWIX
  FLASHJ                000b0000   00008000  00000000  00008000  RWIX
  FLASHK                000b8000   00002000  00000000  00002000  RWIX
  FLASHL                000ba000   00002000  00000000  00002000  RWIX
  FLASHM                000bc000   00002000  00000000  00002000  RWIX
  FLASHN                000be000   00002000  00000000  00002000  RWIX
  FLASHO                000c0000   00002000  00000000  00002000  RWIX
  FLASHP                000c2000   00002000  00000000  00002000  RWIX
  FLASHQ                000c4000   00002000  00000000  00002000  RWIX
  FLASHR                000c6000   00002000  00000000  00002000  RWIX
  FLASHS                000c8000   00008000  00000000  00008000  RWIX
  FLASHT                000d0000   00008000  00000000  00008000  RWIX
  FLASHU                000d8000   00008000  00000000  00008000  RWIX
  FLASHV                000e0000   00008000  00000000  00008000  RWIX
  FLASHW                000e8000   00008000  00000000  00008000  RWIX
  FLASHX                000f0000   00008000  00000000  00008000  RWIX
  FLASHY                000f8000   00002000  00000000  00002000  RWIX
  FLASHZ                000fa000   00002000  00000000  00002000  RWIX
  FLASHAA               000fc000   00002000  00000000  00002000  RWIX
  FLASHAB               000fe000   00002000  00000000  00002000  RWIX
  RESET                 003fffc0   00000002  00000000  00000002  RWIX

PAGE 1:
  BOOT_RSVD             00000002   00000120  00000000  00000120  RWIX
  RAMM1                 00000400   00000400  00000200  00000200  RWIX
  RAMLS5                0000a800   00000800  00000008  000007f8  RWIX
  RAMD1                 0000b800   00000800  00000000  00000800  RWIX
  RAMGS0                0000c000   00001000  00000000  00001000  RWIX
  RAMGS1                0000d000   00001000  00000000  00001000  RWIX
  RAMGS2                0000e000   00001000  00000000  00001000  RWIX
  RAMGS3                0000f000   00001000  00000000  00001000  RWIX
  RAMGS4                00010000   00001000  00000000  00001000  RWIX
  RAMGS5                00011000   00001000  00000000  00001000  RWIX
  RAMGS6                00012000   00001000  00000000  00001000  RWIX
  RAMGS7                00013000   00001000  00000000  00001000  RWIX
  RAMGS8                00014000   00001000  00000000  00001000  RWIX
  RAMGS9                00015000   00001000  00000000  00001000  RWIX
  RAMGS10               00016000   00001000  00000000  00001000  RWIX
  RAMGS11               00017000   00001000  00000000  00001000  RWIX
  RAMGS12               00018000   00001000  00000000  00001000  RWIX
  RAMGS13               00019000   00001000  00000000  00001000  RWIX


SECTION ALLOCATION MAP

 output                                  attributes/
section   page    origin      length       input sections
--------  ----  ----------  ----------   ----------------
.cinit     0    00082000    00000016     
                  00082000    0000000a     rts2800_fpu32.lib : exit.obj (.cinit)
                  0008200a    00000005                       : _lock.obj (.cinit:__lock)
                  0008200f    00000005                       : _lock.obj (.cinit:__unlock)
                  00082014    00000002     --HOLE-- [fill = 0]

.pinit     0    00082000    00000000     UNINITIALIZED

ramfuncs   0    00008000    00000000     UNINITIALIZED

.stack     1    00000400    00000200     UNINITIALIZED
                  00000400    00000200     --HOLE--

.reset     0    003fffc0    00000002     DSECT
                  003fffc0    00000002     rts2800_fpu32.lib : boot.obj (.reset)

.text      0    00082018    00000082     
                  00082018    00000046     rts2800_fpu32.lib : boot.obj (.text)
                  0008205e    00000019                       : args_main.obj (.text)
                  00082077    00000019                       : exit.obj (.text)
                  00082090    00000009                       : _lock.obj (.text)
                  00082099    00000001     main.obj (.text)

.ebss      1    0000a800    00000008     UNINITIALIZED
                  0000a800    00000004     rts2800_fpu32.lib : exit.obj (.ebss)
                  0000a804    00000002                       : _lock.obj (.ebss:__lock)
                  0000a806    00000002                       : _lock.obj (.ebss:__unlock)


GLOBAL DATA SYMBOLS: SORTED BY DATA PAGE

address     data page           name
--------    ----------------    ----
00000400      10 (00000400)     __stack

0000a800     2a0 (0000a800)     ___TI_cleanup_ptr
0000a802     2a0 (0000a800)     ___TI_dtors_ptr
0000a804     2a0 (0000a800)     __lock
0000a806     2a0 (0000a800)     __unlock


GLOBAL SYMBOLS: SORTED ALPHABETICALLY BY Name 

page  address   name              
----  -------   ----              
abs   ffffffff  .text             
0     00082077  C$$EXIT           
0     00008000  _RamfuncsLoadEnd  
abs   00000000  _RamfuncsLoadSize 
0     00008000  _RamfuncsLoadStart
0     00008000  _RamfuncsRunEnd   
abs   00000000  _RamfuncsRunSize  
0     00008000  _RamfuncsRunStart 
1     00000600  __STACK_END       
abs   00000200  __STACK_SIZE      
1     0000a800  ___TI_cleanup_ptr 
1     0000a802  ___TI_dtors_ptr   
abs   ffffffff  ___binit__        
abs   ffffffff  ___c_args__       
0     00082000  ___cinit__        
abs   ffffffff  ___etext__        
abs   ffffffff  ___pinit__        
abs   ffffffff  ___text__         
0     0008205e  __args_main       
1     0000a804  __lock            
0     00082098  __nop             
0     00082094  __register_lock   
0     00082090  __register_unlock 
1     00000400  __stack           
1     0000a806  __unlock          
0     00082077  _abort            
0     00082018  _c_int00          
0     00082079  _exit             
0     00082099  _main             
abs   ffffffff  binit             
0     00082000  cinit             
abs   ffffffff  etext             
abs   ffffffff  pinit             


GLOBAL SYMBOLS: SORTED BY Symbol Address 

page  address   name              
----  -------   ----              
0     00008000  _RamfuncsLoadEnd  
0     00008000  _RamfuncsLoadStart
0     00008000  _RamfuncsRunEnd   
0     00008000  _RamfuncsRunStart 
0     00082000  ___cinit__        
0     00082000  cinit             
0     00082018  _c_int00          
0     0008205e  __args_main       
0     00082077  C$$EXIT           
0     00082077  _abort            
0     00082079  _exit             
0     00082090  __register_unlock 
0     00082094  __register_lock   
0     00082098  __nop             
0     00082099  _main             
1     00000400  __stack           
1     00000600  __STACK_END       
1     0000a800  ___TI_cleanup_ptr 
1     0000a802  ___TI_dtors_ptr   
1     0000a804  __lock            
1     0000a806  __unlock          
abs   00000000  _RamfuncsLoadSize 
abs   00000000  _RamfuncsRunSize  
abs   00000200  __STACK_SIZE      
abs   ffffffff  .text             
abs   ffffffff  ___binit__        
abs   ffffffff  ___c_args__       
abs   ffffffff  ___etext__        
abs   ffffffff  ___pinit__        
abs   ffffffff  ___text__         
abs   ffffffff  binit             
abs   ffffffff  etext             
abs   ffffffff  pinit             

[33 symbols]
