******************************************************************************
             TMS320C2000 Linker PC v6.4.9                      
******************************************************************************
>> Linked Fri Jan 29 23:25:54 2016

OUTPUT FILE NAME:   <TMS_Skype_Petcam.out>
ENTRY POINT SYMBOL: "_c_int00"  address: 000850ee


MEMORY CONFIGURATION

         name            origin    length      used     unused   attr    fill
----------------------  --------  ---------  --------  --------  ----  --------
PAGE 0:
  RAMM0                 00000122   000002de  00000000  000002de  RWIX
  RAMLS0                00008000   00000800  00000000  00000800  RWIX
  RAMLS1                00008800   00000800  00000000  00000800  RWIX
  RAMLS2                00009000   00000800  00000000  00000800  RWIX
  RAMLS3                00009800   00000800  00000000  00000800  RWIX
  RAMLS4                0000a000   00000800  00000000  00000800  RWIX
  RAMD0                 0000b000   00000800  00000000  00000800  RWIX
  BEGIN                 00080000   00000002  00000002  00000000  RWIX
  FLASHA                00080002   00001ffe  00000000  00001ffe  RWIX
  FLASHB                00082000   00002000  00001ffc  00000004  RWIX
  FLASHC                00084000   00002000  00001481  00000b7f  RWIX
  FLASHD                00086000   00002000  00000000  00002000  RWIX
  FLASHE                00088000   00008000  00000000  00008000  RWIX
  FLASHF                00090000   00008000  00000a99  00007567  RWIX
  FLASHG                00098000   00008000  00000000  00008000  RWIX
  FLASHH                000a0000   00008000  00000000  00008000  RWIX
  FLASHI                000a8000   00008000  00000000  00008000  RWIX
  FLASHJ                000b0000   00008000  00000000  00008000  RWIX
  FLASHK                000b8000   00002000  00000000  00002000  RWIX
  FLASHL                000ba000   00002000  00000000  00002000  RWIX
  FLASHM                000bc000   00002000  00000000  00002000  RWIX
  FLASHN                000be000   00002000  00000000  00002000  RWIX
  RESET                 003fffc0   00000002  00000000  00000002  RWIX

PAGE 1:
  BOOT_RSVD             00000002   00000120  00000000  00000120  RWIX
  RAMM1                 00000400   00000400  00000400  00000000  RWIX
  ADCA_RESULT           00000b00   00000020  00000018  00000008  RWIX
  ADCB_RESULT           00000b20   00000020  00000018  00000008  RWIX
  ADCC_RESULT           00000b40   00000020  00000018  00000008  RWIX
  ADCD_RESULT           00000b60   00000020  00000018  00000008  RWIX
  CPU_TIMER0            00000c00   00000008  00000008  00000000  RWIX
  CPU_TIMER1            00000c08   00000008  00000008  00000000  RWIX
  CPU_TIMER2            00000c10   00000008  00000008  00000000  RWIX
  PIE_CTRL              00000ce0   00000020  0000001a  00000006  RWIX
  PIE_VECT              00000d00   00000200  000001c0  00000040  RWIX
  DMA                   00001000   00000200  000000e0  00000120  RWIX
  CLA1                  00001400   00000040  0000003e  00000002  RWIX
  EPWM1                 00004000   00000100  00000100  00000000  RWIX
  EPWM2                 00004100   00000100  00000100  00000000  RWIX
  EPWM3                 00004200   00000100  00000100  00000000  RWIX
  EPWM4                 00004300   00000100  00000100  00000000  RWIX
  EPWM5                 00004400   00000100  00000100  00000000  RWIX
  EPWM6                 00004500   00000100  00000100  00000000  RWIX
  EPWM7                 00004600   00000100  00000100  00000000  RWIX
  EPWM8                 00004700   00000100  00000100  00000000  RWIX
  EPWM9                 00004800   00000100  00000100  00000000  RWIX
  EPWM10                00004900   00000100  00000100  00000000  RWIX
  EPWM11                00004a00   00000100  00000100  00000000  RWIX
  EPWM12                00004b00   00000100  00000100  00000000  RWIX
  ECAP1                 00005000   00000020  00000020  00000000  RWIX
  ECAP2                 00005020   00000020  00000020  00000000  RWIX
  ECAP3                 00005040   00000020  00000020  00000000  RWIX
  ECAP4                 00005060   00000020  00000020  00000000  RWIX
  ECAP5                 00005080   00000020  00000020  00000000  RWIX
  ECAP6                 000050a0   00000020  00000020  00000000  RWIX
  EQEP1                 00005100   00000040  00000022  0000001e  RWIX
  EQEP2                 00005140   00000040  00000022  0000001e  RWIX
  EQEP3                 00005180   00000040  00000022  0000001e  RWIX
  DACA                  00005c00   00000010  00000008  00000008  RWIX
  DACB                  00005c10   00000010  00000008  00000008  RWIX
  DACC                  00005c20   00000010  00000008  00000008  RWIX
  CMPSS1                00005c80   00000020  00000020  00000000  RWIX
  CMPSS2                00005ca0   00000020  00000020  00000000  RWIX
  CMPSS3                00005cc0   00000020  00000020  00000000  RWIX
  CMPSS4                00005ce0   00000020  00000020  00000000  RWIX
  CMPSS5                00005d00   00000020  00000020  00000000  RWIX
  CMPSS6                00005d20   00000020  00000020  00000000  RWIX
  CMPSS7                00005d40   00000020  00000020  00000000  RWIX
  CMPSS8                00005d60   00000020  00000020  00000000  RWIX
  SDFM1                 00005e00   00000080  00000080  00000000  RWIX
  SDFM2                 00005e80   00000080  00000080  00000000  RWIX
  MCBSPA                00006000   00000040  00000024  0000001c  RWIX
  MCBSPB                00006040   00000040  00000024  0000001c  RWIX
  SPIA                  00006100   00000010  00000010  00000000  RWIX
  SPIB                  00006110   00000010  00000010  00000000  RWIX
  SPIC                  00006120   00000010  00000010  00000000  RWIX
  SPID                  00006130   00000010  00000000  00000010  RWIX
  UPP                   00006200   00000100  00000048  000000b8  RWIX
  WD                    00007000   00000040  0000002b  00000015  RWIX
  NMIINTRUPT            00007060   00000010  00000007  00000009  RWIX
  XINT                  00007070   00000010  0000000b  00000005  RWIX
  SCIA                  00007200   00000010  00000010  00000000  RWIX
  SCIB                  00007210   00000010  00000010  00000000  RWIX
  SCIC                  00007220   00000010  00000010  00000000  RWIX
  SCID                  00007230   00000010  00000010  00000000  RWIX
  I2CA                  00007300   00000040  00000022  0000001e  RWIX
  I2CB                  00007340   00000040  00000022  0000001e  RWIX
  ADCA                  00007400   00000080  00000080  00000000  RWIX
  ADCB                  00007480   00000080  00000080  00000000  RWIX
  ADCC                  00007500   00000080  00000080  00000000  RWIX
  ADCD                  00007580   00000080  00000080  00000000  RWIX
  INPUT_XBAR            00007900   00000020  00000020  00000000  RWIX
  XBAR                  00007920   00000020  00000020  00000000  RWIX
  SYNC_SOC              00007940   00000010  00000006  0000000a  RWIX
  DMACLASRCSEL          00007980   00000040  0000001a  00000026  RWIX
  EPWM_XBAR             00007a00   00000040  00000040  00000000  RWIX
  CLB_XBAR              00007a40   00000040  00000000  00000040  RWIX
  OUTPUT_XBAR           00007a80   00000040  00000040  00000000  RWIX
  GPIOCTRL              00007c00   00000180  00000180  00000000  RWIX
  GPIODAT               00007f00   00000030  00000030  00000000  RWIX
  RAMLS5                0000a800   00000800  000007be  00000042  RWIX
  RAMD1                 0000b800   00000800  00000000  00000800  RWIX
  RAMGS0                0000c000   00004000  00001d38  000022c8  RWIX
  RAMGS4                00010000   00001000  00000000  00001000  RWIX
  RAMGS5                00011000   00001000  00000000  00001000  RWIX
  RAMGS6                00012000   00001000  00000000  00001000  RWIX
  RAMGS7                00013000   00001000  00000000  00001000  RWIX
  RAMGS8                00014000   00001000  00000000  00001000  RWIX
  RAMGS9                00015000   00001000  00000000  00001000  RWIX
  RAMGS10               00016000   00001000  00000000  00001000  RWIX
  RAMGS11               00017000   00001000  00000000  00001000  RWIX
  EMIF1                 00047000   00000800  00000070  00000790  RWIX
  EMIF2                 00047800   00000800  00000070  00000790  RWIX
  FLASHPUMPSEMAPHORE    00050024   00000002  00000002  00000000  RWIX
  DEV_CFG               0005d000   00000180  0000012e  00000052  RWIX
  ANALOG_SUBSYS         0005d180   00000080  00000048  00000038  RWIX
  CLK_CFG               0005d200   00000100  00000032  000000ce  RWIX
  CPU_SYS               0005d300   00000100  00000082  0000007e  RWIX
  ROMPREFETCH           0005e608   00000002  00000002  00000000  RWIX
  DCSM_Z1               0005f000   00000030  00000024  0000000c  RWIX
  DCSM_Z2               0005f040   00000030  00000024  0000000c  RWIX
  DCSM_COMMON           0005f070   00000010  00000008  00000008  RWIX
  MEMCFG                0005f400   00000080  00000080  00000000  RWIX
  EMIF1CONFIG           0005f480   00000020  00000020  00000000  RWIX
  EMIF2CONFIG           0005f4a0   00000020  00000020  00000000  RWIX
  ACCESSPROTECTION      0005f4c0   00000040  00000040  00000000  RWIX
  MEMORYERROR           0005f500   00000040  00000040  00000000  RWIX
  ROMWAITSTATE          0005f540   00000002  00000002  00000000  RWIX
  FLASH0_CTRL           0005f800   00000300  00000182  0000017e  RWIX
  FLASH0_ECC            0005fb00   00000040  00000028  00000018  RWIX
  FLASH1_CTRL           0005fc00   00000300  00000182  0000017e  RWIX
  FLASH1_ECC            0005ff00   00000040  00000028  00000018  RWIX
  DCSM_Z1_OTP           00078000   00000020  00000020  00000000  RWIX
  DCSM_Z2_OTP           00078200   00000020  00000020  00000000  RWIX


SECTION ALLOCATION MAP

 output                                  attributes/
section   page    origin      length       input sections
--------  ----  ----------  ----------   ----------------
ramfuncs   0    00008000    00000000     UNINITIALIZED

codestart 
*          0    00080000    00000002     
                  00080000    00000002     START.obj (codestart)

.cinit     0    00082000    000000ba     
                  00082000    0000001c     IR.obj (.cinit)
                  0008201c    00000019     SYSTEM.obj (.cinit)
                  00082035    00000018     UART.obj (.cinit)
                  0008204d    00000012     AUDIO.obj (.cinit)
                  0008205f    00000011     TV.obj (.cinit)
                  00082070    00000010     PWM.obj (.cinit)
                  00082080    0000000c     CMD.obj (.cinit)
                  0008208c    0000000a     rts2800_fpu32.lib : exit.obj (.cinit)
                  00082096    00000008     TIMERS.obj (.cinit)
                  0008209e    00000005     rts2800_fpu32.lib : _lock.obj (.cinit:__lock)
                  000820a3    00000005                       : _lock.obj (.cinit:__unlock)
                  000820a8    00000004     BUTTON.obj (.cinit)
                  000820ac    00000004     RELAY.obj (.cinit)
                  000820b0    00000004     TOGGLE.obj (.cinit)
                  000820b4    00000004     rts2800_fpu32.lib : errno.obj (.cinit)
                  000820b8    00000002     --HOLE-- [fill = 0]

.pinit     0    00082000    00000000     UNINITIALIZED

.stack     1    00000400    00000400     UNINITIALIZED
                  00000400    00000400     --HOLE--

.reset     0    003fffc0    00000002     DSECT
                  003fffc0    00000002     rts2800_fpu32.lib : boot.obj (.reset)

.text.1    0    000820bc    00001f42     
                  000820bc    00000c01     rts2800_fpu32.lib : _printfi.obj (.text)
                  00082cbd    00000502     INTERRUPTS.obj (.text:retain)
                  000831bf    000004ba     UART.obj (.text)
                  00083679    000003f0     CMD.obj (.text)
                  00083a69    00000367     IR.obj (.text)
                  00083dd0    000001bb     MISC.obj (.text)
                  00083f8b    00000065     RELAY.obj (.text)
                  00083ff0    0000000e     rts2800_fpu32.lib : fd_sub.obj (.text)

.text.2    0    00084000    00001481     
                  00084000    00000362     SYSTEM.obj (.text)
                  00084362    00000275     main.obj (.text)
                  000845d7    000001b2     TIMERS.obj (.text)
                  00084789    00000194     ADC.obj (.text)
                  0008491d    00000193     PWM.obj (.text)
                  00084ab0    0000018b     TV.obj (.text)
                  00084c3b    0000010a     USER.obj (.text)
                  00084d45    00000107     rts2800_fpu32.lib : ll_div.obj (.text)
                  00084e4c    000000b1     AUDIO.obj (.text)
                  00084efd    0000009c     rts2800_fpu32.lib : fd_add.obj (.text)
                  00084f99    0000008b                       : fd_div.obj (.text)
                  00085024    00000083                       : fd_mpy.obj (.text)
                  000850a7    00000047     LED.obj (.text)
                  000850ee    00000046     rts2800_fpu32.lib : boot.obj (.text)
                  00085134    00000043     TOGGLE.obj (.text)
                  00085177    00000042     BUTTON.obj (.text)
                  000851b9    00000034     rts2800_fpu32.lib : ldexp.obj (.text)
                  000851ed    00000032                       : sprintf.obj (.text)
                  0008521f    00000031                       : atoi.obj (.text)
                  00085250    0000002e                       : ltoa.obj (.text)
                  0008527e    0000002a                       : fd_cmp.obj (.text)
                  000852a8    0000002a                       : l_div.obj (.text)
                  000852d2    00000023                       : fd_tofs.obj (.text)
                  000852f5    00000021                       : fd_toi.obj (.text)
                  00085316    0000001f                       : fd_tol.obj (.text)
                  00085335    0000001e                       : ll_cmp.obj (.text)
                  00085353    0000001e                       : memcpy.obj (.text)
                  00085371    0000001d                       : i_tofd.obj (.text)
                  0008538e    0000001c                       : fs_tofd.obj (.text)
                  000853aa    0000001c                       : l_tofd.obj (.text)
                  000853c6    00000019                       : args_main.obj (.text)
                  000853df    00000019                       : exit.obj (.text)
                  000853f8    00000018                       : ll_aox.obj (.text)
                  00085410    00000016     BLUETOOTH.obj (.text)
                  00085426    00000016     rts2800_fpu32.lib : frexp.obj (.text)
                  0008543c    0000000e                       : memccpy.obj (.text)
                  0008544a    0000000c                       : memset.obj (.text)
                  00085456    0000000c                       : strchr.obj (.text)
                  00085462    00000009                       : _lock.obj (.text)
                  0008546b    00000009                       : fd_neg.obj (.text)
                  00085474    00000008                       : strlen.obj (.text)
                  0008547c    00000005                       : strcpy.obj (.text)

.econst    0    00090000    00000a99     
                  00090000    000002c4     CMD.obj (.econst:_Commands)
                  000902c4    00000252     IR.obj (.econst:_Sanyo)
                  00090516    000001db     CMD.obj (.econst:.string)
                  000906f1    00000101     rts2800_fpu32.lib : ctype.obj (.econst:.string:__ctypes_)
                  000907f2    000000a1     main.obj (.econst:.string)
                  00090893    00000001     --HOLE-- [fill = 0]
                  00090894    00000086     UART.obj (.econst:.string)
                  0009091a    00000084     IR.obj (.econst:_Idylis)
                  0009099e    0000006e     IR.obj (.econst:_Visio)
                  00090a0c    0000003e     TV.obj (.econst:_SKYPE_Codes)
                  00090a4a    00000026     rts2800_fpu32.lib : _printfi.obj (.econst:.string)
                  00090a70    0000001c                       : _printfi.obj (.econst)
                  00090a8c    0000000d     TV.obj (.econst:.string)

AdcaResultFile 
*          1    00000b00    00000018     UNINITIALIZED
                  00000b00    00000018     F28377S.obj (AdcaResultFile)

AdcbResultFile 
*          1    00000b20    00000018     UNINITIALIZED
                  00000b20    00000018     F28377S.obj (AdcbResultFile)

AdccResultFile 
*          1    00000b40    00000018     UNINITIALIZED
                  00000b40    00000018     F28377S.obj (AdccResultFile)

AdcdResultFile 
*          1    00000b60    00000018     UNINITIALIZED
                  00000b60    00000018     F28377S.obj (AdcdResultFile)

CpuTimer0RegsFile 
*          1    00000c00    00000008     UNINITIALIZED
                  00000c00    00000008     F28377S.obj (CpuTimer0RegsFile)

CpuTimer1RegsFile 
*          1    00000c08    00000008     UNINITIALIZED
                  00000c08    00000008     F28377S.obj (CpuTimer1RegsFile)

CpuTimer2RegsFile 
*          1    00000c10    00000008     UNINITIALIZED
                  00000c10    00000008     F28377S.obj (CpuTimer2RegsFile)

PieCtrlRegsFile 
*          1    00000ce0    0000001a     UNINITIALIZED
                  00000ce0    0000001a     F28377S.obj (PieCtrlRegsFile)

PieVectTableFile 
*          1    00000d00    000001c0     UNINITIALIZED
                  00000d00    000001c0     F28377S.obj (PieVectTableFile)

EmuKeyVar 
*          1    00000d00    00000001     UNINITIALIZED
                  00000d00    00000001     F28377S.obj (EmuKeyVar)

EmuBModeVar 
*          1    00000d01    00000001     UNINITIALIZED
                  00000d01    00000001     F28377S.obj (EmuBModeVar)

FlashCallbackVar 
*          1    00000d02    00000000     UNINITIALIZED

FlashScalingVar 
*          1    00000d02    00000000     UNINITIALIZED

DmaRegsFile 
*          1    00001000    000000e0     UNINITIALIZED
                  00001000    000000e0     F28377S.obj (DmaRegsFile)

Cla1RegsFile 
*          1    00001400    0000003e     UNINITIALIZED
                  00001400    0000003e     F28377S.obj (Cla1RegsFile)

EPwm1RegsFile 
*          1    00004000    00000100     UNINITIALIZED
                  00004000    00000100     F28377S.obj (EPwm1RegsFile)

EPwm2RegsFile 
*          1    00004100    00000100     UNINITIALIZED
                  00004100    00000100     F28377S.obj (EPwm2RegsFile)

EPwm3RegsFile 
*          1    00004200    00000100     UNINITIALIZED
                  00004200    00000100     F28377S.obj (EPwm3RegsFile)

EPwm4RegsFile 
*          1    00004300    00000100     UNINITIALIZED
                  00004300    00000100     F28377S.obj (EPwm4RegsFile)

EPwm5RegsFile 
*          1    00004400    00000100     UNINITIALIZED
                  00004400    00000100     F28377S.obj (EPwm5RegsFile)

EPwm6RegsFile 
*          1    00004500    00000100     UNINITIALIZED
                  00004500    00000100     F28377S.obj (EPwm6RegsFile)

EPwm7RegsFile 
*          1    00004600    00000100     UNINITIALIZED
                  00004600    00000100     F28377S.obj (EPwm7RegsFile)

EPwm8RegsFile 
*          1    00004700    00000100     UNINITIALIZED
                  00004700    00000100     F28377S.obj (EPwm8RegsFile)

EPwm9RegsFile 
*          1    00004800    00000100     UNINITIALIZED
                  00004800    00000100     F28377S.obj (EPwm9RegsFile)

EPwm10RegsFile 
*          1    00004900    00000100     UNINITIALIZED
                  00004900    00000100     F28377S.obj (EPwm10RegsFile)

EPwm11RegsFile 
*          1    00004a00    00000100     UNINITIALIZED
                  00004a00    00000100     F28377S.obj (EPwm11RegsFile)

EPwm12RegsFile 
*          1    00004b00    00000100     UNINITIALIZED
                  00004b00    00000100     F28377S.obj (EPwm12RegsFile)

ECap1RegsFile 
*          1    00005000    00000020     UNINITIALIZED
                  00005000    00000020     F28377S.obj (ECap1RegsFile)

ECap2RegsFile 
*          1    00005020    00000020     UNINITIALIZED
                  00005020    00000020     F28377S.obj (ECap2RegsFile)

ECap3RegsFile 
*          1    00005040    00000020     UNINITIALIZED
                  00005040    00000020     F28377S.obj (ECap3RegsFile)

ECap4RegsFile 
*          1    00005060    00000020     UNINITIALIZED
                  00005060    00000020     F28377S.obj (ECap4RegsFile)

ECap5RegsFile 
*          1    00005080    00000020     UNINITIALIZED
                  00005080    00000020     F28377S.obj (ECap5RegsFile)

ECap6RegsFile 
*          1    000050a0    00000020     UNINITIALIZED
                  000050a0    00000020     F28377S.obj (ECap6RegsFile)

EQep1RegsFile 
*          1    00005100    00000022     UNINITIALIZED
                  00005100    00000022     F28377S.obj (EQep1RegsFile)

EQep2RegsFile 
*          1    00005140    00000022     UNINITIALIZED
                  00005140    00000022     F28377S.obj (EQep2RegsFile)

EQep3RegsFile 
*          1    00005180    00000022     UNINITIALIZED
                  00005180    00000022     F28377S.obj (EQep3RegsFile)

DacaRegsFile 
*          1    00005c00    00000008     UNINITIALIZED
                  00005c00    00000008     F28377S.obj (DacaRegsFile)

DacbRegsFile 
*          1    00005c10    00000008     UNINITIALIZED
                  00005c10    00000008     F28377S.obj (DacbRegsFile)

DaccRegsFile 
*          1    00005c20    00000008     UNINITIALIZED
                  00005c20    00000008     F28377S.obj (DaccRegsFile)

Cmpss1RegsFile 
*          1    00005c80    00000020     UNINITIALIZED
                  00005c80    00000020     F28377S.obj (Cmpss1RegsFile)

Cmpss2RegsFile 
*          1    00005ca0    00000020     UNINITIALIZED
                  00005ca0    00000020     F28377S.obj (Cmpss2RegsFile)

Cmpss3RegsFile 
*          1    00005cc0    00000020     UNINITIALIZED
                  00005cc0    00000020     F28377S.obj (Cmpss3RegsFile)

Cmpss4RegsFile 
*          1    00005ce0    00000020     UNINITIALIZED
                  00005ce0    00000020     F28377S.obj (Cmpss4RegsFile)

Cmpss5RegsFile 
*          1    00005d00    00000020     UNINITIALIZED
                  00005d00    00000020     F28377S.obj (Cmpss5RegsFile)

Cmpss6RegsFile 
*          1    00005d20    00000020     UNINITIALIZED
                  00005d20    00000020     F28377S.obj (Cmpss6RegsFile)

Cmpss7RegsFile 
*          1    00005d40    00000020     UNINITIALIZED
                  00005d40    00000020     F28377S.obj (Cmpss7RegsFile)

Cmpss8RegsFile 
*          1    00005d60    00000020     UNINITIALIZED
                  00005d60    00000020     F28377S.obj (Cmpss8RegsFile)

AdcaRegsFile 
*          1    00007400    00000080     UNINITIALIZED
                  00007400    00000080     F28377S.obj (AdcaRegsFile)

AdcbRegsFile 
*          1    00007480    00000080     UNINITIALIZED
                  00007480    00000080     F28377S.obj (AdcbRegsFile)

AdccRegsFile 
*          1    00007500    00000080     UNINITIALIZED
                  00007500    00000080     F28377S.obj (AdccRegsFile)

AdcdRegsFile 
*          1    00007580    00000080     UNINITIALIZED
                  00007580    00000080     F28377S.obj (AdcdRegsFile)

AnalogSubsysRegsFile 
*          1    0005d180    00000048     UNINITIALIZED
                  0005d180    00000048     F28377S.obj (AnalogSubsysRegsFile)

Cla1SoftIntRegsFile 
*          1    00000ce0    00000004     DSECT
                  00000ce0    00000004     F28377S.obj (Cla1SoftIntRegsFile)

Sdfm1RegsFile 
*          1    00005e00    00000080     UNINITIALIZED
                  00005e00    00000080     F28377S.obj (Sdfm1RegsFile)

Sdfm2RegsFile 
*          1    00005e80    00000080     UNINITIALIZED
                  00005e80    00000080     F28377S.obj (Sdfm2RegsFile)

McbspaRegsFile 
*          1    00006000    00000024     UNINITIALIZED
                  00006000    00000024     F28377S.obj (McbspaRegsFile)

McbspbRegsFile 
*          1    00006040    00000024     UNINITIALIZED
                  00006040    00000024     F28377S.obj (McbspbRegsFile)

SpiaRegsFile 
*          1    00006100    00000010     UNINITIALIZED
                  00006100    00000010     F28377S.obj (SpiaRegsFile)

SpibRegsFile 
*          1    00006110    00000010     UNINITIALIZED
                  00006110    00000010     F28377S.obj (SpibRegsFile)

SpicRegsFile 
*          1    00006120    00000010     UNINITIALIZED
                  00006120    00000010     F28377S.obj (SpicRegsFile)

UppRegsFile 
*          1    00006200    00000048     UNINITIALIZED
                  00006200    00000048     F28377S.obj (UppRegsFile)

WdRegsFile 
*          1    00007000    0000002b     UNINITIALIZED
                  00007000    0000002b     F28377S.obj (WdRegsFile)

NmiIntruptRegsFile 
*          1    00007060    00000007     UNINITIALIZED
                  00007060    00000007     F28377S.obj (NmiIntruptRegsFile)

XintRegsFile 
*          1    00007070    0000000b     UNINITIALIZED
                  00007070    0000000b     F28377S.obj (XintRegsFile)

SciaRegsFile 
*          1    00007200    00000010     UNINITIALIZED
                  00007200    00000010     F28377S.obj (SciaRegsFile)

ScibRegsFile 
*          1    00007210    00000010     UNINITIALIZED
                  00007210    00000010     F28377S.obj (ScibRegsFile)

ScicRegsFile 
*          1    00007220    00000010     UNINITIALIZED
                  00007220    00000010     F28377S.obj (ScicRegsFile)

ScidRegsFile 
*          1    00007230    00000010     UNINITIALIZED
                  00007230    00000010     F28377S.obj (ScidRegsFile)

I2caRegsFile 
*          1    00007300    00000022     UNINITIALIZED
                  00007300    00000022     F28377S.obj (I2caRegsFile)

I2cbRegsFile 
*          1    00007340    00000022     UNINITIALIZED
                  00007340    00000022     F28377S.obj (I2cbRegsFile)

InputXbarRegsFile 
*          1    00007900    00000020     UNINITIALIZED
                  00007900    00000020     F28377S.obj (InputXbarRegsFile)

XbarRegsFile 
*          1    00007920    00000020     UNINITIALIZED
                  00007920    00000020     F28377S.obj (XbarRegsFile)

SyncSocRegsFile 
*          1    00007940    00000006     UNINITIALIZED
                  00007940    00000006     F28377S.obj (SyncSocRegsFile)

DmaClaSrcSelRegsFile 
*          1    00007980    0000001a     UNINITIALIZED
                  00007980    0000001a     F28377S.obj (DmaClaSrcSelRegsFile)

EPwmXbarRegsFile 
*          1    00007a00    00000040     UNINITIALIZED
                  00007a00    00000040     F28377S.obj (EPwmXbarRegsFile)

OutputXbarRegsFile 
*          1    00007a80    00000040     UNINITIALIZED
                  00007a80    00000040     F28377S.obj (OutputXbarRegsFile)

GpioCtrlRegsFile 
*          1    00007c00    00000180     UNINITIALIZED
                  00007c00    00000180     F28377S.obj (GpioCtrlRegsFile)

GpioDataRegsFile 
*          1    00007f00    00000030     UNINITIALIZED
                  00007f00    00000030     F28377S.obj (GpioDataRegsFile)

.ebss.1    1    0000a800    0000042e     UNINITIALIZED
                  0000a800    00000408     UART.obj (.ebss)
                  0000ac08    0000000a     SYSTEM.obj (.ebss)
                  0000ac12    0000000a     TV.obj (.ebss)
                  0000ac1c    00000004     PWM.obj (.ebss)
                  0000ac20    00000004     rts2800_fpu32.lib : exit.obj (.ebss)
                  0000ac24    00000002     TIMERS.obj (.ebss)
                  0000ac26    00000002     rts2800_fpu32.lib : _lock.obj (.ebss:__lock)
                  0000ac28    00000002                       : _lock.obj (.ebss:__unlock)
                  0000ac2a    00000001     BUTTON.obj (.ebss)
                  0000ac2b    00000001     RELAY.obj (.ebss)
                  0000ac2c    00000001     TOGGLE.obj (.ebss)
                  0000ac2d    00000001     rts2800_fpu32.lib : errno.obj (.ebss)

.ebss.2    1    0000ac40    00000390     UNINITIALIZED
                  0000ac40    00000390     IR.obj (.ebss)

.ebss.3    1    0000c000    00001bb0     UNINITIALIZED
                  0000c000    00001bb0     AUDIO.obj (.ebss)

.ebss.4    1    0000dbc0    00000188     UNINITIALIZED
                  0000dbc0    00000188     CMD.obj (.ebss)

Emif1RegsFile 
*          1    00047000    00000070     UNINITIALIZED
                  00047000    00000070     F28377S.obj (Emif1RegsFile)

Emif2RegsFile 
*          1    00047800    00000070     UNINITIALIZED
                  00047800    00000070     F28377S.obj (Emif2RegsFile)

FlashPumpSemaphoreRegsFile 
*          1    00050024    00000002     UNINITIALIZED
                  00050024    00000002     F28377S.obj (FlashPumpSemaphoreRegsFile)

DevCfgRegsFile 
*          1    0005d000    0000012e     UNINITIALIZED
                  0005d000    0000012e     F28377S.obj (DevCfgRegsFile)

ClkCfgRegsFile 
*          1    0005d200    00000032     UNINITIALIZED
                  0005d200    00000032     F28377S.obj (ClkCfgRegsFile)

CpuSysRegsFile 
*          1    0005d300    00000082     UNINITIALIZED
                  0005d300    00000082     F28377S.obj (CpuSysRegsFile)

RomPrefetchRegsFile 
*          1    0005e608    00000002     UNINITIALIZED
                  0005e608    00000002     F28377S.obj (RomPrefetchRegsFile)

DcsmZ1RegsFile 
*          1    0005f000    00000024     UNINITIALIZED
                  0005f000    00000024     F28377S.obj (DcsmZ1RegsFile)

DcsmZ2RegsFile 
*          1    0005f040    00000024     UNINITIALIZED
                  0005f040    00000024     F28377S.obj (DcsmZ2RegsFile)

DcsmCommonRegsFile 
*          1    0005f070    00000008     UNINITIALIZED
                  0005f070    00000008     F28377S.obj (DcsmCommonRegsFile)

MemCfgRegsFile 
*          1    0005f400    00000080     UNINITIALIZED
                  0005f400    00000080     F28377S.obj (MemCfgRegsFile)

Emif1ConfigRegsFile 
*          1    0005f480    00000020     UNINITIALIZED
                  0005f480    00000020     F28377S.obj (Emif1ConfigRegsFile)

Emif2ConfigRegsFile 
*          1    0005f4a0    00000020     UNINITIALIZED
                  0005f4a0    00000020     F28377S.obj (Emif2ConfigRegsFile)

AccessProtectionRegsFile 
*          1    0005f4c0    00000040     UNINITIALIZED
                  0005f4c0    00000040     F28377S.obj (AccessProtectionRegsFile)

MemoryErrorRegsFile 
*          1    0005f500    00000040     UNINITIALIZED
                  0005f500    00000040     F28377S.obj (MemoryErrorRegsFile)

RomWaitStateRegsFile 
*          1    0005f540    00000002     UNINITIALIZED
                  0005f540    00000002     F28377S.obj (RomWaitStateRegsFile)

Flash0CtrlRegsFile 
*          1    0005f800    00000182     UNINITIALIZED
                  0005f800    00000182     F28377S.obj (Flash0CtrlRegsFile)

Flash0EccRegsFile 
*          1    0005fb00    00000028     UNINITIALIZED
                  0005fb00    00000028     F28377S.obj (Flash0EccRegsFile)

Flash1CtrlRegsFile 
*          1    0005fc00    00000182     UNINITIALIZED
                  0005fc00    00000182     F28377S.obj (Flash1CtrlRegsFile)

Flash1EccRegsFile 
*          1    0005ff00    00000028     UNINITIALIZED
                  0005ff00    00000028     F28377S.obj (Flash1EccRegsFile)

DcsmZ1OtpFile 
*          1    00078000    00000020     NOLOAD SECTION
                  00078000    00000020     F28377S.obj (DcsmZ1OtpFile)

DcsmZ2OtpFile 
*          1    00078200    00000020     NOLOAD SECTION
                  00078200    00000020     F28377S.obj (DcsmZ2OtpFile)


GLOBAL DATA SYMBOLS: SORTED BY DATA PAGE

address     data page           name
--------    ----------------    ----
00000400      10 (00000400)     __stack

00000b00      2c (00000b00)     _AdcaResultRegs
00000b20      2c (00000b00)     _AdcbResultRegs

00000b40      2d (00000b40)     _AdccResultRegs
00000b60      2d (00000b40)     _AdcdResultRegs

00000c00      30 (00000c00)     _CpuTimer0Regs
00000c08      30 (00000c00)     _CpuTimer1Regs
00000c10      30 (00000c00)     _CpuTimer2Regs

00000ce0      33 (00000cc0)     _Cla1SoftIntRegs
00000ce0      33 (00000cc0)     _PieCtrlRegs

00000d00      34 (00000d00)     _EmuKey
00000d00      34 (00000d00)     _PieVectTable
00000d01      34 (00000d00)     _EmuBMode

00001000      40 (00001000)     _DmaRegs

00001400      50 (00001400)     _Cla1Regs

00004000     100 (00004000)     _EPwm1Regs

00004100     104 (00004100)     _EPwm2Regs

00004200     108 (00004200)     _EPwm3Regs

00004300     10c (00004300)     _EPwm4Regs

00004400     110 (00004400)     _EPwm5Regs

00004500     114 (00004500)     _EPwm6Regs

00004600     118 (00004600)     _EPwm7Regs

00004700     11c (00004700)     _EPwm8Regs

00004800     120 (00004800)     _EPwm9Regs

00004900     124 (00004900)     _EPwm10Regs

00004a00     128 (00004a00)     _EPwm11Regs

00004b00     12c (00004b00)     _EPwm12Regs

00005000     140 (00005000)     _ECap1Regs
00005020     140 (00005000)     _ECap2Regs

00005040     141 (00005040)     _ECap3Regs
00005060     141 (00005040)     _ECap4Regs

00005080     142 (00005080)     _ECap5Regs
000050a0     142 (00005080)     _ECap6Regs

00005100     144 (00005100)     _EQep1Regs

00005140     145 (00005140)     _EQep2Regs

00005180     146 (00005180)     _EQep3Regs

00005c00     170 (00005c00)     _DacaRegs
00005c10     170 (00005c00)     _DacbRegs
00005c20     170 (00005c00)     _DaccRegs

00005c80     172 (00005c80)     _Cmpss1Regs
00005ca0     172 (00005c80)     _Cmpss2Regs

00005cc0     173 (00005cc0)     _Cmpss3Regs
00005ce0     173 (00005cc0)     _Cmpss4Regs

00005d00     174 (00005d00)     _Cmpss5Regs
00005d20     174 (00005d00)     _Cmpss6Regs

00005d40     175 (00005d40)     _Cmpss7Regs
00005d60     175 (00005d40)     _Cmpss8Regs

00005e00     178 (00005e00)     _Sdfm1Regs

00005e80     17a (00005e80)     _Sdfm2Regs

00006000     180 (00006000)     _McbspaRegs

00006040     181 (00006040)     _McbspbRegs

00006100     184 (00006100)     _SpiaRegs
00006110     184 (00006100)     _SpibRegs
00006120     184 (00006100)     _SpicRegs

00006200     188 (00006200)     _UppRegs

00007000     1c0 (00007000)     _WdRegs

00007060     1c1 (00007040)     _NmiIntruptRegs
00007070     1c1 (00007040)     _XintRegs

00007200     1c8 (00007200)     _SciaRegs
00007210     1c8 (00007200)     _ScibRegs
00007220     1c8 (00007200)     _ScicRegs
00007230     1c8 (00007200)     _ScidRegs

00007300     1cc (00007300)     _I2caRegs

00007340     1cd (00007340)     _I2cbRegs

00007400     1d0 (00007400)     _AdcaRegs

00007480     1d2 (00007480)     _AdcbRegs

00007500     1d4 (00007500)     _AdccRegs

00007580     1d6 (00007580)     _AdcdRegs

00007900     1e4 (00007900)     _InputXbarRegs
00007920     1e4 (00007900)     _XbarRegs

00007940     1e5 (00007940)     _SyncSocRegs

00007980     1e6 (00007980)     _DmaClaSrcSelRegs

00007a00     1e8 (00007a00)     _EPwmXbarRegs

00007a80     1ea (00007a80)     _OutputXbarRegs

00007c00     1f0 (00007c00)     _GpioCtrlRegs

00007f00     1fc (00007f00)     _GpioDataRegs

0000a800     2a0 (0000a800)     _TX_A_Buffer_ADD_Place
0000a801     2a0 (0000a800)     _RX_C_Buffer_Place
0000a802     2a0 (0000a800)     _TX_A_Buffer_REMOVE_Place
0000a803     2a0 (0000a800)     _RX_A_Buffer_Place
0000a804     2a0 (0000a800)     _TX_C_Buffer_ADD_Place
0000a805     2a0 (0000a800)     _TX_C_Buffer_REMOVE_Place

0000a840     2a1 (0000a840)     _TX_C_Buffer

0000a940     2a5 (0000a940)     _RX_C_Buffer

0000aa40     2a9 (0000aa40)     _TX_A_Buffer

0000ab40     2ad (0000ab40)     _RX_A_Buffer

0000ac08     2b0 (0000ac00)     _SYSCLK
0000ac0a     2b0 (0000ac00)     _PLLSYSCLK
0000ac0c     2b0 (0000ac00)     _CPU_FREQ
0000ac0e     2b0 (0000ac00)     _EPWMCLK
0000ac10     2b0 (0000ac00)     _LSPCLK
0000ac12     2b0 (0000ac00)     _Current_TV_inputMode
0000ac13     2b0 (0000ac00)     _NumSKYPE
0000ac15     2b0 (0000ac00)     _Current_TV_Power
0000ac16     2b0 (0000ac00)     _TV_SKYPE_Audio_Code_Started
0000ac17     2b0 (0000ac00)     _Original_TV_inputMode
0000ac18     2b0 (0000ac00)     _Original_TV_Power
0000ac1a     2b0 (0000ac00)     _TV_SKYPE_Audio_ProtocolTotalMicroseconds
0000ac1c     2b0 (0000ac00)     _PeriodLowpass
0000ac1d     2b0 (0000ac00)     _Period38kHz
0000ac20     2b0 (0000ac00)     ___TI_cleanup_ptr
0000ac22     2b0 (0000ac00)     ___TI_dtors_ptr
0000ac26     2b0 (0000ac00)     __lock
0000ac28     2b0 (0000ac00)     __unlock
0000ac2b     2b0 (0000ac00)     _RLY_SSRelayDuty
0000ac2d     2b0 (0000ac00)     _errno

0000ac40     2b1 (0000ac40)     _IR_NEC_Start
0000ac41     2b1 (0000ac40)     _NumVisio
0000ac43     2b1 (0000ac40)     _NEC_REPEAT
0000ac44     2b1 (0000ac40)     _IR_Receive_Timing_place
0000ac45     2b1 (0000ac40)     _NumSanyo
0000ac46     2b1 (0000ac40)     _NumIdylis
0000ac48     2b1 (0000ac40)     _NEC

0000ac80     2b2 (0000ac80)     _IR_Receive_Timing_MicroSeconds

0000ae40     2b9 (0000ae40)     _IR_Receive_Timing_Counts

0000c000     300 (0000c000)     _AudioProcessingSampleSmall
0000c001     300 (0000c000)     _AudioProcessingSampleLarge
0000c002     300 (0000c000)     _SSRelayOnCount
0000c003     300 (0000c000)     _AudioProcessing
0000c004     300 (0000c000)     _SSRelayAntiTwitchCount
0000c006     300 (0000c000)     _Audio_ADC_Counts_Unfiltered_place
0000c007     300 (0000c000)     _Audio_ADC_Counts_LowPass_place
0000c008     300 (0000c000)     _AudioProcess1
0000c00a     300 (0000c000)     _AudioProcess2

0000c040     301 (0000c040)     _Audio_ADC_Counts_Unfiltered_Buffer

0000c440     311 (0000c440)     _Audio_ADC_Counts_LowPass_Buffer

0000dbc1     36f (0000dbc0)     _NumCommands
0000dbc4     36f (0000dbc0)     _MiscBuffer

0000dc00     370 (0000dc00)     _CommandStringA

0000dc40     371 (0000dc40)     _CommandStringC

0000dc80     372 (0000dc80)     _SPRINTBuffer

00047000    11c0 (00047000)     _Emif1Regs

00047800    11e0 (00047800)     _Emif2Regs

00050024    1400 (00050000)     _FlashPumpSemaphoreRegs

0005d000    1740 (0005d000)     _DevCfgRegs

0005d180    1746 (0005d180)     _AnalogSubsysRegs

0005d200    1748 (0005d200)     _ClkCfgRegs

0005d300    174c (0005d300)     _CpuSysRegs

0005e608    1798 (0005e600)     _RomPrefetchRegs

0005f000    17c0 (0005f000)     _DcsmZ1Regs

0005f040    17c1 (0005f040)     _DcsmZ2Regs
0005f070    17c1 (0005f040)     _DcsmCommonRegs

0005f400    17d0 (0005f400)     _MemCfgRegs

0005f480    17d2 (0005f480)     _Emif1ConfigRegs
0005f4a0    17d2 (0005f480)     _Emif2ConfigRegs

0005f4c0    17d3 (0005f4c0)     _AccessProtectionRegs

0005f500    17d4 (0005f500)     _MemoryErrorRegs

0005f540    17d5 (0005f540)     _RomWaitStateRegs

0005f800    17e0 (0005f800)     _Flash0CtrlRegs

0005fb00    17ec (0005fb00)     _Flash0EccRegs

0005fc00    17f0 (0005fc00)     _Flash1CtrlRegs

0005ff00    17fc (0005ff00)     _Flash1EccRegs

00078000    1e00 (00078000)     _DcsmZ1Otp

00078200    1e08 (00078200)     _DcsmZ2Otp

00090000    2400 (00090000)     _Commands

000902c4    240b (000902c0)     _Sanyo

000906f1    241b (000906c0)     __ctypes_

0009091a    2424 (00090900)     _Idylis

0009099e    2426 (00090980)     _Visio

00090a0c    2428 (00090a00)     _SKYPE_Codes


GLOBAL SYMBOLS: SORTED ALPHABETICALLY BY Name 

page  address   name                                     
----  -------   ----                                     
abs   ffffffff  .text                                    
0     000853df  C$$EXIT                                  
0     00084efd  FD$$ADD                                  
0     0008527e  FD$$CMP                                  
0     00084f99  FD$$DIV                                  
0     00085024  FD$$MPY                                  
0     0008546b  FD$$NEG                                  
0     00083ff0  FD$$SUB                                  
0     000852d2  FD$$TOFS                                 
0     000852f5  FD$$TOI                                  
0     00085316  FD$$TOL                                  
0     0008538e  FS$$TOFD                                 
0     00085371  I$$TOFD                                  
0     000852a8  L$$DIV                                   
0     000852b7  L$$MOD                                   
0     000853aa  L$$TOFD                                  
0     000853f8  LL$$AND                                  
0     00085335  LL$$CMP                                  
0     00084d45  LL$$DIV                                  
0     00084d81  LL$$MOD                                  
0     00085400  LL$$OR                                   
0     00085408  LL$$XOR                                  
0     000852c5  UL$$DIV                                  
0     000852cc  UL$$MOD                                  
0     00085347  ULL$$CMP                                 
0     00084dbb  ULL$$DIV                                 
0     00084dea  ULL$$MOD                                 
0     000848e7  _ADC_BusyA                               
0     0008490e  _ADC_ForceSampleA                        
0     00084913  _ADC_GetStatusA                          
0     000848ef  _ADC_InterruptA                          
0     00084866  _ADC_LoadTrim                            
0     000847b3  _ADC_ModuleA                             
0     000847c2  _ADC_SetMode                             
0     000848a4  _ADC_SetupContinuousA                    
0     00084e72  _AUD_ClearSampleReadyFlag                
0     00084e76  _AUD_GetSampleReadyFlag                  
0     00084ee0  _AUD_LOWPASS_ClockModulePins             
0     00084ed1  _AUD_LOWPASS_Shutdown                    
0     00084e7a  _AUD_Process                             
0     00084e60  _AUD_Sampling                            
0     00084e6d  _AUD_SetSampleReadyFlag                  
0     00084eb0  _AUD_ShiftoutBuffer                      
1     0005f4c0  _AccessProtectionRegs                    
1     00007400  _AdcaRegs                                
1     00000b00  _AdcaResultRegs                          
1     00007480  _AdcbRegs                                
1     00000b20  _AdcbResultRegs                          
1     00007500  _AdccRegs                                
1     00000b40  _AdccResultRegs                          
1     00007580  _AdcdRegs                                
1     00000b60  _AdcdResultRegs                          
1     0005d180  _AnalogSubsysRegs                        
1     0000c008  _AudioProcess1                           
1     0000c00a  _AudioProcess2                           
1     0000c003  _AudioProcessing                         
1     0000c001  _AudioProcessingSampleLarge              
1     0000c000  _AudioProcessingSampleSmall              
1     0000c440  _Audio_ADC_Counts_LowPass_Buffer         
1     0000c007  _Audio_ADC_Counts_LowPass_place          
1     0000c040  _Audio_ADC_Counts_Unfiltered_Buffer      
1     0000c006  _Audio_ADC_Counts_Unfiltered_place       
0     00085413  _BLUE_ATCommand                          
0     00085193  _BUT_ButtonInterrupt                     
0     000851b5  _BUT_GetButtonFlag                       
0     000851ae  _BUT_SetButtonFlag                       
0     000836a8  _CMD_CheckMatch                          
0     00083731  _CMD_CommandSize                         
0     00083a11  _CMD_GetActiveUART                       
0     00083729  _CMD_GetNewCommandFlagA                  
0     0008372d  _CMD_GetNewCommandFlagC                  
0     0008367e  _CMD_Help                                
0     00083a15  _CMD_InitBluetooth                       
0     000837c2  _CMD_PrintAllCommands                    
0     00083769  _CMD_PrintCommand                        
0     00083962  _CMD_SendIdylis                          
0     00083812  _CMD_SendSanyo                           
0     000838ba  _CMD_SendVisio                           
0     00083a0a  _CMD_SetActiveUART                       
0     0008371b  _CMD_SetNewCommandFlagA                  
0     00083722  _CMD_SetNewCommandFlagC                  
1     0000ac0c  _CPU_FREQ                                
1     00001400  _Cla1Regs                                
0     00000ce0  _Cla1SoftIntRegs                         
1     0005d200  _ClkCfgRegs                              
1     00005c80  _Cmpss1Regs                              
1     00005ca0  _Cmpss2Regs                              
1     00005cc0  _Cmpss3Regs                              
1     00005ce0  _Cmpss4Regs                              
1     00005d00  _Cmpss5Regs                              
1     00005d20  _Cmpss6Regs                              
1     00005d40  _Cmpss7Regs                              
1     00005d60  _Cmpss8Regs                              
1     0000dc00  _CommandStringA                          
1     0000dc40  _CommandStringC                          
0     00090000  _Commands                                
1     0005d300  _CpuSysRegs                              
1     00000c00  _CpuTimer0Regs                           
1     00000c08  _CpuTimer1Regs                           
1     00000c10  _CpuTimer2Regs                           
1     0000ac15  _Current_TV_Power                        
1     0000ac12  _Current_TV_inputMode                    
1     00005c00  _DacaRegs                                
1     00005c10  _DacbRegs                                
1     00005c20  _DaccRegs                                
1     0005f070  _DcsmCommonRegs                          
1     00078000  _DcsmZ1Otp                               
1     0005f000  _DcsmZ1Regs                              
1     00078200  _DcsmZ2Otp                               
1     0005f040  _DcsmZ2Regs                              
1     0005d000  _DevCfgRegs                              
1     00007980  _DmaClaSrcSelRegs                        
1     00001000  _DmaRegs                                 
1     00005000  _ECap1Regs                               
1     00005020  _ECap2Regs                               
1     00005040  _ECap3Regs                               
1     00005060  _ECap4Regs                               
1     00005080  _ECap5Regs                               
1     000050a0  _ECap6Regs                               
1     0000ac0e  _EPWMCLK                                 
1     00004900  _EPwm10Regs                              
1     00004a00  _EPwm11Regs                              
1     00004b00  _EPwm12Regs                              
1     00004000  _EPwm1Regs                               
1     00004100  _EPwm2Regs                               
1     00004200  _EPwm3Regs                               
1     00004300  _EPwm4Regs                               
1     00004400  _EPwm5Regs                               
1     00004500  _EPwm6Regs                               
1     00004600  _EPwm7Regs                               
1     00004700  _EPwm8Regs                               
1     00004800  _EPwm9Regs                               
1     00007a00  _EPwmXbarRegs                            
1     00005100  _EQep1Regs                               
1     00005140  _EQep2Regs                               
1     00005180  _EQep3Regs                               
1     0005f480  _Emif1ConfigRegs                         
1     00047000  _Emif1Regs                               
1     0005f4a0  _Emif2ConfigRegs                         
1     00047800  _Emif2Regs                               
1     00000d01  _EmuBMode                                
1     00000d00  _EmuKey                                  
1     0005f800  _Flash0CtrlRegs                          
1     0005fb00  _Flash0EccRegs                           
1     0005fc00  _Flash1CtrlRegs                          
1     0005ff00  _Flash1EccRegs                           
1     00050024  _FlashPumpSemaphoreRegs                  
1     00007c00  _GpioCtrlRegs                            
1     00007f00  _GpioDataRegs                            
1     00007300  _I2caRegs                                
1     00007340  _I2cbRegs                                
0     00083b8c  _IR_CMDCheckMatch                        
0     00083d7c  _IR_CheckForNECMatch                     
0     00083c0c  _IR_ClearReceiveFlag                     
0     00083d71  _IR_DisableReceive                       
0     00083d78  _IR_EnableReceive                        
0     00083c10  _IR_GetReceiveFlag                       
0     00083aef  _IR_LED                                  
0     00083ac1  _IR_LEDModulePins                        
0     00083aeb  _IR_LEDPWMTest                           
0     00083ad7  _IR_LEDTest                              
1     0000ac40  _IR_NEC_Start                            
0     00083c14  _IR_ProcessReceiveNEC                    
1     0000ae40  _IR_Receive_Timing_Counts                
1     0000ac80  _IR_Receive_Timing_MicroSeconds          
1     0000ac44  _IR_Receive_Timing_place                 
0     00083aa6  _IR_ReceiverInterrupt                    
0     00083b25  _IR_SendNEC                              
0     00083afe  _IR_SendNECRepeat                        
0     00083b84  _IR_SendNECWithRepeat                    
0     00083db5  _IR_SendNECWithRepeatASCII               
0     00083c07  _IR_SetReceiveFlag                       
0     000830c9  _ISR_ADC_AUDIO                           
0     0008308f  _ISR_EPWM_11_LOWPASS                     
0     00083055  _ISR_EPWM_8_IRLED                        
0     00082e11  _ISR_INT1_BUTTON                         
0     00082e45  _ISR_INT2_ZEROCROSS                      
0     00082e98  _ISR_INT3_IR_RECEIVE                     
0     00082f77  _ISR_INT4_TOGGLE                         
0     00082fb4  _ISR_TIMER0_DELAY                        
0     00082fea  _ISR_TIMER1_IR_RECEIVE                   
0     00083022  _ISR_TIMER2_SS_Relay                     
0     00082cbd  _ISR_UART_A_RX                           
0     00082d55  _ISR_UART_A_TX                           
0     00082d09  _ISR_UART_C_RX                           
0     00082db3  _ISR_UART_C_TX                           
0     0009091a  _Idylis                                  
0     00084789  _InitADC                                 
0     00084e4c  _InitAudio                               
0     00085410  _InitBluetooth                           
0     00085177  _InitButtons                             
0     00083679  _InitCMD                                 
0     00083a69  _InitIR                                  
0     00083a80  _InitIRReceive                           
0     00083a76  _InitIRSend                              
0     000850a7  _InitLEDs                                
0     0008491d  _InitPWM                                 
0     00084974  _InitPWM_AudioLowpass                    
0     00084922  _InitPWM_IR                              
0     00083f8b  _InitRelay                               
0     00084ab0  _InitTV                                  
0     000845de  _InitTimer0                              
0     000845f7  _InitTimer1                              
0     00084611  _InitTimer2                              
0     000845d7  _InitTimers                              
0     00085134  _InitToggle                              
0     000831bf  _InitUART                                
0     000831c4  _InitUART_A                              
0     000831ff  _InitUART_C                              
0     00084d2a  _Init_Modules                            
0     00084c3b  _Init_Pins                               
1     00007900  _InputXbarRegs                           
0     000850df  _LED_GreenLED                            
0     000850d0  _LED_RedLED                              
1     0000ac10  _LSPCLK                                  
0     00083e25  _MSC_DelayNOP                            
0     00083dd0  _MSC_DelayUS                             
0     00083e38  _MSC_IsPrintable                         
0     00083e5c  _MSC_LowercaseChar                       
0     00083e77  _MSC_ReverseLong                         
0     00083e68  _MSC_Round                               
0     00083e45  _MSC_StringCopy                          
0     00083f6c  _MSC_StringMatch                         
1     00006000  _McbspaRegs                              
1     00006040  _McbspbRegs                              
1     0005f400  _MemCfgRegs                              
1     0005f500  _MemoryErrorRegs                         
1     0000dbc4  _MiscBuffer                              
1     0000ac48  _NEC                                     
1     0000ac43  _NEC_REPEAT                              
1     00007060  _NmiIntruptRegs                          
1     0000dbc1  _NumCommands                             
1     0000ac46  _NumIdylis                               
1     0000ac13  _NumSKYPE                                
1     0000ac45  _NumSanyo                                
1     0000ac41  _NumVisio                                
1     0000ac18  _Original_TV_Power                       
1     0000ac17  _Original_TV_inputMode                   
1     00007a80  _OutputXbarRegs                          
1     0000ac0a  _PLLSYSCLK                               
0     00084a6e  _PWM_GetCMP11A                           
0     00084a6a  _PWM_GetCMP8B                            
0     00084a95  _PWM_Interrupt11                         
0     00084a7a  _PWM_Interrupt8                          
0     00084a76  _PWM_ResetTBClock11                      
0     00084a72  _PWM_ResetTBClock8                       
0     00084a63  _PWM_SetCMP11A                           
0     00084a5c  _PWM_SetCMP8B                            
0     00084a20  _PWM_SetDutyCycle11A                     
0     000849e4  _PWM_SetDutyCycle8B                      
0     000849c6  _PWM_SetFrequency                        
1     0000ac1d  _Period38kHz                             
1     0000ac1c  _PeriodLowpass                           
1     00000ce0  _PieCtrlRegs                             
1     00000d00  _PieVectTable                            
0     00083fc2  _RLY_MechRelay                           
1     0000ac2b  _RLY_SSRelayDuty                         
0     00083fe0  _RLY_SetSSRelayDutyCycle                 
0     00083fd1  _RLY_SolidStateRelay                     
0     00083fa7  _RLY_ZeroCrossInterrupt                  
1     0000ab40  _RX_A_Buffer                             
1     0000a803  _RX_A_Buffer_Place                       
1     0000a940  _RX_C_Buffer                             
1     0000a801  _RX_C_Buffer_Place                       
0     00008000  _RamfuncsLoadEnd                         
abs   00000000  _RamfuncsLoadSize                        
0     00008000  _RamfuncsLoadStart                       
0     00008000  _RamfuncsRunEnd                          
abs   00000000  _RamfuncsRunSize                         
0     00008000  _RamfuncsRunStart                        
1     0005e608  _RomPrefetchRegs                         
1     0005f540  _RomWaitStateRegs                        
0     00090a0c  _SKYPE_Codes                             
1     0000dc80  _SPRINTBuffer                            
1     0000c004  _SSRelayAntiTwitchCount                  
1     0000c002  _SSRelayOnCount                          
1     0000ac08  _SYSCLK                                  
0     000841cf  _SYS_ClearPIE                            
0     00084000  _SYS_ConfigureOscillator                 
0     000841b6  _SYS_DisableWatchdog                     
0     00084201  _SYS_EnableInterruptGroup                
0     00084208  _SYS_EnableRealTime                      
0     00084185  _SYS_InitFlash_Bank0                     
0     0008417a  _SYS_InitOsc1Sel                         
0     0008416f  _SYS_InitOsc2Sel                         
0     00084058  _SYS_InitPeripheralClocks                
0     000840dd  _SYS_InitSysPll                          
0     00084162  _SYS_InitXtalOscSel                      
0     000841c5  _SYS_Interrupts                          
0     000841fe  _SYS_Lock                                
0     000841ec  _SYS_PerInterrupts                       
0     0008432d  _SYS_ReadPin                             
0     0008420b  _SYS_SetupPinMux                         
0     00084299  _SYS_SetupPinOptions                     
0     000841fb  _SYS_Unlock                              
0     00084344  _SYS_WritePin                            
0     000902c4  _Sanyo                                   
1     00007200  _SciaRegs                                
1     00007210  _ScibRegs                                
1     00007220  _ScicRegs                                
1     00007230  _ScidRegs                                
1     00005e00  _Sdfm1Regs                               
1     00005e80  _Sdfm2Regs                               
1     00006100  _SpiaRegs                                
1     00006110  _SpibRegs                                
1     00006120  _SpicRegs                                
1     00007940  _SyncSocRegs                             
0     00084727  _TMR_ClearTimerFlag0                     
0     0008472f  _TMR_CountsToMicroseconds                
0     00084750  _TMR_DutyToPeriod                        
0     0008470a  _TMR_GetStartTimerStatus0                
0     00084712  _TMR_GetStartTimerStatus1                
0     0008471a  _TMR_GetStartTimerStatus2                
0     0008462a  _TMR_GetTimer0                           
0     00084635  _TMR_GetTimer1                           
0     00084785  _TMR_GetTimer1Mode                       
0     00084640  _TMR_GetTimer2                           
0     0008472b  _TMR_GetTimerFlag0                       
0     00084666  _TMR_GetTimerPeriod0                     
0     00084671  _TMR_GetTimerPeriod1                     
0     0008467c  _TMR_GetTimerPeriod2                     
0     00084687  _TMR_Interrupt0                          
0     000846a9  _TMR_Interrupt1                          
0     000846c3  _TMR_Interrupt2                          
0     0008477e  _TMR_SetTimer1Mode                       
0     00084722  _TMR_SetTimerFlag0                       
0     0008464b  _TMR_SetTimerPeriod0                     
0     00084654  _TMR_SetTimerPeriod1                     
0     0008465d  _TMR_SetTimerPeriod2                     
0     0008461b  _TMR_SetTimerWithPeriod0                 
0     00084620  _TMR_SetTimerWithPeriod1                 
0     00084625  _TMR_SetTimerWithPeriod2                 
0     000846dd  _TMR_StartTimer0                         
0     000846ec  _TMR_StartTimer1                         
0     000846fb  _TMR_StartTimer2                         
0     00085173  _TOG_GetToggleFlag                       
0     0008516c  _TOG_SetToggleFlag                       
0     00085151  _TOG_ToggleInterrupt                     
0     00084b45  _TV_GetMode                              
0     00084af2  _TV_GoToOriginalMode                     
0     00084abb  _TV_GoToSkypeMode                        
1     0000ac16  _TV_SKYPE_Audio_Code_Started             
1     0000ac1a  _TV_SKYPE_Audio_ProtocolTotalMicroseconds
0     00084b54  _TV_SKYPE_Decode                         
0     00084bb7  _TV_SKYPE_FindFirstLocalMaximum          
0     00084b50  _TV_SKYPE_GetDecodeFlag                  
0     00084b49  _TV_SKYPE_SetDecodeFlag                  
0     00084b3e  _TV_SetMode                              
1     0000aa40  _TX_A_Buffer                             
1     0000a800  _TX_A_Buffer_ADD_Place                   
1     0000a802  _TX_A_Buffer_REMOVE_Place                
1     0000a840  _TX_C_Buffer                             
1     0000a804  _TX_C_Buffer_ADD_Place                   
1     0000a805  _TX_C_Buffer_REMOVE_Place                
0     00083471  _UART_GetCharA                           
0     0008348b  _UART_GetCharC                           
0     000832c7  _UART_GetFIFOA                           
0     000832d2  _UART_GetFIFOC                           
0     00083667  _UART_IsDoneA                            
0     00083670  _UART_IsDoneC                            
0     0008332b  _UART_ModuleEnableA                      
0     0008333a  _UART_ModuleEnableC                      
0     000833f1  _UART_ModulePinsA                        
0     0008342a  _UART_ModulePinsC                        
0     0008359f  _UART_ProcessCharacterA                  
0     00083603  _UART_ProcessCharacterC                  
0     0008345f  _UART_PutCharA                           
0     00083468  _UART_PutCharC                           
0     000833d3  _UART_ReceiveEnableA                     
0     000833e2  _UART_ReceiveEnableC                     
0     00083349  _UART_ReceiveInterruptA                  
0     00083364  _UART_ReceiveInterruptC                  
0     00083553  _UART_SendBannerA                        
0     00083574  _UART_SendBannerC                        
0     000834a5  _UART_SendCharA                          
0     000834e4  _UART_SendCharC                          
0     00083595  _UART_SendPromptA                        
0     0008359a  _UART_SendPromptC                        
0     00083523  _UART_SendStringA                        
0     00083531  _UART_SendStringC                        
0     0008353f  _UART_SendStringCRLNA                    
0     00083549  _UART_SendStringCRLNC                    
0     000832dd  _UART_SetFIFOA                           
0     00083304  _UART_SetFIFOC                           
0     00083239  _UART_SetParametersA                     
0     00083280  _UART_SetParametersC                     
0     000833b5  _UART_TransmitEnableA                    
0     000833c4  _UART_TransmitEnableC                    
0     0008337f  _UART_TransmitInterruptA                 
0     0008339a  _UART_TransmitInterruptC                 
1     00006200  _UppRegs                                 
0     0009099e  _Visio                                   
1     00007000  _WdRegs                                  
1     00007920  _XbarRegs                                
1     00007070  _XintRegs                                
1     00000800  __STACK_END                              
abs   00000400  __STACK_SIZE                             
1     0000ac20  ___TI_cleanup_ptr                        
1     0000ac22  ___TI_dtors_ptr                          
0     00082bb8  ___TI_printfi                            
abs   ffffffff  ___binit__                               
abs   ffffffff  ___c_args__                              
0     00082000  ___cinit__                               
abs   ffffffff  ___etext__                               
abs   ffffffff  ___pinit__                               
abs   ffffffff  ___text__                                
0     000853c6  __args_main                              
0     000906f1  __ctypes_                                
1     0000ac26  __lock                                   
0     0008546a  __nop                                    
0     00085466  __register_lock                          
0     00085462  __register_unlock                        
1     00000400  __stack                                  
1     0000ac28  __unlock                                 
0     000853df  _abort                                   
0     0008521f  _atoi                                    
0     000850ee  _c_int00                                 
1     0000ac2d  _errno                                   
0     000853e1  _exit                                    
0     00085426  _frexp                                   
0     000851b9  _ldexp                                   
0     00085250  _ltoa                                    
0     00084362  _main                                    
0     0008543c  _memccpy                                 
0     00085353  _memcpy                                  
0     0008544a  _memset                                  
0     000851ed  _sprintf                                 
0     00085456  _strchr                                  
0     0008547c  _strcpy                                  
0     00085474  _strlen                                  
abs   ffffffff  binit                                    
0     00082000  cinit                                    
0     00080000  code_start                               
abs   ffffffff  etext                                    
abs   ffffffff  pinit                                    


GLOBAL SYMBOLS: SORTED BY Symbol Address 

page  address   name                                     
----  -------   ----                                     
0     00000ce0  _Cla1SoftIntRegs                         
0     00008000  _RamfuncsLoadEnd                         
0     00008000  _RamfuncsLoadStart                       
0     00008000  _RamfuncsRunEnd                          
0     00008000  _RamfuncsRunStart                        
0     00080000  code_start                               
0     00082000  ___cinit__                               
0     00082000  cinit                                    
0     00082bb8  ___TI_printfi                            
0     00082cbd  _ISR_UART_A_RX                           
0     00082d09  _ISR_UART_C_RX                           
0     00082d55  _ISR_UART_A_TX                           
0     00082db3  _ISR_UART_C_TX                           
0     00082e11  _ISR_INT1_BUTTON                         
0     00082e45  _ISR_INT2_ZEROCROSS                      
0     00082e98  _ISR_INT3_IR_RECEIVE                     
0     00082f77  _ISR_INT4_TOGGLE                         
0     00082fb4  _ISR_TIMER0_DELAY                        
0     00082fea  _ISR_TIMER1_IR_RECEIVE                   
0     00083022  _ISR_TIMER2_SS_Relay                     
0     00083055  _ISR_EPWM_8_IRLED                        
0     0008308f  _ISR_EPWM_11_LOWPASS                     
0     000830c9  _ISR_ADC_AUDIO                           
0     000831bf  _InitUART                                
0     000831c4  _InitUART_A                              
0     000831ff  _InitUART_C                              
0     00083239  _UART_SetParametersA                     
0     00083280  _UART_SetParametersC                     
0     000832c7  _UART_GetFIFOA                           
0     000832d2  _UART_GetFIFOC                           
0     000832dd  _UART_SetFIFOA                           
0     00083304  _UART_SetFIFOC                           
0     0008332b  _UART_ModuleEnableA                      
0     0008333a  _UART_ModuleEnableC                      
0     00083349  _UART_ReceiveInterruptA                  
0     00083364  _UART_ReceiveInterruptC                  
0     0008337f  _UART_TransmitInterruptA                 
0     0008339a  _UART_TransmitInterruptC                 
0     000833b5  _UART_TransmitEnableA                    
0     000833c4  _UART_TransmitEnableC                    
0     000833d3  _UART_ReceiveEnableA                     
0     000833e2  _UART_ReceiveEnableC                     
0     000833f1  _UART_ModulePinsA                        
0     0008342a  _UART_ModulePinsC                        
0     0008345f  _UART_PutCharA                           
0     00083468  _UART_PutCharC                           
0     00083471  _UART_GetCharA                           
0     0008348b  _UART_GetCharC                           
0     000834a5  _UART_SendCharA                          
0     000834e4  _UART_SendCharC                          
0     00083523  _UART_SendStringA                        
0     00083531  _UART_SendStringC                        
0     0008353f  _UART_SendStringCRLNA                    
0     00083549  _UART_SendStringCRLNC                    
0     00083553  _UART_SendBannerA                        
0     00083574  _UART_SendBannerC                        
0     00083595  _UART_SendPromptA                        
0     0008359a  _UART_SendPromptC                        
0     0008359f  _UART_ProcessCharacterA                  
0     00083603  _UART_ProcessCharacterC                  
0     00083667  _UART_IsDoneA                            
0     00083670  _UART_IsDoneC                            
0     00083679  _InitCMD                                 
0     0008367e  _CMD_Help                                
0     000836a8  _CMD_CheckMatch                          
0     0008371b  _CMD_SetNewCommandFlagA                  
0     00083722  _CMD_SetNewCommandFlagC                  
0     00083729  _CMD_GetNewCommandFlagA                  
0     0008372d  _CMD_GetNewCommandFlagC                  
0     00083731  _CMD_CommandSize                         
0     00083769  _CMD_PrintCommand                        
0     000837c2  _CMD_PrintAllCommands                    
0     00083812  _CMD_SendSanyo                           
0     000838ba  _CMD_SendVisio                           
0     00083962  _CMD_SendIdylis                          
0     00083a0a  _CMD_SetActiveUART                       
0     00083a11  _CMD_GetActiveUART                       
0     00083a15  _CMD_InitBluetooth                       
0     00083a69  _InitIR                                  
0     00083a76  _InitIRSend                              
0     00083a80  _InitIRReceive                           
0     00083aa6  _IR_ReceiverInterrupt                    
0     00083ac1  _IR_LEDModulePins                        
0     00083ad7  _IR_LEDTest                              
0     00083aeb  _IR_LEDPWMTest                           
0     00083aef  _IR_LED                                  
0     00083afe  _IR_SendNECRepeat                        
0     00083b25  _IR_SendNEC                              
0     00083b84  _IR_SendNECWithRepeat                    
0     00083b8c  _IR_CMDCheckMatch                        
0     00083c07  _IR_SetReceiveFlag                       
0     00083c0c  _IR_ClearReceiveFlag                     
0     00083c10  _IR_GetReceiveFlag                       
0     00083c14  _IR_ProcessReceiveNEC                    
0     00083d71  _IR_DisableReceive                       
0     00083d78  _IR_EnableReceive                        
0     00083d7c  _IR_CheckForNECMatch                     
0     00083db5  _IR_SendNECWithRepeatASCII               
0     00083dd0  _MSC_DelayUS                             
0     00083e25  _MSC_DelayNOP                            
0     00083e38  _MSC_IsPrintable                         
0     00083e45  _MSC_StringCopy                          
0     00083e5c  _MSC_LowercaseChar                       
0     00083e68  _MSC_Round                               
0     00083e77  _MSC_ReverseLong                         
0     00083f6c  _MSC_StringMatch                         
0     00083f8b  _InitRelay                               
0     00083fa7  _RLY_ZeroCrossInterrupt                  
0     00083fc2  _RLY_MechRelay                           
0     00083fd1  _RLY_SolidStateRelay                     
0     00083fe0  _RLY_SetSSRelayDutyCycle                 
0     00083ff0  FD$$SUB                                  
0     00084000  _SYS_ConfigureOscillator                 
0     00084058  _SYS_InitPeripheralClocks                
0     000840dd  _SYS_InitSysPll                          
0     00084162  _SYS_InitXtalOscSel                      
0     0008416f  _SYS_InitOsc2Sel                         
0     0008417a  _SYS_InitOsc1Sel                         
0     00084185  _SYS_InitFlash_Bank0                     
0     000841b6  _SYS_DisableWatchdog                     
0     000841c5  _SYS_Interrupts                          
0     000841cf  _SYS_ClearPIE                            
0     000841ec  _SYS_PerInterrupts                       
0     000841fb  _SYS_Unlock                              
0     000841fe  _SYS_Lock                                
0     00084201  _SYS_EnableInterruptGroup                
0     00084208  _SYS_EnableRealTime                      
0     0008420b  _SYS_SetupPinMux                         
0     00084299  _SYS_SetupPinOptions                     
0     0008432d  _SYS_ReadPin                             
0     00084344  _SYS_WritePin                            
0     00084362  _main                                    
0     000845d7  _InitTimers                              
0     000845de  _InitTimer0                              
0     000845f7  _InitTimer1                              
0     00084611  _InitTimer2                              
0     0008461b  _TMR_SetTimerWithPeriod0                 
0     00084620  _TMR_SetTimerWithPeriod1                 
0     00084625  _TMR_SetTimerWithPeriod2                 
0     0008462a  _TMR_GetTimer0                           
0     00084635  _TMR_GetTimer1                           
0     00084640  _TMR_GetTimer2                           
0     0008464b  _TMR_SetTimerPeriod0                     
0     00084654  _TMR_SetTimerPeriod1                     
0     0008465d  _TMR_SetTimerPeriod2                     
0     00084666  _TMR_GetTimerPeriod0                     
0     00084671  _TMR_GetTimerPeriod1                     
0     0008467c  _TMR_GetTimerPeriod2                     
0     00084687  _TMR_Interrupt0                          
0     000846a9  _TMR_Interrupt1                          
0     000846c3  _TMR_Interrupt2                          
0     000846dd  _TMR_StartTimer0                         
0     000846ec  _TMR_StartTimer1                         
0     000846fb  _TMR_StartTimer2                         
0     0008470a  _TMR_GetStartTimerStatus0                
0     00084712  _TMR_GetStartTimerStatus1                
0     0008471a  _TMR_GetStartTimerStatus2                
0     00084722  _TMR_SetTimerFlag0                       
0     00084727  _TMR_ClearTimerFlag0                     
0     0008472b  _TMR_GetTimerFlag0                       
0     0008472f  _TMR_CountsToMicroseconds                
0     00084750  _TMR_DutyToPeriod                        
0     0008477e  _TMR_SetTimer1Mode                       
0     00084785  _TMR_GetTimer1Mode                       
0     00084789  _InitADC                                 
0     000847b3  _ADC_ModuleA                             
0     000847c2  _ADC_SetMode                             
0     00084866  _ADC_LoadTrim                            
0     000848a4  _ADC_SetupContinuousA                    
0     000848e7  _ADC_BusyA                               
0     000848ef  _ADC_InterruptA                          
0     0008490e  _ADC_ForceSampleA                        
0     00084913  _ADC_GetStatusA                          
0     0008491d  _InitPWM                                 
0     00084922  _InitPWM_IR                              
0     00084974  _InitPWM_AudioLowpass                    
0     000849c6  _PWM_SetFrequency                        
0     000849e4  _PWM_SetDutyCycle8B                      
0     00084a20  _PWM_SetDutyCycle11A                     
0     00084a5c  _PWM_SetCMP8B                            
0     00084a63  _PWM_SetCMP11A                           
0     00084a6a  _PWM_GetCMP8B                            
0     00084a6e  _PWM_GetCMP11A                           
0     00084a72  _PWM_ResetTBClock8                       
0     00084a76  _PWM_ResetTBClock11                      
0     00084a7a  _PWM_Interrupt8                          
0     00084a95  _PWM_Interrupt11                         
0     00084ab0  _InitTV                                  
0     00084abb  _TV_GoToSkypeMode                        
0     00084af2  _TV_GoToOriginalMode                     
0     00084b3e  _TV_SetMode                              
0     00084b45  _TV_GetMode                              
0     00084b49  _TV_SKYPE_SetDecodeFlag                  
0     00084b50  _TV_SKYPE_GetDecodeFlag                  
0     00084b54  _TV_SKYPE_Decode                         
0     00084bb7  _TV_SKYPE_FindFirstLocalMaximum          
0     00084c3b  _Init_Pins                               
0     00084d2a  _Init_Modules                            
0     00084d45  LL$$DIV                                  
0     00084d81  LL$$MOD                                  
0     00084dbb  ULL$$DIV                                 
0     00084dea  ULL$$MOD                                 
0     00084e4c  _InitAudio                               
0     00084e60  _AUD_Sampling                            
0     00084e6d  _AUD_SetSampleReadyFlag                  
0     00084e72  _AUD_ClearSampleReadyFlag                
0     00084e76  _AUD_GetSampleReadyFlag                  
0     00084e7a  _AUD_Process                             
0     00084eb0  _AUD_ShiftoutBuffer                      
0     00084ed1  _AUD_LOWPASS_Shutdown                    
0     00084ee0  _AUD_LOWPASS_ClockModulePins             
0     00084efd  FD$$ADD                                  
0     00084f99  FD$$DIV                                  
0     00085024  FD$$MPY                                  
0     000850a7  _InitLEDs                                
0     000850d0  _LED_RedLED                              
0     000850df  _LED_GreenLED                            
0     000850ee  _c_int00                                 
0     00085134  _InitToggle                              
0     00085151  _TOG_ToggleInterrupt                     
0     0008516c  _TOG_SetToggleFlag                       
0     00085173  _TOG_GetToggleFlag                       
0     00085177  _InitButtons                             
0     00085193  _BUT_ButtonInterrupt                     
0     000851ae  _BUT_SetButtonFlag                       
0     000851b5  _BUT_GetButtonFlag                       
0     000851b9  _ldexp                                   
0     000851ed  _sprintf                                 
0     0008521f  _atoi                                    
0     00085250  _ltoa                                    
0     0008527e  FD$$CMP                                  
0     000852a8  L$$DIV                                   
0     000852b7  L$$MOD                                   
0     000852c5  UL$$DIV                                  
0     000852cc  UL$$MOD                                  
0     000852d2  FD$$TOFS                                 
0     000852f5  FD$$TOI                                  
0     00085316  FD$$TOL                                  
0     00085335  LL$$CMP                                  
0     00085347  ULL$$CMP                                 
0     00085353  _memcpy                                  
0     00085371  I$$TOFD                                  
0     0008538e  FS$$TOFD                                 
0     000853aa  L$$TOFD                                  
0     000853c6  __args_main                              
0     000853df  C$$EXIT                                  
0     000853df  _abort                                   
0     000853e1  _exit                                    
0     000853f8  LL$$AND                                  
0     00085400  LL$$OR                                   
0     00085408  LL$$XOR                                  
0     00085410  _InitBluetooth                           
0     00085413  _BLUE_ATCommand                          
0     00085426  _frexp                                   
0     0008543c  _memccpy                                 
0     0008544a  _memset                                  
0     00085456  _strchr                                  
0     00085462  __register_unlock                        
0     00085466  __register_lock                          
0     0008546a  __nop                                    
0     0008546b  FD$$NEG                                  
0     00085474  _strlen                                  
0     0008547c  _strcpy                                  
0     00090000  _Commands                                
0     000902c4  _Sanyo                                   
0     000906f1  __ctypes_                                
0     0009091a  _Idylis                                  
0     0009099e  _Visio                                   
0     00090a0c  _SKYPE_Codes                             
1     00000400  __stack                                  
1     00000800  __STACK_END                              
1     00000b00  _AdcaResultRegs                          
1     00000b20  _AdcbResultRegs                          
1     00000b40  _AdccResultRegs                          
1     00000b60  _AdcdResultRegs                          
1     00000c00  _CpuTimer0Regs                           
1     00000c08  _CpuTimer1Regs                           
1     00000c10  _CpuTimer2Regs                           
1     00000ce0  _PieCtrlRegs                             
1     00000d00  _EmuKey                                  
1     00000d00  _PieVectTable                            
1     00000d01  _EmuBMode                                
1     00001000  _DmaRegs                                 
1     00001400  _Cla1Regs                                
1     00004000  _EPwm1Regs                               
1     00004100  _EPwm2Regs                               
1     00004200  _EPwm3Regs                               
1     00004300  _EPwm4Regs                               
1     00004400  _EPwm5Regs                               
1     00004500  _EPwm6Regs                               
1     00004600  _EPwm7Regs                               
1     00004700  _EPwm8Regs                               
1     00004800  _EPwm9Regs                               
1     00004900  _EPwm10Regs                              
1     00004a00  _EPwm11Regs                              
1     00004b00  _EPwm12Regs                              
1     00005000  _ECap1Regs                               
1     00005020  _ECap2Regs                               
1     00005040  _ECap3Regs                               
1     00005060  _ECap4Regs                               
1     00005080  _ECap5Regs                               
1     000050a0  _ECap6Regs                               
1     00005100  _EQep1Regs                               
1     00005140  _EQep2Regs                               
1     00005180  _EQep3Regs                               
1     00005c00  _DacaRegs                                
1     00005c10  _DacbRegs                                
1     00005c20  _DaccRegs                                
1     00005c80  _Cmpss1Regs                              
1     00005ca0  _Cmpss2Regs                              
1     00005cc0  _Cmpss3Regs                              
1     00005ce0  _Cmpss4Regs                              
1     00005d00  _Cmpss5Regs                              
1     00005d20  _Cmpss6Regs                              
1     00005d40  _Cmpss7Regs                              
1     00005d60  _Cmpss8Regs                              
1     00005e00  _Sdfm1Regs                               
1     00005e80  _Sdfm2Regs                               
1     00006000  _McbspaRegs                              
1     00006040  _McbspbRegs                              
1     00006100  _SpiaRegs                                
1     00006110  _SpibRegs                                
1     00006120  _SpicRegs                                
1     00006200  _UppRegs                                 
1     00007000  _WdRegs                                  
1     00007060  _NmiIntruptRegs                          
1     00007070  _XintRegs                                
1     00007200  _SciaRegs                                
1     00007210  _ScibRegs                                
1     00007220  _ScicRegs                                
1     00007230  _ScidRegs                                
1     00007300  _I2caRegs                                
1     00007340  _I2cbRegs                                
1     00007400  _AdcaRegs                                
1     00007480  _AdcbRegs                                
1     00007500  _AdccRegs                                
1     00007580  _AdcdRegs                                
1     00007900  _InputXbarRegs                           
1     00007920  _XbarRegs                                
1     00007940  _SyncSocRegs                             
1     00007980  _DmaClaSrcSelRegs                        
1     00007a00  _EPwmXbarRegs                            
1     00007a80  _OutputXbarRegs                          
1     00007c00  _GpioCtrlRegs                            
1     00007f00  _GpioDataRegs                            
1     0000a800  _TX_A_Buffer_ADD_Place                   
1     0000a801  _RX_C_Buffer_Place                       
1     0000a802  _TX_A_Buffer_REMOVE_Place                
1     0000a803  _RX_A_Buffer_Place                       
1     0000a804  _TX_C_Buffer_ADD_Place                   
1     0000a805  _TX_C_Buffer_REMOVE_Place                
1     0000a840  _TX_C_Buffer                             
1     0000a940  _RX_C_Buffer                             
1     0000aa40  _TX_A_Buffer                             
1     0000ab40  _RX_A_Buffer                             
1     0000ac08  _SYSCLK                                  
1     0000ac0a  _PLLSYSCLK                               
1     0000ac0c  _CPU_FREQ                                
1     0000ac0e  _EPWMCLK                                 
1     0000ac10  _LSPCLK                                  
1     0000ac12  _Current_TV_inputMode                    
1     0000ac13  _NumSKYPE                                
1     0000ac15  _Current_TV_Power                        
1     0000ac16  _TV_SKYPE_Audio_Code_Started             
1     0000ac17  _Original_TV_inputMode                   
1     0000ac18  _Original_TV_Power                       
1     0000ac1a  _TV_SKYPE_Audio_ProtocolTotalMicroseconds
1     0000ac1c  _PeriodLowpass                           
1     0000ac1d  _Period38kHz                             
1     0000ac20  ___TI_cleanup_ptr                        
1     0000ac22  ___TI_dtors_ptr                          
1     0000ac26  __lock                                   
1     0000ac28  __unlock                                 
1     0000ac2b  _RLY_SSRelayDuty                         
1     0000ac2d  _errno                                   
1     0000ac40  _IR_NEC_Start                            
1     0000ac41  _NumVisio                                
1     0000ac43  _NEC_REPEAT                              
1     0000ac44  _IR_Receive_Timing_place                 
1     0000ac45  _NumSanyo                                
1     0000ac46  _NumIdylis                               
1     0000ac48  _NEC                                     
1     0000ac80  _IR_Receive_Timing_MicroSeconds          
1     0000ae40  _IR_Receive_Timing_Counts                
1     0000c000  _AudioProcessingSampleSmall              
1     0000c001  _AudioProcessingSampleLarge              
1     0000c002  _SSRelayOnCount                          
1     0000c003  _AudioProcessing                         
1     0000c004  _SSRelayAntiTwitchCount                  
1     0000c006  _Audio_ADC_Counts_Unfiltered_place       
1     0000c007  _Audio_ADC_Counts_LowPass_place          
1     0000c008  _AudioProcess1                           
1     0000c00a  _AudioProcess2                           
1     0000c040  _Audio_ADC_Counts_Unfiltered_Buffer      
1     0000c440  _Audio_ADC_Counts_LowPass_Buffer         
1     0000dbc1  _NumCommands                             
1     0000dbc4  _MiscBuffer                              
1     0000dc00  _CommandStringA                          
1     0000dc40  _CommandStringC                          
1     0000dc80  _SPRINTBuffer                            
1     00047000  _Emif1Regs                               
1     00047800  _Emif2Regs                               
1     00050024  _FlashPumpSemaphoreRegs                  
1     0005d000  _DevCfgRegs                              
1     0005d180  _AnalogSubsysRegs                        
1     0005d200  _ClkCfgRegs                              
1     0005d300  _CpuSysRegs                              
1     0005e608  _RomPrefetchRegs                         
1     0005f000  _DcsmZ1Regs                              
1     0005f040  _DcsmZ2Regs                              
1     0005f070  _DcsmCommonRegs                          
1     0005f400  _MemCfgRegs                              
1     0005f480  _Emif1ConfigRegs                         
1     0005f4a0  _Emif2ConfigRegs                         
1     0005f4c0  _AccessProtectionRegs                    
1     0005f500  _MemoryErrorRegs                         
1     0005f540  _RomWaitStateRegs                        
1     0005f800  _Flash0CtrlRegs                          
1     0005fb00  _Flash0EccRegs                           
1     0005fc00  _Flash1CtrlRegs                          
1     0005ff00  _Flash1EccRegs                           
1     00078000  _DcsmZ1Otp                               
1     00078200  _DcsmZ2Otp                               
abs   00000000  _RamfuncsLoadSize                        
abs   00000000  _RamfuncsRunSize                         
abs   00000400  __STACK_SIZE                             
abs   ffffffff  .text                                    
abs   ffffffff  ___binit__                               
abs   ffffffff  ___c_args__                              
abs   ffffffff  ___etext__                               
abs   ffffffff  ___pinit__                               
abs   ffffffff  ___text__                                
abs   ffffffff  binit                                    
abs   ffffffff  etext                                    
abs   ffffffff  pinit                                    

[435 symbols]
