<?xml version="1.0"?>
<link_info>
   <banner>TMS320C2000 Linker PC v6.4.9</banner>
   <copyright>Copyright (c) 1996-2015 Texas Instruments Incorporated</copyright>
   <link_time>0x56b0886a</link_time>
   <link_errors>0x0</link_errors>
   <output_file>TMS_Skype_Petcam.out</output_file>
   <entry_point>
      <name>_c_int00</name>
      <address>0x858c5</address>
   </entry_point>
   <input_file_list>
      <input_file id="fl-2">
         <path>.\</path>
         <kind>object</kind>
         <file>ADC.obj</file>
         <name>ADC.obj</name>
      </input_file>
      <input_file id="fl-3">
         <path>.\</path>
         <kind>object</kind>
         <file>AUDIO.obj</file>
         <name>AUDIO.obj</name>
      </input_file>
      <input_file id="fl-4">
         <path>.\</path>
         <kind>object</kind>
         <file>BLUETOOTH.obj</file>
         <name>BLUETOOTH.obj</name>
      </input_file>
      <input_file id="fl-5">
         <path>.\</path>
         <kind>object</kind>
         <file>BUTTON.obj</file>
         <name>BUTTON.obj</name>
      </input_file>
      <input_file id="fl-6">
         <path>.\</path>
         <kind>object</kind>
         <file>CMD.obj</file>
         <name>CMD.obj</name>
      </input_file>
      <input_file id="fl-7">
         <path>.\</path>
         <kind>object</kind>
         <file>DMA.obj</file>
         <name>DMA.obj</name>
      </input_file>
      <input_file id="fl-8">
         <path>.\</path>
         <kind>object</kind>
         <file>INTERRUPTS.obj</file>
         <name>INTERRUPTS.obj</name>
      </input_file>
      <input_file id="fl-9">
         <path>.\</path>
         <kind>object</kind>
         <file>IR.obj</file>
         <name>IR.obj</name>
      </input_file>
      <input_file id="fl-a">
         <path>.\</path>
         <kind>object</kind>
         <file>LED.obj</file>
         <name>LED.obj</name>
      </input_file>
      <input_file id="fl-b">
         <path>.\</path>
         <kind>object</kind>
         <file>MISC.obj</file>
         <name>MISC.obj</name>
      </input_file>
      <input_file id="fl-c">
         <path>.\</path>
         <kind>object</kind>
         <file>PWM.obj</file>
         <name>PWM.obj</name>
      </input_file>
      <input_file id="fl-d">
         <path>.\</path>
         <kind>object</kind>
         <file>RELAY.obj</file>
         <name>RELAY.obj</name>
      </input_file>
      <input_file id="fl-e">
         <path>.\</path>
         <kind>object</kind>
         <file>START.obj</file>
         <name>START.obj</name>
      </input_file>
      <input_file id="fl-f">
         <path>.\</path>
         <kind>object</kind>
         <file>SYSTEM.obj</file>
         <name>SYSTEM.obj</name>
      </input_file>
      <input_file id="fl-10">
         <path>.\</path>
         <kind>object</kind>
         <file>TIMERS.obj</file>
         <name>TIMERS.obj</name>
      </input_file>
      <input_file id="fl-11">
         <path>.\</path>
         <kind>object</kind>
         <file>TOGGLE.obj</file>
         <name>TOGGLE.obj</name>
      </input_file>
      <input_file id="fl-12">
         <path>.\</path>
         <kind>object</kind>
         <file>TV.obj</file>
         <name>TV.obj</name>
      </input_file>
      <input_file id="fl-13">
         <path>.\</path>
         <kind>object</kind>
         <file>UART.obj</file>
         <name>UART.obj</name>
      </input_file>
      <input_file id="fl-14">
         <path>.\</path>
         <kind>object</kind>
         <file>USER.obj</file>
         <name>USER.obj</name>
      </input_file>
      <input_file id="fl-15">
         <path>.\</path>
         <kind>object</kind>
         <file>main.obj</file>
         <name>main.obj</name>
      </input_file>
      <input_file id="fl-16">
         <path>.\Library\</path>
         <kind>object</kind>
         <file>F28377S.obj</file>
         <name>F28377S.obj</name>
      </input_file>
      <input_file id="fl-22">
         <path>C:\ti\ccsv6\tools\compiler\ti-cgt-c2000_6.4.9\lib\</path>
         <kind>archive</kind>
         <file>rts2800_fpu32.lib</file>
         <name>boot.obj</name>
      </input_file>
      <input_file id="fl-23">
         <path>C:\ti\ccsv6\tools\compiler\ti-cgt-c2000_6.4.9\lib\</path>
         <kind>archive</kind>
         <file>rts2800_fpu32.lib</file>
         <name>exit.obj</name>
      </input_file>
      <input_file id="fl-24">
         <path>C:\ti\ccsv6\tools\compiler\ti-cgt-c2000_6.4.9\lib\</path>
         <kind>archive</kind>
         <file>rts2800_fpu32.lib</file>
         <name>memcpy.obj</name>
      </input_file>
      <input_file id="fl-25">
         <path>C:\ti\ccsv6\tools\compiler\ti-cgt-c2000_6.4.9\lib\</path>
         <kind>archive</kind>
         <file>rts2800_fpu32.lib</file>
         <name>sprintf.obj</name>
      </input_file>
      <input_file id="fl-26">
         <path>C:\ti\ccsv6\tools\compiler\ti-cgt-c2000_6.4.9\lib\</path>
         <kind>archive</kind>
         <file>rts2800_fpu32.lib</file>
         <name>_lock.obj</name>
      </input_file>
      <input_file id="fl-27">
         <path>C:\ti\ccsv6\tools\compiler\ti-cgt-c2000_6.4.9\lib\</path>
         <kind>archive</kind>
         <file>rts2800_fpu32.lib</file>
         <name>_printfi.obj</name>
      </input_file>
      <input_file id="fl-28">
         <path>C:\ti\ccsv6\tools\compiler\ti-cgt-c2000_6.4.9\lib\</path>
         <kind>archive</kind>
         <file>rts2800_fpu32.lib</file>
         <name>args_main.obj</name>
      </input_file>
      <input_file id="fl-29">
         <path>C:\ti\ccsv6\tools\compiler\ti-cgt-c2000_6.4.9\lib\</path>
         <kind>archive</kind>
         <file>rts2800_fpu32.lib</file>
         <name>atoi.obj</name>
      </input_file>
      <input_file id="fl-2a">
         <path>C:\ti\ccsv6\tools\compiler\ti-cgt-c2000_6.4.9\lib\</path>
         <kind>archive</kind>
         <file>rts2800_fpu32.lib</file>
         <name>ctype.obj</name>
      </input_file>
      <input_file id="fl-2b">
         <path>C:\ti\ccsv6\tools\compiler\ti-cgt-c2000_6.4.9\lib\</path>
         <kind>archive</kind>
         <file>rts2800_fpu32.lib</file>
         <name>fd_cmp.obj</name>
      </input_file>
      <input_file id="fl-2c">
         <path>C:\ti\ccsv6\tools\compiler\ti-cgt-c2000_6.4.9\lib\</path>
         <kind>archive</kind>
         <file>rts2800_fpu32.lib</file>
         <name>fd_div.obj</name>
      </input_file>
      <input_file id="fl-2d">
         <path>C:\ti\ccsv6\tools\compiler\ti-cgt-c2000_6.4.9\lib\</path>
         <kind>archive</kind>
         <file>rts2800_fpu32.lib</file>
         <name>fd_mpy.obj</name>
      </input_file>
      <input_file id="fl-2e">
         <path>C:\ti\ccsv6\tools\compiler\ti-cgt-c2000_6.4.9\lib\</path>
         <kind>archive</kind>
         <file>rts2800_fpu32.lib</file>
         <name>fd_neg.obj</name>
      </input_file>
      <input_file id="fl-2f">
         <path>C:\ti\ccsv6\tools\compiler\ti-cgt-c2000_6.4.9\lib\</path>
         <kind>archive</kind>
         <file>rts2800_fpu32.lib</file>
         <name>fd_sub.obj</name>
      </input_file>
      <input_file id="fl-30">
         <path>C:\ti\ccsv6\tools\compiler\ti-cgt-c2000_6.4.9\lib\</path>
         <kind>archive</kind>
         <file>rts2800_fpu32.lib</file>
         <name>fd_tofs.obj</name>
      </input_file>
      <input_file id="fl-31">
         <path>C:\ti\ccsv6\tools\compiler\ti-cgt-c2000_6.4.9\lib\</path>
         <kind>archive</kind>
         <file>rts2800_fpu32.lib</file>
         <name>fd_toi.obj</name>
      </input_file>
      <input_file id="fl-32">
         <path>C:\ti\ccsv6\tools\compiler\ti-cgt-c2000_6.4.9\lib\</path>
         <kind>archive</kind>
         <file>rts2800_fpu32.lib</file>
         <name>fd_tol.obj</name>
      </input_file>
      <input_file id="fl-33">
         <path>C:\ti\ccsv6\tools\compiler\ti-cgt-c2000_6.4.9\lib\</path>
         <kind>archive</kind>
         <file>rts2800_fpu32.lib</file>
         <name>frexp.obj</name>
      </input_file>
      <input_file id="fl-34">
         <path>C:\ti\ccsv6\tools\compiler\ti-cgt-c2000_6.4.9\lib\</path>
         <kind>archive</kind>
         <file>rts2800_fpu32.lib</file>
         <name>fs_tofd.obj</name>
      </input_file>
      <input_file id="fl-35">
         <path>C:\ti\ccsv6\tools\compiler\ti-cgt-c2000_6.4.9\lib\</path>
         <kind>archive</kind>
         <file>rts2800_fpu32.lib</file>
         <name>i_tofd.obj</name>
      </input_file>
      <input_file id="fl-36">
         <path>C:\ti\ccsv6\tools\compiler\ti-cgt-c2000_6.4.9\lib\</path>
         <kind>archive</kind>
         <file>rts2800_fpu32.lib</file>
         <name>l_tofd.obj</name>
      </input_file>
      <input_file id="fl-37">
         <path>C:\ti\ccsv6\tools\compiler\ti-cgt-c2000_6.4.9\lib\</path>
         <kind>archive</kind>
         <file>rts2800_fpu32.lib</file>
         <name>ldexp.obj</name>
      </input_file>
      <input_file id="fl-38">
         <path>C:\ti\ccsv6\tools\compiler\ti-cgt-c2000_6.4.9\lib\</path>
         <kind>archive</kind>
         <file>rts2800_fpu32.lib</file>
         <name>ll_aox.obj</name>
      </input_file>
      <input_file id="fl-39">
         <path>C:\ti\ccsv6\tools\compiler\ti-cgt-c2000_6.4.9\lib\</path>
         <kind>archive</kind>
         <file>rts2800_fpu32.lib</file>
         <name>ll_cmp.obj</name>
      </input_file>
      <input_file id="fl-3a">
         <path>C:\ti\ccsv6\tools\compiler\ti-cgt-c2000_6.4.9\lib\</path>
         <kind>archive</kind>
         <file>rts2800_fpu32.lib</file>
         <name>ll_div.obj</name>
      </input_file>
      <input_file id="fl-3b">
         <path>C:\ti\ccsv6\tools\compiler\ti-cgt-c2000_6.4.9\lib\</path>
         <kind>archive</kind>
         <file>rts2800_fpu32.lib</file>
         <name>ltoa.obj</name>
      </input_file>
      <input_file id="fl-3c">
         <path>C:\ti\ccsv6\tools\compiler\ti-cgt-c2000_6.4.9\lib\</path>
         <kind>archive</kind>
         <file>rts2800_fpu32.lib</file>
         <name>memccpy.obj</name>
      </input_file>
      <input_file id="fl-3d">
         <path>C:\ti\ccsv6\tools\compiler\ti-cgt-c2000_6.4.9\lib\</path>
         <kind>archive</kind>
         <file>rts2800_fpu32.lib</file>
         <name>memset.obj</name>
      </input_file>
      <input_file id="fl-3e">
         <path>C:\ti\ccsv6\tools\compiler\ti-cgt-c2000_6.4.9\lib\</path>
         <kind>archive</kind>
         <file>rts2800_fpu32.lib</file>
         <name>strchr.obj</name>
      </input_file>
      <input_file id="fl-3f">
         <path>C:\ti\ccsv6\tools\compiler\ti-cgt-c2000_6.4.9\lib\</path>
         <kind>archive</kind>
         <file>rts2800_fpu32.lib</file>
         <name>strcpy.obj</name>
      </input_file>
      <input_file id="fl-40">
         <path>C:\ti\ccsv6\tools\compiler\ti-cgt-c2000_6.4.9\lib\</path>
         <kind>archive</kind>
         <file>rts2800_fpu32.lib</file>
         <name>strlen.obj</name>
      </input_file>
      <input_file id="fl-41">
         <path>C:\ti\ccsv6\tools\compiler\ti-cgt-c2000_6.4.9\lib\</path>
         <kind>archive</kind>
         <file>rts2800_fpu32.lib</file>
         <name>errno.obj</name>
      </input_file>
      <input_file id="fl-42">
         <path>C:\ti\ccsv6\tools\compiler\ti-cgt-c2000_6.4.9\lib\</path>
         <kind>archive</kind>
         <file>rts2800_fpu32.lib</file>
         <name>fd_add.obj</name>
      </input_file>
      <input_file id="fl-43">
         <path>C:\ti\ccsv6\tools\compiler\ti-cgt-c2000_6.4.9\lib\</path>
         <kind>archive</kind>
         <file>rts2800_fpu32.lib</file>
         <name>l_div.obj</name>
      </input_file>
   </input_file_list>
   <object_component_list>
      <object_component id="oc-a6">
         <name>.cinit</name>
         <load_address>0x82000</load_address>
         <run_address>0x82000</run_address>
         <size>0x1c</size>
         <input_file_ref idref="fl-9"/>
      </object_component>
      <object_component id="oc-cc">
         <name>.cinit</name>
         <load_address>0x8201c</load_address>
         <run_address>0x8201c</run_address>
         <size>0x19</size>
         <input_file_ref idref="fl-f"/>
      </object_component>
      <object_component id="oc-e9">
         <name>.cinit</name>
         <load_address>0x82035</load_address>
         <run_address>0x82035</run_address>
         <size>0x18</size>
         <input_file_ref idref="fl-13"/>
      </object_component>
      <object_component id="oc-80">
         <name>.cinit</name>
         <load_address>0x8204d</load_address>
         <run_address>0x8204d</run_address>
         <size>0x16</size>
         <input_file_ref idref="fl-3"/>
      </object_component>
      <object_component id="oc-e1">
         <name>.cinit</name>
         <load_address>0x82063</load_address>
         <run_address>0x82063</run_address>
         <size>0x15</size>
         <input_file_ref idref="fl-12"/>
      </object_component>
      <object_component id="oc-b9">
         <name>.cinit</name>
         <load_address>0x82078</load_address>
         <run_address>0x82078</run_address>
         <size>0x10</size>
         <input_file_ref idref="fl-c"/>
      </object_component>
      <object_component id="oc-d3">
         <name>.cinit</name>
         <load_address>0x82088</load_address>
         <run_address>0x82088</run_address>
         <size>0xd</size>
         <input_file_ref idref="fl-10"/>
      </object_component>
      <object_component id="oc-93">
         <name>.cinit</name>
         <load_address>0x82095</load_address>
         <run_address>0x82095</run_address>
         <size>0xc</size>
         <input_file_ref idref="fl-6"/>
      </object_component>
      <object_component id="oc-166">
         <name>.cinit</name>
         <load_address>0x820a1</load_address>
         <run_address>0x820a1</run_address>
         <size>0xa</size>
         <input_file_ref idref="fl-23"/>
      </object_component>
      <object_component id="oc-ad">
         <name>.cinit</name>
         <load_address>0x820ab</load_address>
         <run_address>0x820ab</run_address>
         <size>0x9</size>
         <input_file_ref idref="fl-a"/>
      </object_component>
      <object_component id="oc-217">
         <name>.cinit:__lock</name>
         <load_address>0x820b4</load_address>
         <run_address>0x820b4</run_address>
         <size>0x5</size>
         <input_file_ref idref="fl-26"/>
      </object_component>
      <object_component id="oc-225">
         <name>.cinit:__unlock</name>
         <load_address>0x820b9</load_address>
         <run_address>0x820b9</run_address>
         <size>0x5</size>
         <input_file_ref idref="fl-26"/>
      </object_component>
      <object_component id="oc-8c">
         <name>.cinit</name>
         <load_address>0x820be</load_address>
         <run_address>0x820be</run_address>
         <size>0x4</size>
         <input_file_ref idref="fl-5"/>
      </object_component>
      <object_component id="oc-c0">
         <name>.cinit</name>
         <load_address>0x820c2</load_address>
         <run_address>0x820c2</run_address>
         <size>0x4</size>
         <input_file_ref idref="fl-d"/>
      </object_component>
      <object_component id="oc-da">
         <name>.cinit</name>
         <load_address>0x820c6</load_address>
         <run_address>0x820c6</run_address>
         <size>0x4</size>
         <input_file_ref idref="fl-11"/>
      </object_component>
      <object_component id="oc-1fd">
         <name>.cinit</name>
         <load_address>0x820ca</load_address>
         <run_address>0x820ca</run_address>
         <size>0x4</size>
         <input_file_ref idref="fl-41"/>
      </object_component>
      <object_component id="oc-228">
         <name>.text</name>
         <load_address>0x820d0</load_address>
         <run_address>0x820d0</run_address>
         <size>0xc01</size>
         <input_file_ref idref="fl-27"/>
      </object_component>
      <object_component id="oc-214">
         <name>.text</name>
         <load_address>0x82cd1</load_address>
         <run_address>0x82cd1</run_address>
         <size>0x776</size>
         <input_file_ref idref="fl-12"/>
      </object_component>
      <object_component id="oc-a0">
         <name>.text:retain</name>
         <load_address>0x83447</load_address>
         <run_address>0x83447</run_address>
         <size>0x506</size>
         <input_file_ref idref="fl-8"/>
      </object_component>
      <object_component id="oc-21a">
         <name>.text</name>
         <load_address>0x8394d</load_address>
         <run_address>0x8394d</run_address>
         <size>0x4bc</size>
         <input_file_ref idref="fl-6"/>
      </object_component>
      <object_component id="oc-20e">
         <name>.text</name>
         <load_address>0x83e09</load_address>
         <run_address>0x83e09</run_address>
         <size>0x1c6</size>
         <input_file_ref idref="fl-10"/>
      </object_component>
      <object_component id="oc-22a">
         <name>.text</name>
         <load_address>0x83fcf</load_address>
         <run_address>0x83fcf</run_address>
         <size>0x31</size>
         <input_file_ref idref="fl-29"/>
      </object_component>
      <object_component id="oc-20c">
         <name>.text</name>
         <load_address>0x84000</load_address>
         <run_address>0x84000</run_address>
         <size>0x4ba</size>
         <input_file_ref idref="fl-13"/>
      </object_component>
      <object_component id="oc-210">
         <name>.text</name>
         <load_address>0x844ba</load_address>
         <run_address>0x844ba</run_address>
         <size>0x367</size>
         <input_file_ref idref="fl-9"/>
      </object_component>
      <object_component id="oc-218">
         <name>.text</name>
         <load_address>0x84821</load_address>
         <run_address>0x84821</run_address>
         <size>0x362</size>
         <input_file_ref idref="fl-f"/>
      </object_component>
      <object_component id="oc-215">
         <name>.text</name>
         <load_address>0x84b83</load_address>
         <run_address>0x84b83</run_address>
         <size>0x2a6</size>
         <input_file_ref idref="fl-15"/>
      </object_component>
      <object_component id="oc-219">
         <name>.text</name>
         <load_address>0x84e29</load_address>
         <run_address>0x84e29</run_address>
         <size>0x1bb</size>
         <input_file_ref idref="fl-b"/>
      </object_component>
      <object_component id="oc-21e">
         <name>.text</name>
         <load_address>0x84fe4</load_address>
         <run_address>0x84fe4</run_address>
         <size>0x194</size>
         <input_file_ref idref="fl-2"/>
      </object_component>
      <object_component id="oc-212">
         <name>.text</name>
         <load_address>0x85178</load_address>
         <run_address>0x85178</run_address>
         <size>0x193</size>
         <input_file_ref idref="fl-c"/>
      </object_component>
      <object_component id="oc-220">
         <name>.text</name>
         <load_address>0x8530b</load_address>
         <run_address>0x8530b</run_address>
         <size>0x10a</size>
         <input_file_ref idref="fl-14"/>
      </object_component>
      <object_component id="oc-1d9">
         <name>.text</name>
         <load_address>0x85415</load_address>
         <run_address>0x85415</run_address>
         <size>0x107</size>
         <input_file_ref idref="fl-3a"/>
      </object_component>
      <object_component id="oc-213">
         <name>.text</name>
         <load_address>0x8551c</load_address>
         <run_address>0x8551c</run_address>
         <size>0xb4</size>
         <input_file_ref idref="fl-3"/>
      </object_component>
      <object_component id="oc-21f">
         <name>.text</name>
         <load_address>0x855d0</load_address>
         <run_address>0x855d0</run_address>
         <size>0xa0</size>
         <input_file_ref idref="fl-a"/>
      </object_component>
      <object_component id="oc-200">
         <name>.text</name>
         <load_address>0x85670</load_address>
         <run_address>0x85670</run_address>
         <size>0x9c</size>
         <input_file_ref idref="fl-42"/>
      </object_component>
      <object_component id="oc-193">
         <name>.text</name>
         <load_address>0x8570c</load_address>
         <run_address>0x8570c</run_address>
         <size>0x8b</size>
         <input_file_ref idref="fl-2c"/>
      </object_component>
      <object_component id="oc-198">
         <name>.text</name>
         <load_address>0x85797</load_address>
         <run_address>0x85797</run_address>
         <size>0x83</size>
         <input_file_ref idref="fl-2d"/>
      </object_component>
      <object_component id="oc-20f">
         <name>.text</name>
         <load_address>0x8581a</load_address>
         <run_address>0x8581a</run_address>
         <size>0x65</size>
         <input_file_ref idref="fl-d"/>
      </object_component>
      <object_component id="oc-211">
         <name>.text</name>
         <load_address>0x8587f</load_address>
         <run_address>0x8587f</run_address>
         <size>0x46</size>
         <input_file_ref idref="fl-11"/>
      </object_component>
      <object_component id="oc-79">
         <name>.text</name>
         <load_address>0x858c5</load_address>
         <run_address>0x858c5</run_address>
         <size>0x46</size>
         <input_file_ref idref="fl-22"/>
      </object_component>
      <object_component id="oc-20d">
         <name>.text</name>
         <load_address>0x8590b</load_address>
         <run_address>0x8590b</run_address>
         <size>0x42</size>
         <input_file_ref idref="fl-5"/>
      </object_component>
      <object_component id="oc-22f">
         <name>.text</name>
         <load_address>0x8594d</load_address>
         <run_address>0x8594d</run_address>
         <size>0x34</size>
         <input_file_ref idref="fl-37"/>
      </object_component>
      <object_component id="oc-222">
         <name>.text</name>
         <load_address>0x85981</load_address>
         <run_address>0x85981</run_address>
         <size>0x32</size>
         <input_file_ref idref="fl-25"/>
      </object_component>
      <object_component id="oc-22c">
         <name>.text</name>
         <load_address>0x859b3</load_address>
         <run_address>0x859b3</run_address>
         <size>0x2e</size>
         <input_file_ref idref="fl-3b"/>
      </object_component>
      <object_component id="oc-18e">
         <name>.text</name>
         <load_address>0x859e1</load_address>
         <run_address>0x859e1</run_address>
         <size>0x2a</size>
         <input_file_ref idref="fl-2b"/>
      </object_component>
      <object_component id="oc-205">
         <name>.text</name>
         <load_address>0x85a0b</load_address>
         <run_address>0x85a0b</run_address>
         <size>0x2a</size>
         <input_file_ref idref="fl-43"/>
      </object_component>
      <object_component id="oc-1a7">
         <name>.text</name>
         <load_address>0x85a35</load_address>
         <run_address>0x85a35</run_address>
         <size>0x23</size>
         <input_file_ref idref="fl-30"/>
      </object_component>
      <object_component id="oc-1ac">
         <name>.text</name>
         <load_address>0x85a58</load_address>
         <run_address>0x85a58</run_address>
         <size>0x21</size>
         <input_file_ref idref="fl-31"/>
      </object_component>
      <object_component id="oc-1b1">
         <name>.text</name>
         <load_address>0x85a79</load_address>
         <run_address>0x85a79</run_address>
         <size>0x1f</size>
         <input_file_ref idref="fl-32"/>
      </object_component>
      <object_component id="oc-1d4">
         <name>.text</name>
         <load_address>0x85a98</load_address>
         <run_address>0x85a98</run_address>
         <size>0x1e</size>
         <input_file_ref idref="fl-39"/>
      </object_component>
      <object_component id="oc-226">
         <name>.text</name>
         <load_address>0x85ab6</load_address>
         <run_address>0x85ab6</run_address>
         <size>0x1e</size>
         <input_file_ref idref="fl-24"/>
      </object_component>
      <object_component id="oc-1c0">
         <name>.text</name>
         <load_address>0x85ad4</load_address>
         <run_address>0x85ad4</run_address>
         <size>0x1d</size>
         <input_file_ref idref="fl-35"/>
      </object_component>
      <object_component id="oc-1bb">
         <name>.text</name>
         <load_address>0x85af1</load_address>
         <run_address>0x85af1</run_address>
         <size>0x1c</size>
         <input_file_ref idref="fl-34"/>
      </object_component>
      <object_component id="oc-1c5">
         <name>.text</name>
         <load_address>0x85b0d</load_address>
         <run_address>0x85b0d</run_address>
         <size>0x1c</size>
         <input_file_ref idref="fl-36"/>
      </object_component>
      <object_component id="oc-20a">
         <name>.text</name>
         <load_address>0x85b29</load_address>
         <run_address>0x85b29</run_address>
         <size>0x19</size>
         <input_file_ref idref="fl-28"/>
      </object_component>
      <object_component id="oc-20b">
         <name>.text</name>
         <load_address>0x85b42</load_address>
         <run_address>0x85b42</run_address>
         <size>0x19</size>
         <input_file_ref idref="fl-23"/>
      </object_component>
      <object_component id="oc-1cf">
         <name>.text</name>
         <load_address>0x85b5b</load_address>
         <run_address>0x85b5b</run_address>
         <size>0x18</size>
         <input_file_ref idref="fl-38"/>
      </object_component>
      <object_component id="oc-227">
         <name>.text</name>
         <load_address>0x85b73</load_address>
         <run_address>0x85b73</run_address>
         <size>0x16</size>
         <input_file_ref idref="fl-4"/>
      </object_component>
      <object_component id="oc-22e">
         <name>.text</name>
         <load_address>0x85b89</load_address>
         <run_address>0x85b89</run_address>
         <size>0x16</size>
         <input_file_ref idref="fl-33"/>
      </object_component>
      <object_component id="oc-1a2">
         <name>.text</name>
         <load_address>0x85b9f</load_address>
         <run_address>0x85b9f</run_address>
         <size>0xe</size>
         <input_file_ref idref="fl-2f"/>
      </object_component>
      <object_component id="oc-232">
         <name>.text</name>
         <load_address>0x85bad</load_address>
         <run_address>0x85bad</run_address>
         <size>0xe</size>
         <input_file_ref idref="fl-3c"/>
      </object_component>
      <object_component id="oc-230">
         <name>.text</name>
         <load_address>0x85bbb</load_address>
         <run_address>0x85bbb</run_address>
         <size>0xc</size>
         <input_file_ref idref="fl-3d"/>
      </object_component>
      <object_component id="oc-22d">
         <name>.text</name>
         <load_address>0x85bc7</load_address>
         <run_address>0x85bc7</run_address>
         <size>0xc</size>
         <input_file_ref idref="fl-3e"/>
      </object_component>
      <object_component id="oc-224">
         <name>.text</name>
         <load_address>0x85bd3</load_address>
         <run_address>0x85bd3</run_address>
         <size>0x9</size>
         <input_file_ref idref="fl-26"/>
      </object_component>
      <object_component id="oc-19d">
         <name>.text</name>
         <load_address>0x85bdc</load_address>
         <run_address>0x85bdc</run_address>
         <size>0x9</size>
         <input_file_ref idref="fl-2e"/>
      </object_component>
      <object_component id="oc-22b">
         <name>.text</name>
         <load_address>0x85be5</load_address>
         <run_address>0x85be5</run_address>
         <size>0x8</size>
         <input_file_ref idref="fl-40"/>
      </object_component>
      <object_component id="oc-231">
         <name>.text</name>
         <load_address>0x85bed</load_address>
         <run_address>0x85bed</run_address>
         <size>0x5</size>
         <input_file_ref idref="fl-3f"/>
      </object_component>
      <object_component id="oc-c6">
         <name>codestart</name>
         <load_address>0x80000</load_address>
         <run_address>0x80000</run_address>
         <size>0x2</size>
         <input_file_ref idref="fl-e"/>
      </object_component>
      <object_component id="oc-15f">
         <name>.stack</name>
         <uninitialized>true</uninitialized>
         <run_address>0x0</run_address>
         <size>0x0</size>
         <input_file_ref idref="fl-22"/>
      </object_component>
      <object_component id="oc-2b3">
         <name>.stack</name>
         <uninitialized>true</uninitialized>
         <run_address>0x0</run_address>
         <size>0x0</size>
      </object_component>
      <object_component id="oc-81">
         <name>.ebss</name>
         <uninitialized>true</uninitialized>
         <run_address>0xa000</run_address>
         <size>0xfe40</size>
         <input_file_ref idref="fl-3"/>
      </object_component>
      <object_component id="oc-8d">
         <name>.ebss</name>
         <uninitialized>true</uninitialized>
         <run_address>0x1a272</run_address>
         <size>0x1</size>
         <input_file_ref idref="fl-5"/>
      </object_component>
      <object_component id="oc-94">
         <name>.ebss</name>
         <uninitialized>true</uninitialized>
         <run_address>0x1a640</run_address>
         <size>0x188</size>
         <input_file_ref idref="fl-6"/>
      </object_component>
      <object_component id="oc-a7">
         <name>.ebss</name>
         <uninitialized>true</uninitialized>
         <run_address>0x1a280</run_address>
         <size>0x390</size>
         <input_file_ref idref="fl-9"/>
      </object_component>
      <object_component id="oc-ae">
         <name>.ebss</name>
         <uninitialized>true</uninitialized>
         <run_address>0x1a25e</run_address>
         <size>0x4</size>
         <input_file_ref idref="fl-a"/>
      </object_component>
      <object_component id="oc-ba">
         <name>.ebss</name>
         <uninitialized>true</uninitialized>
         <run_address>0x1a262</run_address>
         <size>0x4</size>
         <input_file_ref idref="fl-c"/>
      </object_component>
      <object_component id="oc-c1">
         <name>.ebss</name>
         <uninitialized>true</uninitialized>
         <run_address>0x1a273</run_address>
         <size>0x1</size>
         <input_file_ref idref="fl-d"/>
      </object_component>
      <object_component id="oc-cd">
         <name>.ebss</name>
         <uninitialized>true</uninitialized>
         <run_address>0x1a254</run_address>
         <size>0xa</size>
         <input_file_ref idref="fl-f"/>
      </object_component>
      <object_component id="oc-d4">
         <name>.ebss</name>
         <uninitialized>true</uninitialized>
         <run_address>0x1a266</run_address>
         <size>0x4</size>
         <input_file_ref idref="fl-10"/>
      </object_component>
      <object_component id="oc-db">
         <name>.ebss</name>
         <uninitialized>true</uninitialized>
         <run_address>0x1a274</run_address>
         <size>0x1</size>
         <input_file_ref idref="fl-11"/>
      </object_component>
      <object_component id="oc-e2">
         <name>.ebss</name>
         <uninitialized>true</uninitialized>
         <run_address>0x1a248</run_address>
         <size>0xc</size>
         <input_file_ref idref="fl-12"/>
      </object_component>
      <object_component id="oc-ea">
         <name>.ebss</name>
         <uninitialized>true</uninitialized>
         <run_address>0x19e40</run_address>
         <size>0x408</size>
         <input_file_ref idref="fl-13"/>
      </object_component>
      <object_component id="oc-167">
         <name>.ebss</name>
         <uninitialized>true</uninitialized>
         <run_address>0x1a26a</run_address>
         <size>0x4</size>
         <input_file_ref idref="fl-23"/>
      </object_component>
      <object_component id="oc-229">
         <name>.ebss:__unlock</name>
         <uninitialized>true</uninitialized>
         <run_address>0x1a270</run_address>
         <size>0x2</size>
         <input_file_ref idref="fl-26"/>
      </object_component>
      <object_component id="oc-216">
         <name>.ebss:__lock</name>
         <uninitialized>true</uninitialized>
         <run_address>0x1a26e</run_address>
         <size>0x2</size>
         <input_file_ref idref="fl-26"/>
      </object_component>
      <object_component id="oc-1fe">
         <name>.ebss</name>
         <uninitialized>true</uninitialized>
         <run_address>0x1a275</run_address>
         <size>0x1</size>
         <input_file_ref idref="fl-41"/>
      </object_component>
      <object_component id="oc-221">
         <name>.econst:_Commands</name>
         <load_address>0x90000</load_address>
         <run_address>0x90000</run_address>
         <size>0x674</size>
         <input_file_ref idref="fl-6"/>
      </object_component>
      <object_component id="oc-21b">
         <name>.econst:_Sanyo</name>
         <load_address>0x90674</load_address>
         <run_address>0x90674</run_address>
         <size>0x252</size>
         <input_file_ref idref="fl-9"/>
      </object_component>
      <object_component id="oc-95">
         <name>.econst:.string</name>
         <load_address>0x908c6</load_address>
         <run_address>0x908c6</run_address>
         <size>0x24c</size>
         <input_file_ref idref="fl-6"/>
      </object_component>
      <object_component id="oc-233">
         <name>.econst:.string:__ctypes_</name>
         <load_address>0x90b12</load_address>
         <run_address>0x90b12</run_address>
         <size>0x101</size>
         <input_file_ref idref="fl-2a"/>
      </object_component>
      <object_component id="oc-f6">
         <name>.econst:.string</name>
         <load_address>0x90c14</load_address>
         <run_address>0x90c14</run_address>
         <size>0xa1</size>
         <input_file_ref idref="fl-15"/>
      </object_component>
      <object_component id="oc-eb">
         <name>.econst:.string</name>
         <load_address>0x90cb6</load_address>
         <run_address>0x90cb6</run_address>
         <size>0x86</size>
         <input_file_ref idref="fl-13"/>
      </object_component>
      <object_component id="oc-21d">
         <name>.econst:_Idylis</name>
         <load_address>0x90d3c</load_address>
         <run_address>0x90d3c</run_address>
         <size>0x84</size>
         <input_file_ref idref="fl-9"/>
      </object_component>
      <object_component id="oc-21c">
         <name>.econst:_Visio</name>
         <load_address>0x90dc0</load_address>
         <run_address>0x90dc0</run_address>
         <size>0x6e</size>
         <input_file_ref idref="fl-9"/>
      </object_component>
      <object_component id="oc-e3">
         <name>.econst:.string</name>
         <load_address>0x90e2e</load_address>
         <run_address>0x90e2e</run_address>
         <size>0x40</size>
         <input_file_ref idref="fl-12"/>
      </object_component>
      <object_component id="oc-223">
         <name>.econst:_SKYPE_Codes</name>
         <load_address>0x90e6e</load_address>
         <run_address>0x90e6e</run_address>
         <size>0x3e</size>
         <input_file_ref idref="fl-12"/>
      </object_component>
      <object_component id="oc-17d">
         <name>.econst:.string</name>
         <load_address>0x90eac</load_address>
         <run_address>0x90eac</run_address>
         <size>0x26</size>
         <input_file_ref idref="fl-27"/>
      </object_component>
      <object_component id="oc-17c">
         <name>.econst</name>
         <load_address>0x90ed2</load_address>
         <run_address>0x90ed2</run_address>
         <size>0x1c</size>
         <input_file_ref idref="fl-27"/>
      </object_component>
      <object_component id="oc-160">
         <name>.reset</name>
         <load_address>0x3fffc0</load_address>
         <run_address>0x3fffc0</run_address>
         <size>0x2</size>
         <input_file_ref idref="fl-22"/>
      </object_component>
      <object_component id="oc-15d">
         <name>PieVectTableFile</name>
         <uninitialized>true</uninitialized>
         <run_address>0xd00</run_address>
         <size>0x1c0</size>
         <input_file_ref idref="fl-16"/>
      </object_component>
      <object_component id="oc-fc">
         <name>EmuKeyVar</name>
         <uninitialized>true</uninitialized>
         <run_address>0xd00</run_address>
         <size>0x1</size>
         <input_file_ref idref="fl-16"/>
      </object_component>
      <object_component id="oc-fd">
         <name>EmuBModeVar</name>
         <uninitialized>true</uninitialized>
         <run_address>0xd01</run_address>
         <size>0x1</size>
         <input_file_ref idref="fl-16"/>
      </object_component>
      <object_component id="oc-114">
         <name>AdcaResultFile</name>
         <uninitialized>true</uninitialized>
         <run_address>0xb00</run_address>
         <size>0x18</size>
         <input_file_ref idref="fl-16"/>
      </object_component>
      <object_component id="oc-113">
         <name>AdcbResultFile</name>
         <uninitialized>true</uninitialized>
         <run_address>0xb20</run_address>
         <size>0x18</size>
         <input_file_ref idref="fl-16"/>
      </object_component>
      <object_component id="oc-116">
         <name>AdccResultFile</name>
         <uninitialized>true</uninitialized>
         <run_address>0xb40</run_address>
         <size>0x18</size>
         <input_file_ref idref="fl-16"/>
      </object_component>
      <object_component id="oc-115">
         <name>AdcdResultFile</name>
         <uninitialized>true</uninitialized>
         <run_address>0xb60</run_address>
         <size>0x18</size>
         <input_file_ref idref="fl-16"/>
      </object_component>
      <object_component id="oc-145">
         <name>AdcaRegsFile</name>
         <uninitialized>true</uninitialized>
         <run_address>0x7400</run_address>
         <size>0x80</size>
         <input_file_ref idref="fl-16"/>
      </object_component>
      <object_component id="oc-144">
         <name>AdcbRegsFile</name>
         <uninitialized>true</uninitialized>
         <run_address>0x7480</run_address>
         <size>0x80</size>
         <input_file_ref idref="fl-16"/>
      </object_component>
      <object_component id="oc-147">
         <name>AdccRegsFile</name>
         <uninitialized>true</uninitialized>
         <run_address>0x7500</run_address>
         <size>0x80</size>
         <input_file_ref idref="fl-16"/>
      </object_component>
      <object_component id="oc-146">
         <name>AdcdRegsFile</name>
         <uninitialized>true</uninitialized>
         <run_address>0x7580</run_address>
         <size>0x80</size>
         <input_file_ref idref="fl-16"/>
      </object_component>
      <object_component id="oc-141">
         <name>AnalogSubsysRegsFile</name>
         <uninitialized>true</uninitialized>
         <run_address>0x5d180</run_address>
         <size>0x48</size>
         <input_file_ref idref="fl-16"/>
      </object_component>
      <object_component id="oc-13b">
         <name>Cla1RegsFile</name>
         <uninitialized>true</uninitialized>
         <run_address>0x1400</run_address>
         <size>0x3e</size>
         <input_file_ref idref="fl-16"/>
      </object_component>
      <object_component id="oc-101">
         <name>Cla1SoftIntRegsFile</name>
         <uninitialized>true</uninitialized>
         <run_address>0xce0</run_address>
         <size>0x4</size>
         <input_file_ref idref="fl-16"/>
      </object_component>
      <object_component id="oc-127">
         <name>Cmpss1RegsFile</name>
         <uninitialized>true</uninitialized>
         <run_address>0x5c80</run_address>
         <size>0x20</size>
         <input_file_ref idref="fl-16"/>
      </object_component>
      <object_component id="oc-126">
         <name>Cmpss2RegsFile</name>
         <uninitialized>true</uninitialized>
         <run_address>0x5ca0</run_address>
         <size>0x20</size>
         <input_file_ref idref="fl-16"/>
      </object_component>
      <object_component id="oc-129">
         <name>Cmpss3RegsFile</name>
         <uninitialized>true</uninitialized>
         <run_address>0x5cc0</run_address>
         <size>0x20</size>
         <input_file_ref idref="fl-16"/>
      </object_component>
      <object_component id="oc-128">
         <name>Cmpss4RegsFile</name>
         <uninitialized>true</uninitialized>
         <run_address>0x5ce0</run_address>
         <size>0x20</size>
         <input_file_ref idref="fl-16"/>
      </object_component>
      <object_component id="oc-12a">
         <name>Cmpss5RegsFile</name>
         <uninitialized>true</uninitialized>
         <run_address>0x5d00</run_address>
         <size>0x20</size>
         <input_file_ref idref="fl-16"/>
      </object_component>
      <object_component id="oc-122">
         <name>Cmpss6RegsFile</name>
         <uninitialized>true</uninitialized>
         <run_address>0x5d20</run_address>
         <size>0x20</size>
         <input_file_ref idref="fl-16"/>
      </object_component>
      <object_component id="oc-121">
         <name>Cmpss7RegsFile</name>
         <uninitialized>true</uninitialized>
         <run_address>0x5d40</run_address>
         <size>0x20</size>
         <input_file_ref idref="fl-16"/>
      </object_component>
      <object_component id="oc-124">
         <name>Cmpss8RegsFile</name>
         <uninitialized>true</uninitialized>
         <run_address>0x5d60</run_address>
         <size>0x20</size>
         <input_file_ref idref="fl-16"/>
      </object_component>
      <object_component id="oc-108">
         <name>CpuTimer0RegsFile</name>
         <uninitialized>true</uninitialized>
         <run_address>0xc00</run_address>
         <size>0x8</size>
         <input_file_ref idref="fl-16"/>
      </object_component>
      <object_component id="oc-107">
         <name>CpuTimer1RegsFile</name>
         <uninitialized>true</uninitialized>
         <run_address>0xc08</run_address>
         <size>0x8</size>
         <input_file_ref idref="fl-16"/>
      </object_component>
      <object_component id="oc-10a">
         <name>CpuTimer2RegsFile</name>
         <uninitialized>true</uninitialized>
         <run_address>0xc10</run_address>
         <size>0x8</size>
         <input_file_ref idref="fl-16"/>
      </object_component>
      <object_component id="oc-104">
         <name>DacaRegsFile</name>
         <uninitialized>true</uninitialized>
         <run_address>0x5c00</run_address>
         <size>0x8</size>
         <input_file_ref idref="fl-16"/>
      </object_component>
      <object_component id="oc-106">
         <name>DacbRegsFile</name>
         <uninitialized>true</uninitialized>
         <run_address>0x5c10</run_address>
         <size>0x8</size>
         <input_file_ref idref="fl-16"/>
      </object_component>
      <object_component id="oc-109">
         <name>DaccRegsFile</name>
         <uninitialized>true</uninitialized>
         <run_address>0x5c20</run_address>
         <size>0x8</size>
         <input_file_ref idref="fl-16"/>
      </object_component>
      <object_component id="oc-133">
         <name>DcsmZ1RegsFile</name>
         <uninitialized>true</uninitialized>
         <run_address>0x5f000</run_address>
         <size>0x24</size>
         <input_file_ref idref="fl-16"/>
      </object_component>
      <object_component id="oc-132">
         <name>DcsmZ2RegsFile</name>
         <uninitialized>true</uninitialized>
         <run_address>0x5f040</run_address>
         <size>0x24</size>
         <input_file_ref idref="fl-16"/>
      </object_component>
      <object_component id="oc-105">
         <name>DcsmCommonRegsFile</name>
         <uninitialized>true</uninitialized>
         <run_address>0x5f070</run_address>
         <size>0x8</size>
         <input_file_ref idref="fl-16"/>
      </object_component>
      <object_component id="oc-123">
         <name>DcsmZ1OtpFile</name>
         <uninitialized>true</uninitialized>
         <run_address>0x78000</run_address>
         <size>0x20</size>
         <input_file_ref idref="fl-16"/>
      </object_component>
      <object_component id="oc-125">
         <name>DcsmZ2OtpFile</name>
         <uninitialized>true</uninitialized>
         <run_address>0x78200</run_address>
         <size>0x20</size>
         <input_file_ref idref="fl-16"/>
      </object_component>
      <object_component id="oc-14c">
         <name>DmaRegsFile</name>
         <uninitialized>true</uninitialized>
         <run_address>0x1000</run_address>
         <size>0xe0</size>
         <input_file_ref idref="fl-16"/>
      </object_component>
      <object_component id="oc-117">
         <name>DmaClaSrcSelRegsFile</name>
         <uninitialized>true</uninitialized>
         <run_address>0x7980</run_address>
         <size>0x1a</size>
         <input_file_ref idref="fl-16"/>
      </object_component>
      <object_component id="oc-12b">
         <name>ECap1RegsFile</name>
         <uninitialized>true</uninitialized>
         <run_address>0x5000</run_address>
         <size>0x20</size>
         <input_file_ref idref="fl-16"/>
      </object_component>
      <object_component id="oc-12c">
         <name>ECap2RegsFile</name>
         <uninitialized>true</uninitialized>
         <run_address>0x5020</run_address>
         <size>0x20</size>
         <input_file_ref idref="fl-16"/>
      </object_component>
      <object_component id="oc-120">
         <name>ECap3RegsFile</name>
         <uninitialized>true</uninitialized>
         <run_address>0x5040</run_address>
         <size>0x20</size>
         <input_file_ref idref="fl-16"/>
      </object_component>
      <object_component id="oc-11a">
         <name>ECap4RegsFile</name>
         <uninitialized>true</uninitialized>
         <run_address>0x5060</run_address>
         <size>0x20</size>
         <input_file_ref idref="fl-16"/>
      </object_component>
      <object_component id="oc-11b">
         <name>ECap5RegsFile</name>
         <uninitialized>true</uninitialized>
         <run_address>0x5080</run_address>
         <size>0x20</size>
         <input_file_ref idref="fl-16"/>
      </object_component>
      <object_component id="oc-119">
         <name>ECap6RegsFile</name>
         <uninitialized>true</uninitialized>
         <run_address>0x50a0</run_address>
         <size>0x20</size>
         <input_file_ref idref="fl-16"/>
      </object_component>
      <object_component id="oc-143">
         <name>Emif1RegsFile</name>
         <uninitialized>true</uninitialized>
         <run_address>0x47000</run_address>
         <size>0x70</size>
         <input_file_ref idref="fl-16"/>
      </object_component>
      <object_component id="oc-142">
         <name>Emif2RegsFile</name>
         <uninitialized>true</uninitialized>
         <run_address>0x47800</run_address>
         <size>0x70</size>
         <input_file_ref idref="fl-16"/>
      </object_component>
      <object_component id="oc-151">
         <name>EPwm1RegsFile</name>
         <uninitialized>true</uninitialized>
         <run_address>0x4000</run_address>
         <size>0x100</size>
         <input_file_ref idref="fl-16"/>
      </object_component>
      <object_component id="oc-150">
         <name>EPwm2RegsFile</name>
         <uninitialized>true</uninitialized>
         <run_address>0x4100</run_address>
         <size>0x100</size>
         <input_file_ref idref="fl-16"/>
      </object_component>
      <object_component id="oc-153">
         <name>EPwm3RegsFile</name>
         <uninitialized>true</uninitialized>
         <run_address>0x4200</run_address>
         <size>0x100</size>
         <input_file_ref idref="fl-16"/>
      </object_component>
      <object_component id="oc-14e">
         <name>EPwm4RegsFile</name>
         <uninitialized>true</uninitialized>
         <run_address>0x4300</run_address>
         <size>0x100</size>
         <input_file_ref idref="fl-16"/>
      </object_component>
      <object_component id="oc-14d">
         <name>EPwm5RegsFile</name>
         <uninitialized>true</uninitialized>
         <run_address>0x4400</run_address>
         <size>0x100</size>
         <input_file_ref idref="fl-16"/>
      </object_component>
      <object_component id="oc-152">
         <name>EPwm6RegsFile</name>
         <uninitialized>true</uninitialized>
         <run_address>0x4500</run_address>
         <size>0x100</size>
         <input_file_ref idref="fl-16"/>
      </object_component>
      <object_component id="oc-14f">
         <name>EPwm7RegsFile</name>
         <uninitialized>true</uninitialized>
         <run_address>0x4600</run_address>
         <size>0x100</size>
         <input_file_ref idref="fl-16"/>
      </object_component>
      <object_component id="oc-158">
         <name>EPwm8RegsFile</name>
         <uninitialized>true</uninitialized>
         <run_address>0x4700</run_address>
         <size>0x100</size>
         <input_file_ref idref="fl-16"/>
      </object_component>
      <object_component id="oc-156">
         <name>EPwm9RegsFile</name>
         <uninitialized>true</uninitialized>
         <run_address>0x4800</run_address>
         <size>0x100</size>
         <input_file_ref idref="fl-16"/>
      </object_component>
      <object_component id="oc-157">
         <name>EPwm10RegsFile</name>
         <uninitialized>true</uninitialized>
         <run_address>0x4900</run_address>
         <size>0x100</size>
         <input_file_ref idref="fl-16"/>
      </object_component>
      <object_component id="oc-154">
         <name>EPwm11RegsFile</name>
         <uninitialized>true</uninitialized>
         <run_address>0x4a00</run_address>
         <size>0x100</size>
         <input_file_ref idref="fl-16"/>
      </object_component>
      <object_component id="oc-155">
         <name>EPwm12RegsFile</name>
         <uninitialized>true</uninitialized>
         <run_address>0x4b00</run_address>
         <size>0x100</size>
         <input_file_ref idref="fl-16"/>
      </object_component>
      <object_component id="oc-13e">
         <name>EPwmXbarRegsFile</name>
         <uninitialized>true</uninitialized>
         <run_address>0x7a00</run_address>
         <size>0x40</size>
         <input_file_ref idref="fl-16"/>
      </object_component>
      <object_component id="oc-12d">
         <name>EQep1RegsFile</name>
         <uninitialized>true</uninitialized>
         <run_address>0x5100</run_address>
         <size>0x22</size>
         <input_file_ref idref="fl-16"/>
      </object_component>
      <object_component id="oc-12e">
         <name>EQep2RegsFile</name>
         <uninitialized>true</uninitialized>
         <run_address>0x5140</run_address>
         <size>0x22</size>
         <input_file_ref idref="fl-16"/>
      </object_component>
      <object_component id="oc-131">
         <name>EQep3RegsFile</name>
         <uninitialized>true</uninitialized>
         <run_address>0x5180</run_address>
         <size>0x22</size>
         <input_file_ref idref="fl-16"/>
      </object_component>
      <object_component id="oc-15c">
         <name>Flash0CtrlRegsFile</name>
         <uninitialized>true</uninitialized>
         <run_address>0x5f800</run_address>
         <size>0x182</size>
         <input_file_ref idref="fl-16"/>
      </object_component>
      <object_component id="oc-137">
         <name>Flash0EccRegsFile</name>
         <uninitialized>true</uninitialized>
         <run_address>0x5fb00</run_address>
         <size>0x28</size>
         <input_file_ref idref="fl-16"/>
      </object_component>
      <object_component id="oc-15b">
         <name>Flash1CtrlRegsFile</name>
         <uninitialized>true</uninitialized>
         <run_address>0x5fc00</run_address>
         <size>0x182</size>
         <input_file_ref idref="fl-16"/>
      </object_component>
      <object_component id="oc-136">
         <name>Flash1EccRegsFile</name>
         <uninitialized>true</uninitialized>
         <run_address>0x5ff00</run_address>
         <size>0x28</size>
         <input_file_ref idref="fl-16"/>
      </object_component>
      <object_component id="oc-15a">
         <name>GpioCtrlRegsFile</name>
         <uninitialized>true</uninitialized>
         <run_address>0x7c00</run_address>
         <size>0x180</size>
         <input_file_ref idref="fl-16"/>
      </object_component>
      <object_component id="oc-139">
         <name>GpioDataRegsFile</name>
         <uninitialized>true</uninitialized>
         <run_address>0x7f00</run_address>
         <size>0x30</size>
         <input_file_ref idref="fl-16"/>
      </object_component>
      <object_component id="oc-13f">
         <name>OutputXbarRegsFile</name>
         <uninitialized>true</uninitialized>
         <run_address>0x7a80</run_address>
         <size>0x40</size>
         <input_file_ref idref="fl-16"/>
      </object_component>
      <object_component id="oc-130">
         <name>I2caRegsFile</name>
         <uninitialized>true</uninitialized>
         <run_address>0x7300</run_address>
         <size>0x22</size>
         <input_file_ref idref="fl-16"/>
      </object_component>
      <object_component id="oc-12f">
         <name>I2cbRegsFile</name>
         <uninitialized>true</uninitialized>
         <run_address>0x7340</run_address>
         <size>0x22</size>
         <input_file_ref idref="fl-16"/>
      </object_component>
      <object_component id="oc-11e">
         <name>InputXbarRegsFile</name>
         <uninitialized>true</uninitialized>
         <run_address>0x7900</run_address>
         <size>0x20</size>
         <input_file_ref idref="fl-16"/>
      </object_component>
      <object_component id="oc-11f">
         <name>XbarRegsFile</name>
         <uninitialized>true</uninitialized>
         <run_address>0x7920</run_address>
         <size>0x20</size>
         <input_file_ref idref="fl-16"/>
      </object_component>
      <object_component id="oc-ff">
         <name>FlashPumpSemaphoreRegsFile</name>
         <uninitialized>true</uninitialized>
         <run_address>0x50024</run_address>
         <size>0x2</size>
         <input_file_ref idref="fl-16"/>
      </object_component>
      <object_component id="oc-fe">
         <name>RomPrefetchRegsFile</name>
         <uninitialized>true</uninitialized>
         <run_address>0x5e608</run_address>
         <size>0x2</size>
         <input_file_ref idref="fl-16"/>
      </object_component>
      <object_component id="oc-14a">
         <name>MemCfgRegsFile</name>
         <uninitialized>true</uninitialized>
         <run_address>0x5f400</run_address>
         <size>0x80</size>
         <input_file_ref idref="fl-16"/>
      </object_component>
      <object_component id="oc-11c">
         <name>Emif1ConfigRegsFile</name>
         <uninitialized>true</uninitialized>
         <run_address>0x5f480</run_address>
         <size>0x20</size>
         <input_file_ref idref="fl-16"/>
      </object_component>
      <object_component id="oc-11d">
         <name>Emif2ConfigRegsFile</name>
         <uninitialized>true</uninitialized>
         <run_address>0x5f4a0</run_address>
         <size>0x20</size>
         <input_file_ref idref="fl-16"/>
      </object_component>
      <object_component id="oc-13c">
         <name>AccessProtectionRegsFile</name>
         <uninitialized>true</uninitialized>
         <run_address>0x5f4c0</run_address>
         <size>0x40</size>
         <input_file_ref idref="fl-16"/>
      </object_component>
      <object_component id="oc-13d">
         <name>MemoryErrorRegsFile</name>
         <uninitialized>true</uninitialized>
         <run_address>0x5f500</run_address>
         <size>0x40</size>
         <input_file_ref idref="fl-16"/>
      </object_component>
      <object_component id="oc-100">
         <name>RomWaitStateRegsFile</name>
         <uninitialized>true</uninitialized>
         <run_address>0x5f540</run_address>
         <size>0x2</size>
         <input_file_ref idref="fl-16"/>
      </object_component>
      <object_component id="oc-135">
         <name>McbspaRegsFile</name>
         <uninitialized>true</uninitialized>
         <run_address>0x6000</run_address>
         <size>0x24</size>
         <input_file_ref idref="fl-16"/>
      </object_component>
      <object_component id="oc-134">
         <name>McbspbRegsFile</name>
         <uninitialized>true</uninitialized>
         <run_address>0x6040</run_address>
         <size>0x24</size>
         <input_file_ref idref="fl-16"/>
      </object_component>
      <object_component id="oc-140">
         <name>UppRegsFile</name>
         <uninitialized>true</uninitialized>
         <run_address>0x6200</run_address>
         <size>0x48</size>
         <input_file_ref idref="fl-16"/>
      </object_component>
      <object_component id="oc-103">
         <name>NmiIntruptRegsFile</name>
         <uninitialized>true</uninitialized>
         <run_address>0x7060</run_address>
         <size>0x7</size>
         <input_file_ref idref="fl-16"/>
      </object_component>
      <object_component id="oc-118">
         <name>PieCtrlRegsFile</name>
         <uninitialized>true</uninitialized>
         <run_address>0xce0</run_address>
         <size>0x1a</size>
         <input_file_ref idref="fl-16"/>
      </object_component>
      <object_component id="oc-111">
         <name>SciaRegsFile</name>
         <uninitialized>true</uninitialized>
         <run_address>0x7200</run_address>
         <size>0x10</size>
         <input_file_ref idref="fl-16"/>
      </object_component>
      <object_component id="oc-110">
         <name>ScibRegsFile</name>
         <uninitialized>true</uninitialized>
         <run_address>0x7210</run_address>
         <size>0x10</size>
         <input_file_ref idref="fl-16"/>
      </object_component>
      <object_component id="oc-112">
         <name>ScicRegsFile</name>
         <uninitialized>true</uninitialized>
         <run_address>0x7220</run_address>
         <size>0x10</size>
         <input_file_ref idref="fl-16"/>
      </object_component>
      <object_component id="oc-10f">
         <name>ScidRegsFile</name>
         <uninitialized>true</uninitialized>
         <run_address>0x7230</run_address>
         <size>0x10</size>
         <input_file_ref idref="fl-16"/>
      </object_component>
      <object_component id="oc-148">
         <name>Sdfm1RegsFile</name>
         <uninitialized>true</uninitialized>
         <run_address>0x5e00</run_address>
         <size>0x80</size>
         <input_file_ref idref="fl-16"/>
      </object_component>
      <object_component id="oc-149">
         <name>Sdfm2RegsFile</name>
         <uninitialized>true</uninitialized>
         <run_address>0x5e80</run_address>
         <size>0x80</size>
         <input_file_ref idref="fl-16"/>
      </object_component>
      <object_component id="oc-10c">
         <name>SpiaRegsFile</name>
         <uninitialized>true</uninitialized>
         <run_address>0x6100</run_address>
         <size>0x10</size>
         <input_file_ref idref="fl-16"/>
      </object_component>
      <object_component id="oc-10e">
         <name>SpibRegsFile</name>
         <uninitialized>true</uninitialized>
         <run_address>0x6110</run_address>
         <size>0x10</size>
         <input_file_ref idref="fl-16"/>
      </object_component>
      <object_component id="oc-10d">
         <name>SpicRegsFile</name>
         <uninitialized>true</uninitialized>
         <run_address>0x6120</run_address>
         <size>0x10</size>
         <input_file_ref idref="fl-16"/>
      </object_component>
      <object_component id="oc-159">
         <name>DevCfgRegsFile</name>
         <uninitialized>true</uninitialized>
         <run_address>0x5d000</run_address>
         <size>0x12e</size>
         <input_file_ref idref="fl-16"/>
      </object_component>
      <object_component id="oc-13a">
         <name>ClkCfgRegsFile</name>
         <uninitialized>true</uninitialized>
         <run_address>0x5d200</run_address>
         <size>0x32</size>
         <input_file_ref idref="fl-16"/>
      </object_component>
      <object_component id="oc-14b">
         <name>CpuSysRegsFile</name>
         <uninitialized>true</uninitialized>
         <run_address>0x5d300</run_address>
         <size>0x82</size>
         <input_file_ref idref="fl-16"/>
      </object_component>
      <object_component id="oc-102">
         <name>SyncSocRegsFile</name>
         <uninitialized>true</uninitialized>
         <run_address>0x7940</run_address>
         <size>0x6</size>
         <input_file_ref idref="fl-16"/>
      </object_component>
      <object_component id="oc-138">
         <name>WdRegsFile</name>
         <uninitialized>true</uninitialized>
         <run_address>0x7000</run_address>
         <size>0x2b</size>
         <input_file_ref idref="fl-16"/>
      </object_component>
      <object_component id="oc-10b">
         <name>XintRegsFile</name>
         <uninitialized>true</uninitialized>
         <run_address>0x7070</run_address>
         <size>0xb</size>
         <input_file_ref idref="fl-16"/>
      </object_component>
      <object_component id="oc-7a">
         <name>.debug_info</name>
         <load_address>0x0</load_address>
         <run_address>0x0</run_address>
         <size>0xa245</size>
         <input_file_ref idref="fl-2"/>
      </object_component>
      <object_component id="oc-7f">
         <name>.debug_info</name>
         <load_address>0xa245</load_address>
         <run_address>0xa245</run_address>
         <size>0xff5d</size>
         <input_file_ref idref="fl-3"/>
      </object_component>
      <object_component id="oc-86">
         <name>.debug_info</name>
         <load_address>0x1a1a2</load_address>
         <run_address>0x1a1a2</run_address>
         <size>0x4b6</size>
         <input_file_ref idref="fl-4"/>
      </object_component>
      <object_component id="oc-8b">
         <name>.debug_info</name>
         <load_address>0x1a658</load_address>
         <run_address>0x1a658</run_address>
         <size>0x65d2</size>
         <input_file_ref idref="fl-5"/>
      </object_component>
      <object_component id="oc-92">
         <name>.debug_info</name>
         <load_address>0x20c2a</load_address>
         <run_address>0x20c2a</run_address>
         <size>0x239e</size>
         <input_file_ref idref="fl-6"/>
      </object_component>
      <object_component id="oc-9a">
         <name>.debug_info</name>
         <load_address>0x22fc8</load_address>
         <run_address>0x22fc8</run_address>
         <size>0x352</size>
         <input_file_ref idref="fl-7"/>
      </object_component>
      <object_component id="oc-9f">
         <name>.debug_info</name>
         <load_address>0x2331a</load_address>
         <run_address>0x2331a</run_address>
         <size>0xf1ae</size>
         <input_file_ref idref="fl-8"/>
      </object_component>
      <object_component id="oc-a5">
         <name>.debug_info</name>
         <load_address>0x324c8</load_address>
         <run_address>0x324c8</run_address>
         <size>0x166a0</size>
         <input_file_ref idref="fl-9"/>
      </object_component>
      <object_component id="oc-ac">
         <name>.debug_info</name>
         <load_address>0x48b68</load_address>
         <run_address>0x48b68</run_address>
         <size>0x874</size>
         <input_file_ref idref="fl-a"/>
      </object_component>
      <object_component id="oc-b3">
         <name>.debug_info</name>
         <load_address>0x493dc</load_address>
         <run_address>0x493dc</run_address>
         <size>0xa54</size>
         <input_file_ref idref="fl-b"/>
      </object_component>
      <object_component id="oc-b8">
         <name>.debug_info</name>
         <load_address>0x49e30</load_address>
         <run_address>0x49e30</run_address>
         <size>0xb197</size>
         <input_file_ref idref="fl-c"/>
      </object_component>
      <object_component id="oc-bf">
         <name>.debug_info</name>
         <load_address>0x54fc7</load_address>
         <run_address>0x54fc7</run_address>
         <size>0x67f8</size>
         <input_file_ref idref="fl-d"/>
      </object_component>
      <object_component id="oc-c7">
         <name>.debug_info</name>
         <load_address>0x5b7bf</load_address>
         <run_address>0x5b7bf</run_address>
         <size>0xd1</size>
         <input_file_ref idref="fl-e"/>
      </object_component>
      <object_component id="oc-cb">
         <name>.debug_info</name>
         <load_address>0x5b890</load_address>
         <run_address>0x5b890</run_address>
         <size>0x1e73a</size>
         <input_file_ref idref="fl-f"/>
      </object_component>
      <object_component id="oc-d2">
         <name>.debug_info</name>
         <load_address>0x79fca</load_address>
         <run_address>0x79fca</run_address>
         <size>0x6f70</size>
         <input_file_ref idref="fl-10"/>
      </object_component>
      <object_component id="oc-d9">
         <name>.debug_info</name>
         <load_address>0x80f3a</load_address>
         <run_address>0x80f3a</run_address>
         <size>0x65e9</size>
         <input_file_ref idref="fl-11"/>
      </object_component>
      <object_component id="oc-e0">
         <name>.debug_info</name>
         <load_address>0x87523</load_address>
         <run_address>0x87523</run_address>
         <size>0x22f8</size>
         <input_file_ref idref="fl-12"/>
      </object_component>
      <object_component id="oc-e8">
         <name>.debug_info</name>
         <load_address>0x8981b</load_address>
         <run_address>0x8981b</run_address>
         <size>0x1776d</size>
         <input_file_ref idref="fl-13"/>
      </object_component>
      <object_component id="oc-f0">
         <name>.debug_info</name>
         <load_address>0xa0f88</load_address>
         <run_address>0xa0f88</run_address>
         <size>0x15547</size>
         <input_file_ref idref="fl-14"/>
      </object_component>
      <object_component id="oc-f5">
         <name>.debug_info</name>
         <load_address>0xb64cf</load_address>
         <run_address>0xb64cf</run_address>
         <size>0x21a8</size>
         <input_file_ref idref="fl-15"/>
      </object_component>
      <object_component id="oc-fb">
         <name>.debug_info</name>
         <load_address>0xb8677</load_address>
         <run_address>0xb8677</run_address>
         <size>0x4b132</size>
         <input_file_ref idref="fl-16"/>
      </object_component>
      <object_component id="oc-161">
         <name>.debug_info</name>
         <load_address>0x1037a9</load_address>
         <run_address>0x1037a9</run_address>
         <size>0x128</size>
         <input_file_ref idref="fl-22"/>
      </object_component>
      <object_component id="oc-165">
         <name>.debug_info</name>
         <load_address>0x1038d1</load_address>
         <run_address>0x1038d1</run_address>
         <size>0x4d1</size>
         <input_file_ref idref="fl-23"/>
      </object_component>
      <object_component id="oc-16c">
         <name>.debug_info</name>
         <load_address>0x103da2</load_address>
         <run_address>0x103da2</run_address>
         <size>0x469</size>
         <input_file_ref idref="fl-24"/>
      </object_component>
      <object_component id="oc-171">
         <name>.debug_info</name>
         <load_address>0x10420b</load_address>
         <run_address>0x10420b</run_address>
         <size>0x685</size>
         <input_file_ref idref="fl-25"/>
      </object_component>
      <object_component id="oc-176">
         <name>.debug_info</name>
         <load_address>0x104890</load_address>
         <run_address>0x104890</run_address>
         <size>0x4fb</size>
         <input_file_ref idref="fl-26"/>
      </object_component>
      <object_component id="oc-17b">
         <name>.debug_info</name>
         <load_address>0x104d8b</load_address>
         <run_address>0x104d8b</run_address>
         <size>0x2582</size>
         <input_file_ref idref="fl-27"/>
      </object_component>
      <object_component id="oc-182">
         <name>.debug_info</name>
         <load_address>0x10730d</load_address>
         <run_address>0x10730d</run_address>
         <size>0x4c8</size>
         <input_file_ref idref="fl-28"/>
      </object_component>
      <object_component id="oc-187">
         <name>.debug_info</name>
         <load_address>0x1077d5</load_address>
         <run_address>0x1077d5</run_address>
         <size>0x44e</size>
         <input_file_ref idref="fl-29"/>
      </object_component>
      <object_component id="oc-18c">
         <name>.debug_info</name>
         <load_address>0x107c23</load_address>
         <run_address>0x107c23</run_address>
         <size>0x1d6</size>
         <input_file_ref idref="fl-2a"/>
      </object_component>
      <object_component id="oc-18f">
         <name>.debug_info</name>
         <load_address>0x107df9</load_address>
         <run_address>0x107df9</run_address>
         <size>0x116</size>
         <input_file_ref idref="fl-2b"/>
      </object_component>
      <object_component id="oc-194">
         <name>.debug_info</name>
         <load_address>0x107f0f</load_address>
         <run_address>0x107f0f</run_address>
         <size>0x10a</size>
         <input_file_ref idref="fl-2c"/>
      </object_component>
      <object_component id="oc-199">
         <name>.debug_info</name>
         <load_address>0x108019</load_address>
         <run_address>0x108019</run_address>
         <size>0x10a</size>
         <input_file_ref idref="fl-2d"/>
      </object_component>
      <object_component id="oc-19e">
         <name>.debug_info</name>
         <load_address>0x108123</load_address>
         <run_address>0x108123</run_address>
         <size>0x10a</size>
         <input_file_ref idref="fl-2e"/>
      </object_component>
      <object_component id="oc-1a3">
         <name>.debug_info</name>
         <load_address>0x10822d</load_address>
         <run_address>0x10822d</run_address>
         <size>0x118</size>
         <input_file_ref idref="fl-2f"/>
      </object_component>
      <object_component id="oc-1a8">
         <name>.debug_info</name>
         <load_address>0x108345</load_address>
         <run_address>0x108345</run_address>
         <size>0x110</size>
         <input_file_ref idref="fl-30"/>
      </object_component>
      <object_component id="oc-1ad">
         <name>.debug_info</name>
         <load_address>0x108455</load_address>
         <run_address>0x108455</run_address>
         <size>0x10a</size>
         <input_file_ref idref="fl-31"/>
      </object_component>
      <object_component id="oc-1b2">
         <name>.debug_info</name>
         <load_address>0x10855f</load_address>
         <run_address>0x10855f</run_address>
         <size>0x10a</size>
         <input_file_ref idref="fl-32"/>
      </object_component>
      <object_component id="oc-1b6">
         <name>.debug_info</name>
         <load_address>0x108669</load_address>
         <run_address>0x108669</run_address>
         <size>0x417</size>
         <input_file_ref idref="fl-33"/>
      </object_component>
      <object_component id="oc-1bc">
         <name>.debug_info</name>
         <load_address>0x108a80</load_address>
         <run_address>0x108a80</run_address>
         <size>0x110</size>
         <input_file_ref idref="fl-34"/>
      </object_component>
      <object_component id="oc-1c1">
         <name>.debug_info</name>
         <load_address>0x108b90</load_address>
         <run_address>0x108b90</run_address>
         <size>0x10a</size>
         <input_file_ref idref="fl-35"/>
      </object_component>
      <object_component id="oc-1c6">
         <name>.debug_info</name>
         <load_address>0x108c9a</load_address>
         <run_address>0x108c9a</run_address>
         <size>0x10a</size>
         <input_file_ref idref="fl-36"/>
      </object_component>
      <object_component id="oc-1ca">
         <name>.debug_info</name>
         <load_address>0x108da4</load_address>
         <run_address>0x108da4</run_address>
         <size>0x427</size>
         <input_file_ref idref="fl-37"/>
      </object_component>
      <object_component id="oc-1d0">
         <name>.debug_info</name>
         <load_address>0x1091cb</load_address>
         <run_address>0x1091cb</run_address>
         <size>0x16c</size>
         <input_file_ref idref="fl-38"/>
      </object_component>
      <object_component id="oc-1d5">
         <name>.debug_info</name>
         <load_address>0x109337</load_address>
         <run_address>0x109337</run_address>
         <size>0x144</size>
         <input_file_ref idref="fl-39"/>
      </object_component>
      <object_component id="oc-1da">
         <name>.debug_info</name>
         <load_address>0x10947b</load_address>
         <run_address>0x10947b</run_address>
         <size>0x213</size>
         <input_file_ref idref="fl-3a"/>
      </object_component>
      <object_component id="oc-1de">
         <name>.debug_info</name>
         <load_address>0x10968e</load_address>
         <run_address>0x10968e</run_address>
         <size>0x4e8</size>
         <input_file_ref idref="fl-3b"/>
      </object_component>
      <object_component id="oc-1e3">
         <name>.debug_info</name>
         <load_address>0x109b76</load_address>
         <run_address>0x109b76</run_address>
         <size>0x467</size>
         <input_file_ref idref="fl-3c"/>
      </object_component>
      <object_component id="oc-1e8">
         <name>.debug_info</name>
         <load_address>0x109fdd</load_address>
         <run_address>0x109fdd</run_address>
         <size>0x53f</size>
         <input_file_ref idref="fl-3d"/>
      </object_component>
      <object_component id="oc-1ed">
         <name>.debug_info</name>
         <load_address>0x10a51c</load_address>
         <run_address>0x10a51c</run_address>
         <size>0x52e</size>
         <input_file_ref idref="fl-3e"/>
      </object_component>
      <object_component id="oc-1f2">
         <name>.debug_info</name>
         <load_address>0x10aa4a</load_address>
         <run_address>0x10aa4a</run_address>
         <size>0x508</size>
         <input_file_ref idref="fl-3f"/>
      </object_component>
      <object_component id="oc-1f7">
         <name>.debug_info</name>
         <load_address>0x10af52</load_address>
         <run_address>0x10af52</run_address>
         <size>0x4e7</size>
         <input_file_ref idref="fl-40"/>
      </object_component>
      <object_component id="oc-1fc">
         <name>.debug_info</name>
         <load_address>0x10b439</load_address>
         <run_address>0x10b439</run_address>
         <size>0x1b5</size>
         <input_file_ref idref="fl-41"/>
      </object_component>
      <object_component id="oc-201">
         <name>.debug_info</name>
         <load_address>0x10b5ee</load_address>
         <run_address>0x10b5ee</run_address>
         <size>0x10a</size>
         <input_file_ref idref="fl-42"/>
      </object_component>
      <object_component id="oc-206">
         <name>.debug_info</name>
         <load_address>0x10b6f8</load_address>
         <run_address>0x10b6f8</run_address>
         <size>0x19b</size>
         <input_file_ref idref="fl-43"/>
      </object_component>
      <object_component id="oc-2b7">
         <name>.debug_info</name>
         <load_address>0x10b893</load_address>
         <run_address>0x10b893</run_address>
         <size>0xab</size>
      </object_component>
      <object_component id="oc-7b">
         <name>.debug_frame</name>
         <load_address>0x0</load_address>
         <run_address>0x0</run_address>
         <size>0x169</size>
         <input_file_ref idref="fl-2"/>
      </object_component>
      <object_component id="oc-82">
         <name>.debug_frame</name>
         <load_address>0x169</load_address>
         <run_address>0x169</run_address>
         <size>0x170</size>
         <input_file_ref idref="fl-3"/>
      </object_component>
      <object_component id="oc-87">
         <name>.debug_frame</name>
         <load_address>0x2d9</load_address>
         <run_address>0x2d9</run_address>
         <size>0xbc</size>
         <input_file_ref idref="fl-4"/>
      </object_component>
      <object_component id="oc-8e">
         <name>.debug_frame</name>
         <load_address>0x395</load_address>
         <run_address>0x395</run_address>
         <size>0xec</size>
         <input_file_ref idref="fl-5"/>
      </object_component>
      <object_component id="oc-96">
         <name>.debug_frame</name>
         <load_address>0x481</load_address>
         <run_address>0x481</run_address>
         <size>0x2e8</size>
         <input_file_ref idref="fl-6"/>
      </object_component>
      <object_component id="oc-9b">
         <name>.debug_frame</name>
         <load_address>0x769</load_address>
         <run_address>0x769</run_address>
         <size>0x8c</size>
         <input_file_ref idref="fl-7"/>
      </object_component>
      <object_component id="oc-a1">
         <name>.debug_frame</name>
         <load_address>0x7f5</load_address>
         <run_address>0x7f5</run_address>
         <size>0x70f</size>
         <input_file_ref idref="fl-8"/>
      </object_component>
      <object_component id="oc-a8">
         <name>.debug_frame</name>
         <load_address>0xf04</load_address>
         <run_address>0xf04</run_address>
         <size>0x273</size>
         <input_file_ref idref="fl-9"/>
      </object_component>
      <object_component id="oc-af">
         <name>.debug_frame</name>
         <load_address>0x1177</load_address>
         <run_address>0x1177</run_address>
         <size>0x128</size>
         <input_file_ref idref="fl-a"/>
      </object_component>
      <object_component id="oc-b4">
         <name>.debug_frame</name>
         <load_address>0x129f</load_address>
         <run_address>0x129f</run_address>
         <size>0x166</size>
         <input_file_ref idref="fl-b"/>
      </object_component>
      <object_component id="oc-bb">
         <name>.debug_frame</name>
         <load_address>0x1405</load_address>
         <run_address>0x1405</run_address>
         <size>0x1de</size>
         <input_file_ref idref="fl-c"/>
      </object_component>
      <object_component id="oc-c2">
         <name>.debug_frame</name>
         <load_address>0x15e3</load_address>
         <run_address>0x15e3</run_address>
         <size>0x10d</size>
         <input_file_ref idref="fl-d"/>
      </object_component>
      <object_component id="oc-ce">
         <name>.debug_frame</name>
         <load_address>0x16f0</load_address>
         <run_address>0x16f0</run_address>
         <size>0x256</size>
         <input_file_ref idref="fl-f"/>
      </object_component>
      <object_component id="oc-d5">
         <name>.debug_frame</name>
         <load_address>0x1946</load_address>
         <run_address>0x1946</run_address>
         <size>0x3c2</size>
         <input_file_ref idref="fl-10"/>
      </object_component>
      <object_component id="oc-dc">
         <name>.debug_frame</name>
         <load_address>0x1d08</load_address>
         <run_address>0x1d08</run_address>
         <size>0xec</size>
         <input_file_ref idref="fl-11"/>
      </object_component>
      <object_component id="oc-e4">
         <name>.debug_frame</name>
         <load_address>0x1df4</load_address>
         <run_address>0x1df4</run_address>
         <size>0x205</size>
         <input_file_ref idref="fl-12"/>
      </object_component>
      <object_component id="oc-ec">
         <name>.debug_frame</name>
         <load_address>0x1ff9</load_address>
         <run_address>0x1ff9</run_address>
         <size>0x46b</size>
         <input_file_ref idref="fl-13"/>
      </object_component>
      <object_component id="oc-f1">
         <name>.debug_frame</name>
         <load_address>0x2464</load_address>
[...]
      </symbol>
      <symbol id="sm-6d7">
         <name>_CpuTimer1Regs</name>
         <value>0xc08</value>
         <object_component_ref idref="oc-107"/>
      </symbol>
      <symbol id="sm-6d8">
         <name>_RomPrefetchRegs</name>
         <value>0x5e608</value>
         <object_component_ref idref="oc-fe"/>
      </symbol>
      <symbol id="sm-6d9">
         <name>_Cmpss4Regs</name>
         <value>0x5ce0</value>
         <object_component_ref idref="oc-128"/>
      </symbol>
      <symbol id="sm-6da">
         <name>_EPwm5Regs</name>
         <value>0x4400</value>
         <object_component_ref idref="oc-14d"/>
      </symbol>
      <symbol id="sm-6db">
         <name>_UppRegs</name>
         <value>0x6200</value>
         <object_component_ref idref="oc-140"/>
      </symbol>
      <symbol id="sm-6dc">
         <name>_SpiaRegs</name>
         <value>0x6100</value>
         <object_component_ref idref="oc-10c"/>
      </symbol>
      <symbol id="sm-6dd">
         <name>_CpuSysRegs</name>
         <value>0x5d300</value>
         <object_component_ref idref="oc-14b"/>
      </symbol>
      <symbol id="sm-6de">
         <name>_Cla1SoftIntRegs</name>
         <value>0xce0</value>
         <object_component_ref idref="oc-101"/>
      </symbol>
      <symbol id="sm-6df">
         <name>_ECap6Regs</name>
         <value>0x50a0</value>
         <object_component_ref idref="oc-119"/>
      </symbol>
      <symbol id="sm-6e0">
         <name>_DmaRegs</name>
         <value>0x1000</value>
         <object_component_ref idref="oc-14c"/>
      </symbol>
      <symbol id="sm-6e1">
         <name>_XintRegs</name>
         <value>0x7070</value>
         <object_component_ref idref="oc-10b"/>
      </symbol>
      <symbol id="sm-6e2">
         <name>_CpuTimer0Regs</name>
         <value>0xc00</value>
         <object_component_ref idref="oc-108"/>
      </symbol>
      <symbol id="sm-6e3">
         <name>_Cmpss5Regs</name>
         <value>0x5d00</value>
         <object_component_ref idref="oc-12a"/>
      </symbol>
      <symbol id="sm-6e4">
         <name>_Emif1Regs</name>
         <value>0x47000</value>
         <object_component_ref idref="oc-143"/>
      </symbol>
      <symbol id="sm-6e5">
         <name>_AccessProtectionRegs</name>
         <value>0x5f4c0</value>
         <object_component_ref idref="oc-13c"/>
      </symbol>
      <symbol id="sm-6e6">
         <name>_MemCfgRegs</name>
         <value>0x5f400</value>
         <object_component_ref idref="oc-14a"/>
      </symbol>
      <symbol id="sm-6e7">
         <name>_DacaRegs</name>
         <value>0x5c00</value>
         <object_component_ref idref="oc-104"/>
      </symbol>
      <symbol id="sm-6e8">
         <name>_McbspbRegs</name>
         <value>0x6040</value>
         <object_component_ref idref="oc-134"/>
      </symbol>
      <symbol id="sm-6e9">
         <name>_EPwm6Regs</name>
         <value>0x4500</value>
         <object_component_ref idref="oc-152"/>
      </symbol>
      <symbol id="sm-6ea">
         <name>_AdcaRegs</name>
         <value>0x7400</value>
         <object_component_ref idref="oc-145"/>
      </symbol>
      <symbol id="sm-6eb">
         <name>_SciaRegs</name>
         <value>0x7200</value>
         <object_component_ref idref="oc-111"/>
      </symbol>
      <symbol id="sm-6ec">
         <name>_EPwm11Regs</name>
         <value>0x4a00</value>
         <object_component_ref idref="oc-154"/>
      </symbol>
      <symbol id="sm-6ed">
         <name>_GpioDataRegs</name>
         <value>0x7f00</value>
         <object_component_ref idref="oc-139"/>
      </symbol>
      <symbol id="sm-6ee">
         <name>_Sdfm1Regs</name>
         <value>0x5e00</value>
         <object_component_ref idref="oc-148"/>
      </symbol>
      <symbol id="sm-6ef">
         <name>_Cmpss2Regs</name>
         <value>0x5ca0</value>
         <object_component_ref idref="oc-126"/>
      </symbol>
      <symbol id="sm-6f0">
         <name>_Emif2Regs</name>
         <value>0x47800</value>
         <object_component_ref idref="oc-142"/>
      </symbol>
      <symbol id="sm-6f1">
         <name>_DcsmZ1Regs</name>
         <value>0x5f000</value>
         <object_component_ref idref="oc-133"/>
      </symbol>
      <symbol id="sm-6f2">
         <name>_Flash0CtrlRegs</name>
         <value>0x5f800</value>
         <object_component_ref idref="oc-15c"/>
      </symbol>
      <symbol id="sm-6f3">
         <name>_EPwm7Regs</name>
         <value>0x4600</value>
         <object_component_ref idref="oc-14f"/>
      </symbol>
      <symbol id="sm-6f4">
         <name>_SpicRegs</name>
         <value>0x6120</value>
         <object_component_ref idref="oc-10d"/>
      </symbol>
      <symbol id="sm-6f5">
         <name>_EPwm10Regs</name>
         <value>0x4900</value>
         <object_component_ref idref="oc-157"/>
      </symbol>
      <symbol id="sm-6f6">
         <name>_CpuTimer2Regs</name>
         <value>0xc10</value>
         <object_component_ref idref="oc-10a"/>
      </symbol>
      <symbol id="sm-6f7">
         <name>_DmaClaSrcSelRegs</name>
         <value>0x7980</value>
         <object_component_ref idref="oc-117"/>
      </symbol>
      <symbol id="sm-6f8">
         <name>_AnalogSubsysRegs</name>
         <value>0x5d180</value>
         <object_component_ref idref="oc-141"/>
      </symbol>
      <symbol id="sm-6f9">
         <name>_Cmpss3Regs</name>
         <value>0x5cc0</value>
         <object_component_ref idref="oc-129"/>
      </symbol>
      <symbol id="sm-6fa">
         <name>_DaccRegs</name>
         <value>0x5c20</value>
         <object_component_ref idref="oc-109"/>
      </symbol>
      <symbol id="sm-6fb">
         <name>_PieCtrlRegs</name>
         <value>0xce0</value>
         <object_component_ref idref="oc-118"/>
      </symbol>
      <symbol id="sm-6fc">
         <name>_DevCfgRegs</name>
         <value>0x5d000</value>
         <object_component_ref idref="oc-159"/>
      </symbol>
      <symbol id="sm-6fd">
         <name>_SpibRegs</name>
         <value>0x6110</value>
         <object_component_ref idref="oc-10e"/>
      </symbol>
      <symbol id="sm-6fe">
         <name>_AdccRegs</name>
         <value>0x7500</value>
         <object_component_ref idref="oc-147"/>
      </symbol>
      <symbol id="sm-6ff">
         <name>_ScicRegs</name>
         <value>0x7220</value>
         <object_component_ref idref="oc-112"/>
      </symbol>
      <symbol id="sm-700">
         <name>_ECap1Regs</name>
         <value>0x5000</value>
         <object_component_ref idref="oc-12b"/>
      </symbol>
      <symbol id="sm-701">
         <name>_EmuKey</name>
         <value>0xd00</value>
         <object_component_ref idref="oc-fc"/>
      </symbol>
      <symbol id="sm-702">
         <name>_OutputXbarRegs</name>
         <value>0x7a80</value>
         <object_component_ref idref="oc-13f"/>
      </symbol>
      <symbol id="sm-703">
         <name>_MemoryErrorRegs</name>
         <value>0x5f500</value>
         <object_component_ref idref="oc-13d"/>
      </symbol>
      <symbol id="sm-704">
         <name>_Cla1Regs</name>
         <value>0x1400</value>
         <object_component_ref idref="oc-13b"/>
      </symbol>
      <symbol id="sm-705">
         <name>_DcsmZ2Otp</name>
         <value>0x78200</value>
         <object_component_ref idref="oc-125"/>
      </symbol>
      <symbol id="sm-706">
         <name>_EQep1Regs</name>
         <value>0x5100</value>
         <object_component_ref idref="oc-12d"/>
      </symbol>
      <symbol id="sm-707">
         <name>_DacbRegs</name>
         <value>0x5c10</value>
         <object_component_ref idref="oc-106"/>
      </symbol>
      <symbol id="sm-708">
         <name>_McbspaRegs</name>
         <value>0x6000</value>
         <object_component_ref idref="oc-135"/>
      </symbol>
      <symbol id="sm-709">
         <name>_EPwm1Regs</name>
         <value>0x4000</value>
         <object_component_ref idref="oc-151"/>
      </symbol>
      <symbol id="sm-70a">
         <name>_AdcbRegs</name>
         <value>0x7480</value>
         <object_component_ref idref="oc-144"/>
      </symbol>
      <symbol id="sm-70b">
         <name>_ScibRegs</name>
         <value>0x7210</value>
         <object_component_ref idref="oc-110"/>
      </symbol>
      <symbol id="sm-70c">
         <name>_AdcaResultRegs</name>
         <value>0xb00</value>
         <object_component_ref idref="oc-114"/>
      </symbol>
      <symbol id="sm-70d">
         <name>_ECap2Regs</name>
         <value>0x5020</value>
         <object_component_ref idref="oc-12c"/>
      </symbol>
      <symbol id="sm-70e">
         <name>_EPwm12Regs</name>
         <value>0x4b00</value>
         <object_component_ref idref="oc-155"/>
      </symbol>
      <symbol id="sm-70f">
         <name>_AdcbResultRegs</name>
         <value>0xb20</value>
         <object_component_ref idref="oc-113"/>
      </symbol>
      <symbol id="sm-710">
         <name>_AdccResultRegs</name>
         <value>0xb40</value>
         <object_component_ref idref="oc-116"/>
      </symbol>
      <symbol id="sm-711">
         <name>_Emif1ConfigRegs</name>
         <value>0x5f480</value>
         <object_component_ref idref="oc-11c"/>
      </symbol>
      <symbol id="sm-712">
         <name>_Sdfm2Regs</name>
         <value>0x5e80</value>
         <object_component_ref idref="oc-149"/>
      </symbol>
      <symbol id="sm-713">
         <name>_AdcdResultRegs</name>
         <value>0xb60</value>
         <object_component_ref idref="oc-115"/>
      </symbol>
      <symbol id="sm-714">
         <name>_EQep2Regs</name>
         <value>0x5140</value>
         <object_component_ref idref="oc-12e"/>
      </symbol>
      <symbol id="sm-715">
         <name>_Cmpss1Regs</name>
         <value>0x5c80</value>
         <object_component_ref idref="oc-127"/>
      </symbol>
      <symbol id="sm-716">
         <name>_EPwm8Regs</name>
         <value>0x4700</value>
         <object_component_ref idref="oc-158"/>
      </symbol>
      <symbol id="sm-717">
         <name>_Emif2ConfigRegs</name>
         <value>0x5f4a0</value>
         <object_component_ref idref="oc-11d"/>
      </symbol>
      <symbol id="sm-718">
         <name>_DcsmCommonRegs</name>
         <value>0x5f070</value>
         <object_component_ref idref="oc-105"/>
      </symbol>
      <symbol id="sm-719">
         <name>_EPwm2Regs</name>
         <value>0x4100</value>
         <object_component_ref idref="oc-150"/>
      </symbol>
      <symbol id="sm-71a">
         <name>_ECap3Regs</name>
         <value>0x5040</value>
         <object_component_ref idref="oc-120"/>
      </symbol>
      <symbol id="sm-71b">
         <name>_Cmpss8Regs</name>
         <value>0x5d60</value>
         <object_component_ref idref="oc-124"/>
      </symbol>
      <symbol id="sm-71c">
         <name>_EQep3Regs</name>
         <value>0x5180</value>
         <object_component_ref idref="oc-131"/>
      </symbol>
      <symbol id="sm-71d">
         <name>_SyncSocRegs</name>
         <value>0x7940</value>
         <object_component_ref idref="oc-102"/>
      </symbol>
      <symbol id="sm-71e">
         <name>_EPwm9Regs</name>
         <value>0x4800</value>
         <object_component_ref idref="oc-156"/>
      </symbol>
      <symbol id="sm-71f">
         <name>_NmiIntruptRegs</name>
         <value>0x7060</value>
         <object_component_ref idref="oc-103"/>
      </symbol>
      <symbol id="sm-720">
         <name>_EPwm3Regs</name>
         <value>0x4200</value>
         <object_component_ref idref="oc-153"/>
      </symbol>
      <symbol id="sm-721">
         <name>_Flash1EccRegs</name>
         <value>0x5ff00</value>
         <object_component_ref idref="oc-136"/>
      </symbol>
      <symbol id="sm-722">
         <name>_I2caRegs</name>
         <value>0x7300</value>
         <object_component_ref idref="oc-130"/>
      </symbol>
      <symbol id="sm-73d">
         <name>_c_int00</name>
         <value>0x858c5</value>
         <object_component_ref idref="oc-79"/>
      </symbol>
      <symbol id="sm-73e">
         <name>__stack</name>
         <value>0x0</value>
         <object_component_ref idref="oc-15f"/>
      </symbol>
      <symbol id="sm-752">
         <name>C$$EXIT</name>
         <value>0x85b42</value>
         <object_component_ref idref="oc-20b"/>
      </symbol>
      <symbol id="sm-753">
         <name>_exit</name>
         <value>0x85b44</value>
         <object_component_ref idref="oc-20b"/>
      </symbol>
      <symbol id="sm-754">
         <name>___TI_cleanup_ptr</name>
         <value>0x1a26a</value>
         <object_component_ref idref="oc-167"/>
      </symbol>
      <symbol id="sm-755">
         <name>_abort</name>
         <value>0x85b42</value>
         <object_component_ref idref="oc-20b"/>
      </symbol>
      <symbol id="sm-756">
         <name>___TI_dtors_ptr</name>
         <value>0x1a26c</value>
         <object_component_ref idref="oc-167"/>
      </symbol>
      <symbol id="sm-768">
         <name>_memcpy</name>
         <value>0x85ab6</value>
         <object_component_ref idref="oc-226"/>
      </symbol>
      <symbol id="sm-777">
         <name>_sprintf</name>
         <value>0x85981</value>
         <object_component_ref idref="oc-222"/>
      </symbol>
      <symbol id="sm-78c">
         <name>__unlock</name>
         <value>0x1a270</value>
         <object_component_ref idref="oc-229"/>
      </symbol>
      <symbol id="sm-78d">
         <name>__lock</name>
         <value>0x1a26e</value>
         <object_component_ref idref="oc-216"/>
      </symbol>
      <symbol id="sm-78e">
         <name>__register_lock</name>
         <value>0x85bd7</value>
         <object_component_ref idref="oc-224"/>
      </symbol>
      <symbol id="sm-78f">
         <name>__nop</name>
         <value>0x85bdb</value>
         <object_component_ref idref="oc-224"/>
      </symbol>
      <symbol id="sm-790">
         <name>__register_unlock</name>
         <value>0x85bd3</value>
         <object_component_ref idref="oc-224"/>
      </symbol>
      <symbol id="sm-8bd">
         <name>___TI_printfi</name>
         <value>0x82bcc</value>
         <object_component_ref idref="oc-228"/>
      </symbol>
      <symbol id="sm-8cd">
         <name>__args_main</name>
         <value>0x85b29</value>
         <object_component_ref idref="oc-20a"/>
      </symbol>
      <symbol id="sm-8e2">
         <name>_atoi</name>
         <value>0x83fcf</value>
         <object_component_ref idref="oc-22a"/>
      </symbol>
      <symbol id="sm-8eb">
         <name>__ctypes_</name>
         <value>0x90b12</value>
         <object_component_ref idref="oc-233"/>
      </symbol>
      <symbol id="sm-8fb">
         <name>FD$$CMP</name>
         <value>0x859e1</value>
         <object_component_ref idref="oc-18e"/>
      </symbol>
      <symbol id="sm-912">
         <name>FD$$DIV</name>
         <value>0x8570c</value>
         <object_component_ref idref="oc-193"/>
      </symbol>
      <symbol id="sm-924">
         <name>FD$$MPY</name>
         <value>0x85797</value>
         <object_component_ref idref="oc-198"/>
      </symbol>
      <symbol id="sm-931">
         <name>FD$$NEG</name>
         <value>0x85bdc</value>
         <object_component_ref idref="oc-19d"/>
      </symbol>
      <symbol id="sm-93d">
         <name>FD$$SUB</name>
         <value>0x85b9f</value>
         <object_component_ref idref="oc-1a2"/>
      </symbol>
      <symbol id="sm-94d">
         <name>FD$$TOFS</name>
         <value>0x85a35</value>
         <object_component_ref idref="oc-1a7"/>
      </symbol>
      <symbol id="sm-95c">
         <name>FD$$TOI</name>
         <value>0x85a58</value>
         <object_component_ref idref="oc-1ac"/>
      </symbol>
      <symbol id="sm-96b">
         <name>FD$$TOL</name>
         <value>0x85a79</value>
         <object_component_ref idref="oc-1b1"/>
      </symbol>
      <symbol id="sm-97b">
         <name>_frexp</name>
         <value>0x85b89</value>
         <object_component_ref idref="oc-22e"/>
      </symbol>
      <symbol id="sm-98b">
         <name>FS$$TOFD</name>
         <value>0x85af1</value>
         <object_component_ref idref="oc-1bb"/>
      </symbol>
      <symbol id="sm-99b">
         <name>I$$TOFD</name>
         <value>0x85ad4</value>
         <object_component_ref idref="oc-1c0"/>
      </symbol>
      <symbol id="sm-9ab">
         <name>L$$TOFD</name>
         <value>0x85b0d</value>
         <object_component_ref idref="oc-1c5"/>
      </symbol>
      <symbol id="sm-9be">
         <name>_ldexp</name>
         <value>0x8594d</value>
         <object_component_ref idref="oc-22f"/>
      </symbol>
      <symbol id="sm-9ca">
         <name>LL$$AND</name>
         <value>0x85b5b</value>
         <object_component_ref idref="oc-1cf"/>
      </symbol>
      <symbol id="sm-9cb">
         <name>LL$$OR</name>
         <value>0x85b63</value>
         <object_component_ref idref="oc-1cf"/>
      </symbol>
      <symbol id="sm-9cc">
         <name>LL$$XOR</name>
         <value>0x85b6b</value>
         <object_component_ref idref="oc-1cf"/>
      </symbol>
      <symbol id="sm-9da">
         <name>ULL$$CMP</name>
         <value>0x85aaa</value>
         <object_component_ref idref="oc-1d4"/>
      </symbol>
      <symbol id="sm-9db">
         <name>LL$$CMP</name>
         <value>0x85a98</value>
         <object_component_ref idref="oc-1d4"/>
      </symbol>
      <symbol id="sm-a07">
         <name>ULL$$MOD</name>
         <value>0x854ba</value>
         <object_component_ref idref="oc-1d9"/>
      </symbol>
      <symbol id="sm-a08">
         <name>ULL$$DIV</name>
         <value>0x8548b</value>
         <object_component_ref idref="oc-1d9"/>
      </symbol>
      <symbol id="sm-a09">
         <name>LL$$MOD</name>
         <value>0x85451</value>
         <object_component_ref idref="oc-1d9"/>
      </symbol>
      <symbol id="sm-a0a">
         <name>LL$$DIV</name>
         <value>0x85415</value>
         <object_component_ref idref="oc-1d9"/>
      </symbol>
      <symbol id="sm-a19">
         <name>_ltoa</name>
         <value>0x859b3</value>
         <object_component_ref idref="oc-22c"/>
      </symbol>
      <symbol id="sm-a29">
         <name>_memccpy</name>
         <value>0x85bad</value>
         <object_component_ref idref="oc-232"/>
      </symbol>
      <symbol id="sm-a38">
         <name>_memset</name>
         <value>0x85bbb</value>
         <object_component_ref idref="oc-230"/>
      </symbol>
      <symbol id="sm-a48">
         <name>_strchr</name>
         <value>0x85bc7</value>
         <object_component_ref idref="oc-22d"/>
      </symbol>
      <symbol id="sm-a56">
         <name>_strcpy</name>
         <value>0x85bed</value>
         <object_component_ref idref="oc-231"/>
      </symbol>
      <symbol id="sm-a64">
         <name>_strlen</name>
         <value>0x85be5</value>
         <object_component_ref idref="oc-22b"/>
      </symbol>
      <symbol id="sm-a6f">
         <name>_errno</name>
         <value>0x1a275</value>
         <object_component_ref idref="oc-1fe"/>
      </symbol>
      <symbol id="sm-a8a">
         <name>FD$$ADD</name>
         <value>0x85670</value>
         <object_component_ref idref="oc-200"/>
      </symbol>
      <symbol id="sm-a96">
         <name>UL$$MOD</name>
         <value>0x85a2f</value>
         <object_component_ref idref="oc-205"/>
      </symbol>
      <symbol id="sm-a97">
         <name>L$$MOD</name>
         <value>0x85a1a</value>
         <object_component_ref idref="oc-205"/>
      </symbol>
      <symbol id="sm-a98">
         <name>L$$DIV</name>
         <value>0x85a0b</value>
         <object_component_ref idref="oc-205"/>
      </symbol>
      <symbol id="sm-a99">
         <name>UL$$DIV</name>
         <value>0x85a28</value>
         <object_component_ref idref="oc-205"/>
      </symbol>
   </symbol_table>
   <title>Link successful</title>
</link_info>
