******************************************************************************
             TMS320C2000 Linker PC v6.4.9                      
******************************************************************************
>> Linked Sun Jan 31 18:12:21 2016

OUTPUT FILE NAME:   <TMS_Skype_Petcam.out>
ENTRY POINT SYMBOL: "_c_int00"  address: 000855c3


MEMORY CONFIGURATION

         name            origin    length      used     unused   attr    fill
----------------------  --------  ---------  --------  --------  ----  --------
PAGE 0:
  RAMM0                 00000000   00000400  00000400  00000000  RWIX
  RAMLS0                00008000   00000800  00000000  00000800  RWIX
  RAMLS1                00008800   00000800  00000000  00000800  RWIX
  RAMLS2                00009000   00000800  00000000  00000800  RWIX
  RAMLS3                00009800   00000800  00000000  00000800  RWIX
  BEGIN                 00080000   00000002  00000002  00000000  RWIX
  FLASHA                00080002   00001ffe  00000000  00001ffe  RWIX
  FLASHB                00082000   00002000  00001ffe  00000002  RWIX
  FLASHC                00084000   00002000  00001921  000006df  RWIX
  FLASHD                00086000   00002000  00000000  00002000  RWIX
  FLASHE                00088000   00008000  00000000  00008000  RWIX
  FLASHF                00090000   00008000  00000e49  000071b7  RWIX
  FLASHG                00098000   00008000  00000000  00008000  RWIX
  FLASHH                000a0000   00008000  00000000  00008000  RWIX
  FLASHI                000a8000   00008000  00000000  00008000  RWIX
  FLASHJ                000b0000   00008000  00000000  00008000  RWIX
  FLASHK                000b8000   00002000  00000000  00002000  RWIX
  FLASHL                000ba000   00002000  00000000  00002000  RWIX
  FLASHM                000bc000   00002000  00000000  00002000  RWIX
  FLASHN                000be000   00002000  00000000  00002000  RWIX
  RESET                 003fffc0   00000002  00000000  00000002  RWIX

PAGE 1:
  BOOT_RSVD             00000002   00000120  00000000  00000120  RWIX
  RAMM1                 00000400   00000400  00000000  00000400  RWIX
  ADCA_RESULT           00000b00   00000020  00000018  00000008  RWIX
  ADCB_RESULT           00000b20   00000020  00000018  00000008  RWIX
  ADCC_RESULT           00000b40   00000020  00000018  00000008  RWIX
  ADCD_RESULT           00000b60   00000020  00000018  00000008  RWIX
  CPU_TIMER0            00000c00   00000008  00000008  00000000  RWIX
  CPU_TIMER1            00000c08   00000008  00000008  00000000  RWIX
  CPU_TIMER2            00000c10   00000008  00000008  00000000  RWIX
  PIE_CTRL              00000ce0   00000020  0000001a  00000006  RWIX
  PIE_VECT              00000d00   00000200  000001c0  00000040  RWIX
  DMA                   00001000   00000200  000000e0  00000120  RWIX
  CLA1                  00001400   00000040  0000003e  00000002  RWIX
  EPWM1                 00004000   00000100  00000100  00000000  RWIX
  EPWM2                 00004100   00000100  00000100  00000000  RWIX
  EPWM3                 00004200   00000100  00000100  00000000  RWIX
  EPWM4                 00004300   00000100  00000100  00000000  RWIX
  EPWM5                 00004400   00000100  00000100  00000000  RWIX
  EPWM6                 00004500   00000100  00000100  00000000  RWIX
  EPWM7                 00004600   00000100  00000100  00000000  RWIX
  EPWM8                 00004700   00000100  00000100  00000000  RWIX
  EPWM9                 00004800   00000100  00000100  00000000  RWIX
  EPWM10                00004900   00000100  00000100  00000000  RWIX
  EPWM11                00004a00   00000100  00000100  00000000  RWIX
  EPWM12                00004b00   00000100  00000100  00000000  RWIX
  ECAP1                 00005000   00000020  00000020  00000000  RWIX
  ECAP2                 00005020   00000020  00000020  00000000  RWIX
  ECAP3                 00005040   00000020  00000020  00000000  RWIX
  ECAP4                 00005060   00000020  00000020  00000000  RWIX
  ECAP5                 00005080   00000020  00000020  00000000  RWIX
  ECAP6                 000050a0   00000020  00000020  00000000  RWIX
  EQEP1                 00005100   00000040  00000022  0000001e  RWIX
  EQEP2                 00005140   00000040  00000022  0000001e  RWIX
  EQEP3                 00005180   00000040  00000022  0000001e  RWIX
  DACA                  00005c00   00000010  00000008  00000008  RWIX
  DACB                  00005c10   00000010  00000008  00000008  RWIX
  DACC                  00005c20   00000010  00000008  00000008  RWIX
  CMPSS1                00005c80   00000020  00000020  00000000  RWIX
  CMPSS2                00005ca0   00000020  00000020  00000000  RWIX
  CMPSS3                00005cc0   00000020  00000020  00000000  RWIX
  CMPSS4                00005ce0   00000020  00000020  00000000  RWIX
  CMPSS5                00005d00   00000020  00000020  00000000  RWIX
  CMPSS6                00005d20   00000020  00000020  00000000  RWIX
  CMPSS7                00005d40   00000020  00000020  00000000  RWIX
  CMPSS8                00005d60   00000020  00000020  00000000  RWIX
  SDFM1                 00005e00   00000080  00000080  00000000  RWIX
  SDFM2                 00005e80   00000080  00000080  00000000  RWIX
  MCBSPA                00006000   00000040  00000024  0000001c  RWIX
  MCBSPB                00006040   00000040  00000024  0000001c  RWIX
  SPIA                  00006100   00000010  00000010  00000000  RWIX
  SPIB                  00006110   00000010  00000010  00000000  RWIX
  SPIC                  00006120   00000010  00000010  00000000  RWIX
  SPID                  00006130   00000010  00000000  00000010  RWIX
  UPP                   00006200   00000100  00000048  000000b8  RWIX
  WD                    00007000   00000040  0000002b  00000015  RWIX
  NMIINTRUPT            00007060   00000010  00000007  00000009  RWIX
  XINT                  00007070   00000010  0000000b  00000005  RWIX
  SCIA                  00007200   00000010  00000010  00000000  RWIX
  SCIB                  00007210   00000010  00000010  00000000  RWIX
  SCIC                  00007220   00000010  00000010  00000000  RWIX
  SCID                  00007230   00000010  00000010  00000000  RWIX
  I2CA                  00007300   00000040  00000022  0000001e  RWIX
  I2CB                  00007340   00000040  00000022  0000001e  RWIX
  ADCA                  00007400   00000080  00000080  00000000  RWIX
  ADCB                  00007480   00000080  00000080  00000000  RWIX
  ADCC                  00007500   00000080  00000080  00000000  RWIX
  ADCD                  00007580   00000080  00000080  00000000  RWIX
  INPUT_XBAR            00007900   00000020  00000020  00000000  RWIX
  XBAR                  00007920   00000020  00000020  00000000  RWIX
  SYNC_SOC              00007940   00000010  00000006  0000000a  RWIX
  DMACLASRCSEL          00007980   00000040  0000001a  00000026  RWIX
  EPWM_XBAR             00007a00   00000040  00000040  00000000  RWIX
  CLB_XBAR              00007a40   00000040  00000000  00000040  RWIX
  OUTPUT_XBAR           00007a80   00000040  00000040  00000000  RWIX
  GPIOCTRL              00007c00   00000180  00000180  00000000  RWIX
  GPIODAT               00007f00   00000030  00000030  00000000  RWIX
  RAMGS0                0000a000   00012000  000107c8  00001838  RWIX
  EMIF1                 00047000   00000800  00000070  00000790  RWIX
  EMIF2                 00047800   00000800  00000070  00000790  RWIX
  FLASHPUMPSEMAPHORE    00050024   00000002  00000002  00000000  RWIX
  DEV_CFG               0005d000   00000180  0000012e  00000052  RWIX
  ANALOG_SUBSYS         0005d180   00000080  00000048  00000038  RWIX
  CLK_CFG               0005d200   00000100  00000032  000000ce  RWIX
  CPU_SYS               0005d300   00000100  00000082  0000007e  RWIX
  ROMPREFETCH           0005e608   00000002  00000002  00000000  RWIX
  DCSM_Z1               0005f000   00000030  00000024  0000000c  RWIX
  DCSM_Z2               0005f040   00000030  00000024  0000000c  RWIX
  DCSM_COMMON           0005f070   00000010  00000008  00000008  RWIX
  MEMCFG                0005f400   00000080  00000080  00000000  RWIX
  EMIF1CONFIG           0005f480   00000020  00000020  00000000  RWIX
  EMIF2CONFIG           0005f4a0   00000020  00000020  00000000  RWIX
  ACCESSPROTECTION      0005f4c0   00000040  00000040  00000000  RWIX
  MEMORYERROR           0005f500   00000040  00000040  00000000  RWIX
  ROMWAITSTATE          0005f540   00000002  00000002  00000000  RWIX
  FLASH0_CTRL           0005f800   00000300  00000182  0000017e  RWIX
  FLASH0_ECC            0005fb00   00000040  00000028  00000018  RWIX
  FLASH1_CTRL           0005fc00   00000300  00000182  0000017e  RWIX
  FLASH1_ECC            0005ff00   00000040  00000028  00000018  RWIX
  DCSM_Z1_OTP           00078000   00000020  00000020  00000000  RWIX
  DCSM_Z2_OTP           00078200   00000020  00000020  00000000  RWIX


SECTION ALLOCATION MAP

 output                                  attributes/
section   page    origin      length       input sections
--------  ----  ----------  ----------   ----------------
.stack     0    00000000    00000400     UNINITIALIZED
                  00000000    00000400     --HOLE--

ramfuncs   0    00008000    00000000     UNINITIALIZED

codestart 
*          0    00080000    00000002     
                  00080000    00000002     START.obj (codestart)

.cinit     0    00082000    000000cb     
                  00082000    0000001c     IR.obj (.cinit)
                  0008201c    00000019     SYSTEM.obj (.cinit)
                  00082035    00000018     UART.obj (.cinit)
                  0008204d    00000016     AUDIO.obj (.cinit)
                  00082063    00000015     TV.obj (.cinit)
                  00082078    00000010     PWM.obj (.cinit)
                  00082088    0000000c     CMD.obj (.cinit)
                  00082094    0000000a     rts2800_fpu32.lib : exit.obj (.cinit)
                  0008209e    00000009     LED.obj (.cinit)
                  000820a7    00000008     TIMERS.obj (.cinit)
                  000820af    00000005     rts2800_fpu32.lib : _lock.obj (.cinit:__lock)
                  000820b4    00000005                       : _lock.obj (.cinit:__unlock)
                  000820b9    00000004     BUTTON.obj (.cinit)
                  000820bd    00000004     RELAY.obj (.cinit)
                  000820c1    00000004     TOGGLE.obj (.cinit)
                  000820c5    00000004     rts2800_fpu32.lib : errno.obj (.cinit)
                  000820c9    00000002     --HOLE-- [fill = 0]

.pinit     0    00082000    00000000     UNINITIALIZED

.text.1    0    000820cc    00001f33     
                  000820cc    00000c01     rts2800_fpu32.lib : _printfi.obj (.text)
                  00082ccd    00000556     TV.obj (.text)
                  00083223    00000507     INTERRUPTS.obj (.text:retain)
                  0008372a    000004ba     UART.obj (.text)
                  00083be4    00000367     IR.obj (.text)
                  00083f4b    000000b4     AUDIO.obj (.text)

.text.2    0    00084000    00001921     
                  00084000    00000434     CMD.obj (.text)
                  00084434    00000362     SYSTEM.obj (.text)
                  00084796    00000293     main.obj (.text)
                  00084a29    000001bb     MISC.obj (.text)
                  00084be4    000001b2     TIMERS.obj (.text)
                  00084d96    00000194     ADC.obj (.text)
                  00084f2a    00000193     PWM.obj (.text)
                  000850bd    0000010a     USER.obj (.text)
                  000851c7    00000107     rts2800_fpu32.lib : ll_div.obj (.text)
                  000852ce    000000a0     LED.obj (.text)
                  0008536e    0000009c     rts2800_fpu32.lib : fd_add.obj (.text)
                  0008540a    0000008b                       : fd_div.obj (.text)
                  00085495    00000083                       : fd_mpy.obj (.text)
                  00085518    00000065     RELAY.obj (.text)
                  0008557d    00000046     TOGGLE.obj (.text)
                  000855c3    00000046     rts2800_fpu32.lib : boot.obj (.text)
                  00085609    00000042     BUTTON.obj (.text)
                  0008564b    00000034     rts2800_fpu32.lib : ldexp.obj (.text)
                  0008567f    00000032                       : sprintf.obj (.text)
                  000856b1    00000031                       : atoi.obj (.text)
                  000856e2    0000002e                       : ltoa.obj (.text)
                  00085710    0000002a                       : fd_cmp.obj (.text)
                  0008573a    0000002a                       : l_div.obj (.text)
                  00085764    00000023                       : fd_tofs.obj (.text)
                  00085787    00000021                       : fd_toi.obj (.text)
                  000857a8    0000001f                       : fd_tol.obj (.text)
                  000857c7    0000001e                       : ll_cmp.obj (.text)
                  000857e5    0000001e                       : memcpy.obj (.text)
                  00085803    0000001d                       : i_tofd.obj (.text)
                  00085820    0000001c                       : fs_tofd.obj (.text)
                  0008583c    0000001c                       : l_tofd.obj (.text)
                  00085858    00000019                       : args_main.obj (.text)
                  00085871    00000019                       : exit.obj (.text)
                  0008588a    00000018                       : ll_aox.obj (.text)
                  000858a2    00000016     BLUETOOTH.obj (.text)
                  000858b8    00000016     rts2800_fpu32.lib : frexp.obj (.text)
                  000858ce    0000000e                       : fd_sub.obj (.text)
                  000858dc    0000000e                       : memccpy.obj (.text)
                  000858ea    0000000c                       : memset.obj (.text)
                  000858f6    0000000c                       : strchr.obj (.text)
                  00085902    00000009                       : _lock.obj (.text)
                  0008590b    00000009                       : fd_neg.obj (.text)
                  00085914    00000008                       : strlen.obj (.text)
                  0008591c    00000005                       : strcpy.obj (.text)

.econst    0    00090000    00000e49     
                  00090000    00000674     CMD.obj (.econst:_Commands)
                  00090674    00000252     IR.obj (.econst:_Sanyo)
                  000908c6    000001db     CMD.obj (.econst:.string)
                  00090aa1    00000101     rts2800_fpu32.lib : ctype.obj (.econst:.string:__ctypes_)
                  00090ba2    000000a1     main.obj (.econst:.string)
                  00090c43    00000001     --HOLE-- [fill = 0]
                  00090c44    00000086     UART.obj (.econst:.string)
                  00090cca    00000084     IR.obj (.econst:_Idylis)
                  00090d4e    0000006e     IR.obj (.econst:_Visio)
                  00090dbc    0000003e     TV.obj (.econst:_SKYPE_Codes)
                  00090dfa    00000026     rts2800_fpu32.lib : _printfi.obj (.econst:.string)
                  00090e20    0000001c                       : _printfi.obj (.econst)
                  00090e3c    0000000d     TV.obj (.econst:.string)

AdcaResultFile 
*          1    00000b00    00000018     UNINITIALIZED
                  00000b00    00000018     F28377S.obj (AdcaResultFile)

AdcbResultFile 
*          1    00000b20    00000018     UNINITIALIZED
                  00000b20    00000018     F28377S.obj (AdcbResultFile)

AdccResultFile 
*          1    00000b40    00000018     UNINITIALIZED
                  00000b40    00000018     F28377S.obj (AdccResultFile)

AdcdResultFile 
*          1    00000b60    00000018     UNINITIALIZED
                  00000b60    00000018     F28377S.obj (AdcdResultFile)

CpuTimer0RegsFile 
*          1    00000c00    00000008     UNINITIALIZED
                  00000c00    00000008     F28377S.obj (CpuTimer0RegsFile)

CpuTimer1RegsFile 
*          1    00000c08    00000008     UNINITIALIZED
                  00000c08    00000008     F28377S.obj (CpuTimer1RegsFile)

CpuTimer2RegsFile 
*          1    00000c10    00000008     UNINITIALIZED
                  00000c10    00000008     F28377S.obj (CpuTimer2RegsFile)

PieCtrlRegsFile 
*          1    00000ce0    0000001a     UNINITIALIZED
                  00000ce0    0000001a     F28377S.obj (PieCtrlRegsFile)

PieVectTableFile 
*          1    00000d00    000001c0     UNINITIALIZED
                  00000d00    000001c0     F28377S.obj (PieVectTableFile)

EmuKeyVar 
*          1    00000d00    00000001     UNINITIALIZED
                  00000d00    00000001     F28377S.obj (EmuKeyVar)

EmuBModeVar 
*          1    00000d01    00000001     UNINITIALIZED
                  00000d01    00000001     F28377S.obj (EmuBModeVar)

FlashCallbackVar 
*          1    00000d02    00000000     UNINITIALIZED

FlashScalingVar 
*          1    00000d02    00000000     UNINITIALIZED

DmaRegsFile 
*          1    00001000    000000e0     UNINITIALIZED
                  00001000    000000e0     F28377S.obj (DmaRegsFile)

Cla1RegsFile 
*          1    00001400    0000003e     UNINITIALIZED
                  00001400    0000003e     F28377S.obj (Cla1RegsFile)

EPwm1RegsFile 
*          1    00004000    00000100     UNINITIALIZED
                  00004000    00000100     F28377S.obj (EPwm1RegsFile)

EPwm2RegsFile 
*          1    00004100    00000100     UNINITIALIZED
                  00004100    00000100     F28377S.obj (EPwm2RegsFile)

EPwm3RegsFile 
*          1    00004200    00000100     UNINITIALIZED
                  00004200    00000100     F28377S.obj (EPwm3RegsFile)

EPwm4RegsFile 
*          1    00004300    00000100     UNINITIALIZED
                  00004300    00000100     F28377S.obj (EPwm4RegsFile)

EPwm5RegsFile 
*          1    00004400    00000100     UNINITIALIZED
                  00004400    00000100     F28377S.obj (EPwm5RegsFile)

EPwm6RegsFile 
*          1    00004500    00000100     UNINITIALIZED
                  00004500    00000100     F28377S.obj (EPwm6RegsFile)

EPwm7RegsFile 
*          1    00004600    00000100     UNINITIALIZED
                  00004600    00000100     F28377S.obj (EPwm7RegsFile)

EPwm8RegsFile 
*          1    00004700    00000100     UNINITIALIZED
                  00004700    00000100     F28377S.obj (EPwm8RegsFile)

EPwm9RegsFile 
*          1    00004800    00000100     UNINITIALIZED
                  00004800    00000100     F28377S.obj (EPwm9RegsFile)

EPwm10RegsFile 
*          1    00004900    00000100     UNINITIALIZED
                  00004900    00000100     F28377S.obj (EPwm10RegsFile)

EPwm11RegsFile 
*          1    00004a00    00000100     UNINITIALIZED
                  00004a00    00000100     F28377S.obj (EPwm11RegsFile)

EPwm12RegsFile 
*          1    00004b00    00000100     UNINITIALIZED
                  00004b00    00000100     F28377S.obj (EPwm12RegsFile)

ECap1RegsFile 
*          1    00005000    00000020     UNINITIALIZED
                  00005000    00000020     F28377S.obj (ECap1RegsFile)

ECap2RegsFile 
*          1    00005020    00000020     UNINITIALIZED
                  00005020    00000020     F28377S.obj (ECap2RegsFile)

ECap3RegsFile 
*          1    00005040    00000020     UNINITIALIZED
                  00005040    00000020     F28377S.obj (ECap3RegsFile)

ECap4RegsFile 
*          1    00005060    00000020     UNINITIALIZED
                  00005060    00000020     F28377S.obj (ECap4RegsFile)

ECap5RegsFile 
*          1    00005080    00000020     UNINITIALIZED
                  00005080    00000020     F28377S.obj (ECap5RegsFile)

ECap6RegsFile 
*          1    000050a0    00000020     UNINITIALIZED
                  000050a0    00000020     F28377S.obj (ECap6RegsFile)

EQep1RegsFile 
*          1    00005100    00000022     UNINITIALIZED
                  00005100    00000022     F28377S.obj (EQep1RegsFile)

EQep2RegsFile 
*          1    00005140    00000022     UNINITIALIZED
                  00005140    00000022     F28377S.obj (EQep2RegsFile)

EQep3RegsFile 
*          1    00005180    00000022     UNINITIALIZED
                  00005180    00000022     F28377S.obj (EQep3RegsFile)

DacaRegsFile 
*          1    00005c00    00000008     UNINITIALIZED
                  00005c00    00000008     F28377S.obj (DacaRegsFile)

DacbRegsFile 
*          1    00005c10    00000008     UNINITIALIZED
                  00005c10    00000008     F28377S.obj (DacbRegsFile)

DaccRegsFile 
*          1    00005c20    00000008     UNINITIALIZED
                  00005c20    00000008     F28377S.obj (DaccRegsFile)

Cmpss1RegsFile 
*          1    00005c80    00000020     UNINITIALIZED
                  00005c80    00000020     F28377S.obj (Cmpss1RegsFile)

Cmpss2RegsFile 
*          1    00005ca0    00000020     UNINITIALIZED
                  00005ca0    00000020     F28377S.obj (Cmpss2RegsFile)

Cmpss3RegsFile 
*          1    00005cc0    00000020     UNINITIALIZED
                  00005cc0    00000020     F28377S.obj (Cmpss3RegsFile)

Cmpss4RegsFile 
*          1    00005ce0    00000020     UNINITIALIZED
                  00005ce0    00000020     F28377S.obj (Cmpss4RegsFile)

Cmpss5RegsFile 
*          1    00005d00    00000020     UNINITIALIZED
                  00005d00    00000020     F28377S.obj (Cmpss5RegsFile)

Cmpss6RegsFile 
*          1    00005d20    00000020     UNINITIALIZED
                  00005d20    00000020     F28377S.obj (Cmpss6RegsFile)

Cmpss7RegsFile 
*          1    00005d40    00000020     UNINITIALIZED
                  00005d40    00000020     F28377S.obj (Cmpss7RegsFile)

Cmpss8RegsFile 
*          1    00005d60    00000020     UNINITIALIZED
                  00005d60    00000020     F28377S.obj (Cmpss8RegsFile)

Sdfm1RegsFile 
*          1    00005e00    00000080     UNINITIALIZED
                  00005e00    00000080     F28377S.obj (Sdfm1RegsFile)

Sdfm2RegsFile 
*          1    00005e80    00000080     UNINITIALIZED
                  00005e80    00000080     F28377S.obj (Sdfm2RegsFile)

McbspaRegsFile 
*          1    00006000    00000024     UNINITIALIZED
                  00006000    00000024     F28377S.obj (McbspaRegsFile)

McbspbRegsFile 
*          1    00006040    00000024     UNINITIALIZED
                  00006040    00000024     F28377S.obj (McbspbRegsFile)

SpiaRegsFile 
*          1    00006100    00000010     UNINITIALIZED
                  00006100    00000010     F28377S.obj (SpiaRegsFile)

SpibRegsFile 
*          1    00006110    00000010     UNINITIALIZED
                  00006110    00000010     F28377S.obj (SpibRegsFile)

SpicRegsFile 
*          1    00006120    00000010     UNINITIALIZED
                  00006120    00000010     F28377S.obj (SpicRegsFile)

UppRegsFile 
*          1    00006200    00000048     UNINITIALIZED
                  00006200    00000048     F28377S.obj (UppRegsFile)

WdRegsFile 
*          1    00007000    0000002b     UNINITIALIZED
                  00007000    0000002b     F28377S.obj (WdRegsFile)

NmiIntruptRegsFile 
*          1    00007060    00000007     UNINITIALIZED
                  00007060    00000007     F28377S.obj (NmiIntruptRegsFile)

XintRegsFile 
*          1    00007070    0000000b     UNINITIALIZED
                  00007070    0000000b     F28377S.obj (XintRegsFile)

SciaRegsFile 
*          1    00007200    00000010     UNINITIALIZED
                  00007200    00000010     F28377S.obj (SciaRegsFile)

ScibRegsFile 
*          1    00007210    00000010     UNINITIALIZED
                  00007210    00000010     F28377S.obj (ScibRegsFile)

ScicRegsFile 
*          1    00007220    00000010     UNINITIALIZED
                  00007220    00000010     F28377S.obj (ScicRegsFile)

ScidRegsFile 
*          1    00007230    00000010     UNINITIALIZED
                  00007230    00000010     F28377S.obj (ScidRegsFile)

I2caRegsFile 
*          1    00007300    00000022     UNINITIALIZED
                  00007300    00000022     F28377S.obj (I2caRegsFile)

I2cbRegsFile 
*          1    00007340    00000022     UNINITIALIZED
                  00007340    00000022     F28377S.obj (I2cbRegsFile)

AdcaRegsFile 
*          1    00007400    00000080     UNINITIALIZED
                  00007400    00000080     F28377S.obj (AdcaRegsFile)

AdcbRegsFile 
*          1    00007480    00000080     UNINITIALIZED
                  00007480    00000080     F28377S.obj (AdcbRegsFile)

AdccRegsFile 
*          1    00007500    00000080     UNINITIALIZED
                  00007500    00000080     F28377S.obj (AdccRegsFile)

AdcdRegsFile 
*          1    00007580    00000080     UNINITIALIZED
                  00007580    00000080     F28377S.obj (AdcdRegsFile)

InputXbarRegsFile 
*          1    00007900    00000020     UNINITIALIZED
                  00007900    00000020     F28377S.obj (InputXbarRegsFile)

XbarRegsFile 
*          1    00007920    00000020     UNINITIALIZED
                  00007920    00000020     F28377S.obj (XbarRegsFile)

SyncSocRegsFile 
*          1    00007940    00000006     UNINITIALIZED
                  00007940    00000006     F28377S.obj (SyncSocRegsFile)

DmaClaSrcSelRegsFile 
*          1    00007980    0000001a     UNINITIALIZED
                  00007980    0000001a     F28377S.obj (DmaClaSrcSelRegsFile)

EPwmXbarRegsFile 
*          1    00007a00    00000040     UNINITIALIZED
                  00007a00    00000040     F28377S.obj (EPwmXbarRegsFile)

OutputXbarRegsFile 
*          1    00007a80    00000040     UNINITIALIZED
                  00007a80    00000040     F28377S.obj (OutputXbarRegsFile)

GpioCtrlRegsFile 
*          1    00007c00    00000180     UNINITIALIZED
                  00007c00    00000180     F28377S.obj (GpioCtrlRegsFile)

GpioDataRegsFile 
*          1    00007f00    00000030     UNINITIALIZED
                  00007f00    00000030     F28377S.obj (GpioDataRegsFile)

.ebss      1    0000a000    000107c8     UNINITIALIZED
                  0000a000    0000fe40     AUDIO.obj (.ebss)
                  00019e40    00000408     UART.obj (.ebss)
                  0001a248    0000000c     TV.obj (.ebss)
                  0001a254    0000000a     SYSTEM.obj (.ebss)
                  0001a25e    00000004     LED.obj (.ebss)
                  0001a262    00000004     PWM.obj (.ebss)
                  0001a266    00000004     rts2800_fpu32.lib : exit.obj (.ebss)
                  0001a26a    00000002     TIMERS.obj (.ebss)
                  0001a26c    00000002     rts2800_fpu32.lib : _lock.obj (.ebss:__lock)
                  0001a26e    00000002                       : _lock.obj (.ebss:__unlock)
                  0001a270    00000001     BUTTON.obj (.ebss)
                  0001a271    00000001     RELAY.obj (.ebss)
                  0001a272    00000001     TOGGLE.obj (.ebss)
                  0001a273    00000001     rts2800_fpu32.lib : errno.obj (.ebss)
                  0001a274    0000000c     --HOLE--
                  0001a280    00000390     IR.obj (.ebss)
                  0001a610    00000030     --HOLE--
                  0001a640    00000188     CMD.obj (.ebss)

.reset     0    003fffc0    00000002     DSECT
                  003fffc0    00000002     rts2800_fpu32.lib : boot.obj (.reset)

AnalogSubsysRegsFile 
*          1    0005d180    00000048     UNINITIALIZED
                  0005d180    00000048     F28377S.obj (AnalogSubsysRegsFile)

Cla1SoftIntRegsFile 
*          1    00000ce0    00000004     DSECT
                  00000ce0    00000004     F28377S.obj (Cla1SoftIntRegsFile)

Emif1RegsFile 
*          1    00047000    00000070     UNINITIALIZED
                  00047000    00000070     F28377S.obj (Emif1RegsFile)

Emif2RegsFile 
*          1    00047800    00000070     UNINITIALIZED
                  00047800    00000070     F28377S.obj (Emif2RegsFile)

FlashPumpSemaphoreRegsFile 
*          1    00050024    00000002     UNINITIALIZED
                  00050024    00000002     F28377S.obj (FlashPumpSemaphoreRegsFile)

DevCfgRegsFile 
*          1    0005d000    0000012e     UNINITIALIZED
                  0005d000    0000012e     F28377S.obj (DevCfgRegsFile)

ClkCfgRegsFile 
*          1    0005d200    00000032     UNINITIALIZED
                  0005d200    00000032     F28377S.obj (ClkCfgRegsFile)

CpuSysRegsFile 
*          1    0005d300    00000082     UNINITIALIZED
                  0005d300    00000082     F28377S.obj (CpuSysRegsFile)

RomPrefetchRegsFile 
*          1    0005e608    00000002     UNINITIALIZED
                  0005e608    00000002     F28377S.obj (RomPrefetchRegsFile)

DcsmZ1RegsFile 
*          1    0005f000    00000024     UNINITIALIZED
                  0005f000    00000024     F28377S.obj (DcsmZ1RegsFile)

DcsmZ2RegsFile 
*          1    0005f040    00000024     UNINITIALIZED
                  0005f040    00000024     F28377S.obj (DcsmZ2RegsFile)

DcsmCommonRegsFile 
*          1    0005f070    00000008     UNINITIALIZED
                  0005f070    00000008     F28377S.obj (DcsmCommonRegsFile)

MemCfgRegsFile 
*          1    0005f400    00000080     UNINITIALIZED
                  0005f400    00000080     F28377S.obj (MemCfgRegsFile)

Emif1ConfigRegsFile 
*          1    0005f480    00000020     UNINITIALIZED
                  0005f480    00000020     F28377S.obj (Emif1ConfigRegsFile)

Emif2ConfigRegsFile 
*          1    0005f4a0    00000020     UNINITIALIZED
                  0005f4a0    00000020     F28377S.obj (Emif2ConfigRegsFile)

AccessProtectionRegsFile 
*          1    0005f4c0    00000040     UNINITIALIZED
                  0005f4c0    00000040     F28377S.obj (AccessProtectionRegsFile)

MemoryErrorRegsFile 
*          1    0005f500    00000040     UNINITIALIZED
                  0005f500    00000040     F28377S.obj (MemoryErrorRegsFile)

RomWaitStateRegsFile 
*          1    0005f540    00000002     UNINITIALIZED
                  0005f540    00000002     F28377S.obj (RomWaitStateRegsFile)

Flash0CtrlRegsFile 
*          1    0005f800    00000182     UNINITIALIZED
                  0005f800    00000182     F28377S.obj (Flash0CtrlRegsFile)

Flash0EccRegsFile 
*          1    0005fb00    00000028     UNINITIALIZED
                  0005fb00    00000028     F28377S.obj (Flash0EccRegsFile)

Flash1CtrlRegsFile 
*          1    0005fc00    00000182     UNINITIALIZED
                  0005fc00    00000182     F28377S.obj (Flash1CtrlRegsFile)

Flash1EccRegsFile 
*          1    0005ff00    00000028     UNINITIALIZED
                  0005ff00    00000028     F28377S.obj (Flash1EccRegsFile)

DcsmZ1OtpFile 
*          1    00078000    00000020     NOLOAD SECTION
                  00078000    00000020     F28377S.obj (DcsmZ1OtpFile)

DcsmZ2OtpFile 
*          1    00078200    00000020     NOLOAD SECTION
                  00078200    00000020     F28377S.obj (DcsmZ2OtpFile)


GLOBAL DATA SYMBOLS: SORTED BY DATA PAGE

address     data page           name
--------    ----------------    ----
00000000       0 (00000000)     __stack

00000b00      2c (00000b00)     _AdcaResultRegs
00000b20      2c (00000b00)     _AdcbResultRegs

00000b40      2d (00000b40)     _AdccResultRegs
00000b60      2d (00000b40)     _AdcdResultRegs

00000c00      30 (00000c00)     _CpuTimer0Regs
00000c08      30 (00000c00)     _CpuTimer1Regs
00000c10      30 (00000c00)     _CpuTimer2Regs

00000ce0      33 (00000cc0)     _Cla1SoftIntRegs
00000ce0      33 (00000cc0)     _PieCtrlRegs

00000d00      34 (00000d00)     _EmuKey
00000d00      34 (00000d00)     _PieVectTable
00000d01      34 (00000d00)     _EmuBMode

00001000      40 (00001000)     _DmaRegs

00001400      50 (00001400)     _Cla1Regs

00004000     100 (00004000)     _EPwm1Regs

00004100     104 (00004100)     _EPwm2Regs

00004200     108 (00004200)     _EPwm3Regs

00004300     10c (00004300)     _EPwm4Regs

00004400     110 (00004400)     _EPwm5Regs

00004500     114 (00004500)     _EPwm6Regs

00004600     118 (00004600)     _EPwm7Regs

00004700     11c (00004700)     _EPwm8Regs

00004800     120 (00004800)     _EPwm9Regs

00004900     124 (00004900)     _EPwm10Regs

00004a00     128 (00004a00)     _EPwm11Regs

00004b00     12c (00004b00)     _EPwm12Regs

00005000     140 (00005000)     _ECap1Regs
00005020     140 (00005000)     _ECap2Regs

00005040     141 (00005040)     _ECap3Regs
00005060     141 (00005040)     _ECap4Regs

00005080     142 (00005080)     _ECap5Regs
000050a0     142 (00005080)     _ECap6Regs

00005100     144 (00005100)     _EQep1Regs

00005140     145 (00005140)     _EQep2Regs

00005180     146 (00005180)     _EQep3Regs

00005c00     170 (00005c00)     _DacaRegs
00005c10     170 (00005c00)     _DacbRegs
00005c20     170 (00005c00)     _DaccRegs

00005c80     172 (00005c80)     _Cmpss1Regs
00005ca0     172 (00005c80)     _Cmpss2Regs

00005cc0     173 (00005cc0)     _Cmpss3Regs
00005ce0     173 (00005cc0)     _Cmpss4Regs

00005d00     174 (00005d00)     _Cmpss5Regs
00005d20     174 (00005d00)     _Cmpss6Regs

00005d40     175 (00005d40)     _Cmpss7Regs
00005d60     175 (00005d40)     _Cmpss8Regs

00005e00     178 (00005e00)     _Sdfm1Regs

00005e80     17a (00005e80)     _Sdfm2Regs

00006000     180 (00006000)     _McbspaRegs

00006040     181 (00006040)     _McbspbRegs

00006100     184 (00006100)     _SpiaRegs
00006110     184 (00006100)     _SpibRegs
00006120     184 (00006100)     _SpicRegs

00006200     188 (00006200)     _UppRegs

00007000     1c0 (00007000)     _WdRegs

00007060     1c1 (00007040)     _NmiIntruptRegs
00007070     1c1 (00007040)     _XintRegs

00007200     1c8 (00007200)     _SciaRegs
00007210     1c8 (00007200)     _ScibRegs
00007220     1c8 (00007200)     _ScicRegs
00007230     1c8 (00007200)     _ScidRegs

00007300     1cc (00007300)     _I2caRegs

00007340     1cd (00007340)     _I2cbRegs

00007400     1d0 (00007400)     _AdcaRegs

00007480     1d2 (00007480)     _AdcbRegs

00007500     1d4 (00007500)     _AdccRegs

00007580     1d6 (00007580)     _AdcdRegs

00007900     1e4 (00007900)     _InputXbarRegs
00007920     1e4 (00007900)     _XbarRegs

00007940     1e5 (00007940)     _SyncSocRegs

00007980     1e6 (00007980)     _DmaClaSrcSelRegs

00007a00     1e8 (00007a00)     _EPwmXbarRegs

00007a80     1ea (00007a80)     _OutputXbarRegs

00007c00     1f0 (00007c00)     _GpioCtrlRegs

00007f00     1fc (00007f00)     _GpioDataRegs

0000a000     280 (0000a000)     _AudioProcessing
0000a001     280 (0000a000)     _AudioProcessingSampleSmall
0000a002     280 (0000a000)     _SSRelayOnCount
0000a003     280 (0000a000)     _Audio_ADC_Counts_LowPass_place
0000a004     280 (0000a000)     _SSRelayAntiTwitchCount
0000a005     280 (0000a000)     _AudioVU
0000a007     280 (0000a000)     _Audio_ADC_Counts_Unfiltered_place
0000a008     280 (0000a000)     _AudioProcessingSampleLarge
0000a00a     280 (0000a000)     _AudioProcess2
0000a00c     280 (0000a000)     _AudioProcess1

0000a040     281 (0000a040)     _Audio_ADC_Counts_Unfiltered_Buffer

0000a440     291 (0000a440)     _Audio_ADC_Counts_LowPass_Buffer

00019e40     679 (00019e40)     _TX_A_Buffer_ADD_Place
00019e41     679 (00019e40)     _RX_C_Buffer_Place
00019e42     679 (00019e40)     _TX_A_Buffer_REMOVE_Place
00019e43     679 (00019e40)     _RX_A_Buffer_Place
00019e44     679 (00019e40)     _TX_C_Buffer_ADD_Place
00019e45     679 (00019e40)     _TX_C_Buffer_REMOVE_Place

00019e80     67a (00019e80)     _TX_C_Buffer

00019f80     67e (00019f80)     _RX_C_Buffer

0001a080     682 (0001a080)     _TX_A_Buffer

0001a180     686 (0001a180)     _RX_A_Buffer

0001a248     689 (0001a240)     _Original_TV_inputMode
0001a24c     689 (0001a240)     _TV_SKYPE_Audio_Code_Started
0001a24d     689 (0001a240)     _NumSKYPE
0001a24e     689 (0001a240)     _Original_TV_Power
0001a24f     689 (0001a240)     _Current_TV_Power
0001a250     689 (0001a240)     _Current_TV_inputMode
0001a252     689 (0001a240)     _TV_SKYPE_Audio_ProtocolTotalMicroseconds
0001a254     689 (0001a240)     _SYSCLK
0001a256     689 (0001a240)     _PLLSYSCLK
0001a258     689 (0001a240)     _CPU_FREQ
0001a25a     689 (0001a240)     _EPWMCLK
0001a25c     689 (0001a240)     _LSPCLK
0001a262     689 (0001a240)     _PeriodLowpass
0001a263     689 (0001a240)     _Period38kHz
0001a266     689 (0001a240)     ___TI_cleanup_ptr
0001a268     689 (0001a240)     ___TI_dtors_ptr
0001a26c     689 (0001a240)     __lock
0001a26e     689 (0001a240)     __unlock
0001a271     689 (0001a240)     _RLY_SSRelayDuty
0001a273     689 (0001a240)     _errno

0001a280     68a (0001a280)     _IR_NEC_Start
0001a281     68a (0001a280)     _NumVisio
0001a283     68a (0001a280)     _NEC_REPEAT
0001a284     68a (0001a280)     _IR_Receive_Timing_place
0001a285     68a (0001a280)     _NumSanyo
0001a286     68a (0001a280)     _NumIdylis
0001a288     68a (0001a280)     _NEC

0001a2c0     68b (0001a2c0)     _IR_Receive_Timing_MicroSeconds

0001a480     692 (0001a480)     _IR_Receive_Timing_Counts

0001a642     699 (0001a640)     _NumCommands
0001a644     699 (0001a640)     _CommandStringC

0001a680     69a (0001a680)     _MiscBuffer

0001a6c0     69b (0001a6c0)     _CommandStringA

0001a700     69c (0001a700)     _SPRINTBuffer

00047000    11c0 (00047000)     _Emif1Regs

00047800    11e0 (00047800)     _Emif2Regs

00050024    1400 (00050000)     _FlashPumpSemaphoreRegs

0005d000    1740 (0005d000)     _DevCfgRegs

0005d180    1746 (0005d180)     _AnalogSubsysRegs

0005d200    1748 (0005d200)     _ClkCfgRegs

0005d300    174c (0005d300)     _CpuSysRegs

0005e608    1798 (0005e600)     _RomPrefetchRegs

0005f000    17c0 (0005f000)     _DcsmZ1Regs

0005f040    17c1 (0005f040)     _DcsmZ2Regs
0005f070    17c1 (0005f040)     _DcsmCommonRegs

0005f400    17d0 (0005f400)     _MemCfgRegs

0005f480    17d2 (0005f480)     _Emif1ConfigRegs
0005f4a0    17d2 (0005f480)     _Emif2ConfigRegs

0005f4c0    17d3 (0005f4c0)     _AccessProtectionRegs

0005f500    17d4 (0005f500)     _MemoryErrorRegs

0005f540    17d5 (0005f540)     _RomWaitStateRegs

0005f800    17e0 (0005f800)     _Flash0CtrlRegs

0005fb00    17ec (0005fb00)     _Flash0EccRegs

0005fc00    17f0 (0005fc00)     _Flash1CtrlRegs

0005ff00    17fc (0005ff00)     _Flash1EccRegs

00078000    1e00 (00078000)     _DcsmZ1Otp

00078200    1e08 (00078200)     _DcsmZ2Otp

00090000    2400 (00090000)     _Commands

00090674    2419 (00090640)     _Sanyo

00090aa1    242a (00090a80)     __ctypes_

00090cca    2433 (00090cc0)     _Idylis

00090d4e    2435 (00090d40)     _Visio

00090dbc    2436 (00090d80)     _SKYPE_Codes


GLOBAL SYMBOLS: SORTED ALPHABETICALLY BY Name 

page  address   name                                     
----  -------   ----                                     
abs   ffffffff  .text                                    
0     00085871  C$$EXIT                                  
0     0008536e  FD$$ADD                                  
0     00085710  FD$$CMP                                  
0     0008540a  FD$$DIV                                  
0     00085495  FD$$MPY                                  
0     0008590b  FD$$NEG                                  
0     000858ce  FD$$SUB                                  
0     00085764  FD$$TOFS                                 
0     00085787  FD$$TOI                                  
0     000857a8  FD$$TOL                                  
0     00085820  FS$$TOFD                                 
0     00085803  I$$TOFD                                  
0     0008573a  L$$DIV                                   
0     00085749  L$$MOD                                   
0     0008583c  L$$TOFD                                  
0     0008588a  LL$$AND                                  
0     000857c7  LL$$CMP                                  
0     000851c7  LL$$DIV                                  
0     00085203  LL$$MOD                                  
0     00085892  LL$$OR                                   
0     0008589a  LL$$XOR                                  
0     00085757  UL$$DIV                                  
0     0008575e  UL$$MOD                                  
0     000857d9  ULL$$CMP                                 
0     0008523d  ULL$$DIV                                 
0     0008526c  ULL$$MOD                                 
0     00084ef4  _ADC_BusyA                               
0     00084f1b  _ADC_ForceSampleA                        
0     00084f20  _ADC_GetStatusA                          
0     00084efc  _ADC_InterruptA                          
0     00084e73  _ADC_LoadTrim                            
0     00084dc0  _ADC_ModuleA                             
0     00084dcf  _ADC_SetMode                             
0     00084eb1  _ADC_SetupContinuousA                    
0     00083f74  _AUD_ClearSampleReadyFlag                
0     00083f78  _AUD_GetSampleReadyFlag                  
0     00083fe2  _AUD_LOWPASS_ClockModulePins             
0     00083fd3  _AUD_LOWPASS_Shutdown                    
0     00083f7c  _AUD_Process                             
0     00083f62  _AUD_Sampling                            
0     00083f6f  _AUD_SetSampleReadyFlag                  
0     00083fb2  _AUD_ShiftoutBuffer                      
1     0005f4c0  _AccessProtectionRegs                    
1     00007400  _AdcaRegs                                
1     00000b00  _AdcaResultRegs                          
1     00007480  _AdcbRegs                                
1     00000b20  _AdcbResultRegs                          
1     00007500  _AdccRegs                                
1     00000b40  _AdccResultRegs                          
1     00007580  _AdcdRegs                                
1     00000b60  _AdcdResultRegs                          
1     0005d180  _AnalogSubsysRegs                        
1     0000a00c  _AudioProcess1                           
1     0000a00a  _AudioProcess2                           
1     0000a000  _AudioProcessing                         
1     0000a008  _AudioProcessingSampleLarge              
1     0000a001  _AudioProcessingSampleSmall              
1     0000a005  _AudioVU                                 
1     0000a440  _Audio_ADC_Counts_LowPass_Buffer         
1     0000a003  _Audio_ADC_Counts_LowPass_place          
1     0000a040  _Audio_ADC_Counts_Unfiltered_Buffer      
1     0000a007  _Audio_ADC_Counts_Unfiltered_place       
0     000858a5  _BLUE_ATCommand                          
0     00085625  _BUT_ButtonInterrupt                     
0     00085647  _BUT_GetButtonFlag                       
0     00085640  _BUT_SetButtonFlag                       
0     0008402f  _CMD_CheckMatch                          
0     000840b8  _CMD_CommandSize                         
0     000843ff  _CMD_DecreaseLargeAverage                
0     00084422  _CMD_DecreaseSmallAverage                
0     00084398  _CMD_GetActiveUART                       
0     000840b0  _CMD_GetNewCommandFlagA                  
0     000840b4  _CMD_GetNewCommandFlagC                  
0     000843f3  _CMD_GoToOriginal                        
0     000843f0  _CMD_GoToSKYPE                           
0     00084005  _CMD_Help                                
0     000843f6  _CMD_IncreaseLargeAverage                
0     00084410  _CMD_IncreaseSmallAverage                
0     0008439c  _CMD_InitBluetooth                       
0     00084149  _CMD_PrintAllCommands                    
0     000840f0  _CMD_PrintCommand                        
0     000842e9  _CMD_SendIdylis                          
0     00084199  _CMD_SendSanyo                           
0     00084241  _CMD_SendVisio                           
0     00084391  _CMD_SetActiveUART                       
0     000840a2  _CMD_SetNewCommandFlagA                  
0     000840a9  _CMD_SetNewCommandFlagC                  
0     0008442f  _CMD_VUAll                               
0     0008442b  _CMD_VULowpass                           
1     0001a258  _CPU_FREQ                                
1     00001400  _Cla1Regs                                
0     00000ce0  _Cla1SoftIntRegs                         
1     0005d200  _ClkCfgRegs                              
1     00005c80  _Cmpss1Regs                              
1     00005ca0  _Cmpss2Regs                              
1     00005cc0  _Cmpss3Regs                              
1     00005ce0  _Cmpss4Regs                              
1     00005d00  _Cmpss5Regs                              
1     00005d20  _Cmpss6Regs                              
1     00005d40  _Cmpss7Regs                              
1     00005d60  _Cmpss8Regs                              
1     0001a6c0  _CommandStringA                          
1     0001a644  _CommandStringC                          
0     00090000  _Commands                                
1     0005d300  _CpuSysRegs                              
1     00000c00  _CpuTimer0Regs                           
1     00000c08  _CpuTimer1Regs                           
1     00000c10  _CpuTimer2Regs                           
1     0001a24f  _Current_TV_Power                        
1     0001a250  _Current_TV_inputMode                    
1     00005c00  _DacaRegs                                
1     00005c10  _DacbRegs                                
1     00005c20  _DaccRegs                                
1     0005f070  _DcsmCommonRegs                          
1     00078000  _DcsmZ1Otp                               
1     0005f000  _DcsmZ1Regs                              
1     00078200  _DcsmZ2Otp                               
1     0005f040  _DcsmZ2Regs                              
1     0005d000  _DevCfgRegs                              
1     00007980  _DmaClaSrcSelRegs                        
1     00001000  _DmaRegs                                 
1     00005000  _ECap1Regs                               
1     00005020  _ECap2Regs                               
1     00005040  _ECap3Regs                               
1     00005060  _ECap4Regs                               
1     00005080  _ECap5Regs                               
1     000050a0  _ECap6Regs                               
1     0001a25a  _EPWMCLK                                 
1     00004900  _EPwm10Regs                              
1     00004a00  _EPwm11Regs                              
1     00004b00  _EPwm12Regs                              
1     00004000  _EPwm1Regs                               
1     00004100  _EPwm2Regs                               
1     00004200  _EPwm3Regs                               
1     00004300  _EPwm4Regs                               
1     00004400  _EPwm5Regs                               
1     00004500  _EPwm6Regs                               
1     00004600  _EPwm7Regs                               
1     00004700  _EPwm8Regs                               
1     00004800  _EPwm9Regs                               
1     00007a00  _EPwmXbarRegs                            
1     00005100  _EQep1Regs                               
1     00005140  _EQep2Regs                               
1     00005180  _EQep3Regs                               
1     0005f480  _Emif1ConfigRegs                         
1     00047000  _Emif1Regs                               
1     0005f4a0  _Emif2ConfigRegs                         
1     00047800  _Emif2Regs                               
1     00000d01  _EmuBMode                                
1     00000d00  _EmuKey                                  
1     0005f800  _Flash0CtrlRegs                          
1     0005fb00  _Flash0EccRegs                           
1     0005fc00  _Flash1CtrlRegs                          
1     0005ff00  _Flash1EccRegs                           
1     00050024  _FlashPumpSemaphoreRegs                  
1     00007c00  _GpioCtrlRegs                            
1     00007f00  _GpioDataRegs                            
1     00007300  _I2caRegs                                
1     00007340  _I2cbRegs                                
0     00083d07  _IR_CMDCheckMatch                        
0     00083ef7  _IR_CheckForNECMatch                     
0     00083d87  _IR_ClearReceiveFlag                     
0     00083eec  _IR_DisableReceive                       
0     00083ef3  _IR_EnableReceive                        
0     00083d8b  _IR_GetReceiveFlag                       
0     00083c6a  _IR_LED                                  
0     00083c3c  _IR_LEDModulePins                        
0     00083c66  _IR_LEDPWMTest                           
0     00083c52  _IR_LEDTest                              
1     0001a280  _IR_NEC_Start                            
0     00083d8f  _IR_ProcessReceiveNEC                    
1     0001a480  _IR_Receive_Timing_Counts                
1     0001a2c0  _IR_Receive_Timing_MicroSeconds          
1     0001a284  _IR_Receive_Timing_place                 
0     00083c21  _IR_ReceiverInterrupt                    
0     00083ca0  _IR_SendNEC                              
0     00083c79  _IR_SendNECRepeat                        
0     00083cff  _IR_SendNECWithRepeat                    
0     00083f30  _IR_SendNECWithRepeatASCII               
0     00083d82  _IR_SetReceiveFlag                       
0     00083638  _ISR_ADC_AUDIO                           
0     000835fe  _ISR_EPWM_11_LOWPASS                     
0     000835c4  _ISR_EPWM_8_IRLED                        
0     00083377  _ISR_INT1_BUTTON                         
0     000833ab  _ISR_INT2_ZEROCROSS                      
0     000833fe  _ISR_INT3_IR_RECEIVE                     
0     000834e6  _ISR_INT4_TOGGLE                         
0     0008351a  _ISR_TIMER0_DELAY                        
0     00083550  _ISR_TIMER1_IR_RECEIVE                   
0     00083591  _ISR_TIMER2_SS_Relay                     
0     00083223  _ISR_UART_A_RX                           
0     000832bb  _ISR_UART_A_TX                           
0     0008326f  _ISR_UART_C_RX                           
0     00083319  _ISR_UART_C_TX                           
0     00090cca  _Idylis                                  
0     00084d96  _InitADC                                 
0     00083f4b  _InitAudio                               
0     000858a2  _InitBluetooth                           
0     00085609  _InitButtons                             
0     00084000  _InitCMD                                 
0     00083be4  _InitIR                                  
0     00083bfb  _InitIRReceive                           
0     00083bf1  _InitIRSend                              
0     000852ce  _InitLEDs                                
0     00084f2a  _InitPWM                                 
0     00084f81  _InitPWM_AudioLowpass                    
0     00084f2f  _InitPWM_IR                              
0     00085518  _InitRelay                               
0     00082ccd  _InitTV                                  
0     00084beb  _InitTimer0                              
0     00084c04  _InitTimer1                              
0     00084c1e  _InitTimer2                              
0     00084be4  _InitTimers                              
0     0008557d  _InitToggle                              
0     0008372a  _InitUART                                
0     0008372f  _InitUART_A                              
0     0008376a  _InitUART_C                              
0     000851ac  _Init_Modules                            
0     000850bd  _Init_Pins                               
1     00007900  _InputXbarRegs                           
0     0008533a  _LED_BlinkingAction                      
0     00085315  _LED_GetMode                             
0     00085306  _LED_GreenLED                            
0     000852f7  _LED_RedLED                              
0     00085319  _LED_SetMode                             
1     0001a25c  _LSPCLK                                  
0     00084a7e  _MSC_DelayNOP                            
0     00084a29  _MSC_DelayUS                             
0     00084a91  _MSC_IsPrintable                         
0     00084ab5  _MSC_LowercaseChar                       
0     00084ad0  _MSC_ReverseLong                         
0     00084ac1  _MSC_Round                               
0     00084a9e  _MSC_StringCopy                          
0     00084bc5  _MSC_StringMatch                         
1     00006000  _McbspaRegs                              
1     00006040  _McbspbRegs                              
1     0005f400  _MemCfgRegs                              
1     0005f500  _MemoryErrorRegs                         
1     0001a680  _MiscBuffer                              
1     0001a288  _NEC                                     
1     0001a283  _NEC_REPEAT                              
1     00007060  _NmiIntruptRegs                          
1     0001a642  _NumCommands                             
1     0001a286  _NumIdylis                               
1     0001a24d  _NumSKYPE                                
1     0001a285  _NumSanyo                                
1     0001a281  _NumVisio                                
1     0001a24e  _Original_TV_Power                       
1     0001a248  _Original_TV_inputMode                   
1     00007a80  _OutputXbarRegs                          
1     0001a256  _PLLSYSCLK                               
0     0008507b  _PWM_GetCMP11A                           
0     00085077  _PWM_GetCMP8B                            
0     000850a2  _PWM_Interrupt11                         
0     00085087  _PWM_Interrupt8                          
0     00085083  _PWM_ResetTBClock11                      
0     0008507f  _PWM_ResetTBClock8                       
0     00085070  _PWM_SetCMP11A                           
0     00085069  _PWM_SetCMP8B                            
0     0008502d  _PWM_SetDutyCycle11A                     
0     00084ff1  _PWM_SetDutyCycle8B                      
0     00084fd3  _PWM_SetFrequency                        
1     0001a263  _Period38kHz                             
1     0001a262  _PeriodLowpass                           
1     00000ce0  _PieCtrlRegs                             
1     00000d00  _PieVectTable                            
0     0008554f  _RLY_MechRelay                           
1     0001a271  _RLY_SSRelayDuty                         
0     0008556d  _RLY_SetSSRelayDutyCycle                 
0     0008555e  _RLY_SolidStateRelay                     
0     00085534  _RLY_ZeroCrossInterrupt                  
1     0001a180  _RX_A_Buffer                             
1     00019e43  _RX_A_Buffer_Place                       
1     00019f80  _RX_C_Buffer                             
1     00019e41  _RX_C_Buffer_Place                       
0     00008000  _RamfuncsLoadEnd                         
abs   00000000  _RamfuncsLoadSize                        
0     00008000  _RamfuncsLoadStart                       
0     00008000  _RamfuncsRunEnd                          
abs   00000000  _RamfuncsRunSize                         
0     00008000  _RamfuncsRunStart                        
1     0005e608  _RomPrefetchRegs                         
1     0005f540  _RomWaitStateRegs                        
0     00090dbc  _SKYPE_Codes                             
1     0001a700  _SPRINTBuffer                            
1     0000a004  _SSRelayAntiTwitchCount                  
1     0000a002  _SSRelayOnCount                          
1     0001a254  _SYSCLK                                  
0     00084603  _SYS_ClearPIE                            
0     00084434  _SYS_ConfigureOscillator                 
0     000845ea  _SYS_DisableWatchdog                     
0     00084635  _SYS_EnableInterruptGroup                
0     0008463c  _SYS_EnableRealTime                      
0     000845b9  _SYS_InitFlash_Bank0                     
0     000845ae  _SYS_InitOsc1Sel                         
0     000845a3  _SYS_InitOsc2Sel                         
0     0008448c  _SYS_InitPeripheralClocks                
0     00084511  _SYS_InitSysPll                          
0     00084596  _SYS_InitXtalOscSel                      
0     000845f9  _SYS_Interrupts                          
0     00084632  _SYS_Lock                                
0     00084620  _SYS_PerInterrupts                       
0     00084761  _SYS_ReadPin                             
0     0008463f  _SYS_SetupPinMux                         
0     000846cd  _SYS_SetupPinOptions                     
0     0008462f  _SYS_Unlock                              
0     00084778  _SYS_WritePin                            
0     00090674  _Sanyo                                   
1     00007200  _SciaRegs                                
1     00007210  _ScibRegs                                
1     00007220  _ScicRegs                                
1     00007230  _ScidRegs                                
1     00005e00  _Sdfm1Regs                               
1     00005e80  _Sdfm2Regs                               
1     00006100  _SpiaRegs                                
1     00006110  _SpibRegs                                
1     00006120  _SpicRegs                                
1     00007940  _SyncSocRegs                             
0     00084d34  _TMR_ClearTimerFlag0                     
0     00084d3c  _TMR_CountsToMicroseconds                
0     00084d5d  _TMR_DutyToPeriod                        
0     00084d17  _TMR_GetStartTimerStatus0                
0     00084d1f  _TMR_GetStartTimerStatus1                
0     00084d27  _TMR_GetStartTimerStatus2                
0     00084c37  _TMR_GetTimer0                           
0     00084c42  _TMR_GetTimer1                           
0     00084d92  _TMR_GetTimer1Mode                       
0     00084c4d  _TMR_GetTimer2                           
0     00084d38  _TMR_GetTimerFlag0                       
0     00084c73  _TMR_GetTimerPeriod0                     
0     00084c7e  _TMR_GetTimerPeriod1                     
0     00084c89  _TMR_GetTimerPeriod2                     
0     00084c94  _TMR_Interrupt0                          
0     00084cb6  _TMR_Interrupt1                          
0     00084cd0  _TMR_Interrupt2                          
0     00084d8b  _TMR_SetTimer1Mode                       
0     00084d2f  _TMR_SetTimerFlag0                       
0     00084c58  _TMR_SetTimerPeriod0                     
0     00084c61  _TMR_SetTimerPeriod1                     
0     00084c6a  _TMR_SetTimerPeriod2                     
0     00084c28  _TMR_SetTimerWithPeriod0                 
0     00084c2d  _TMR_SetTimerWithPeriod1                 
0     00084c32  _TMR_SetTimerWithPeriod2                 
0     00084cea  _TMR_StartTimer0                         
0     00084cf9  _TMR_StartTimer1                         
0     00084d08  _TMR_StartTimer2                         
0     000855bf  _TOG_GetToggleFlag                       
0     000855b8  _TOG_SetToggleFlag                       
0     0008559d  _TOG_ToggleInterrupt                     
0     00082d66  _TV_GetMode                              
0     00082d0d  _TV_GoToOriginalMode                     
0     00082cd9  _TV_GoToSkypeMode                        
0     00083202  _TV_SKYPE_AccumulatedTime                
1     0001a24c  _TV_SKYPE_Audio_Code_Started             
1     0001a252  _TV_SKYPE_Audio_ProtocolTotalMicroseconds
0     00082d75  _TV_SKYPE_Decode                         
0     000830af  _TV_SKYPE_FindFirstLocalMaximum          
0     00083156  _TV_SKYPE_FindFirstLocalMinimum          
0     00082d71  _TV_SKYPE_GetDecodeFlag                  
0     000831fe  _TV_SKYPE_GetSearchingStatus             
0     000831f7  _TV_SKYPE_SearchingEnabled               
0     00082d6a  _TV_SKYPE_SetDecodeFlag                  
0     00082d5f  _TV_SetMode                              
1     0001a080  _TX_A_Buffer                             
1     00019e40  _TX_A_Buffer_ADD_Place                   
1     00019e42  _TX_A_Buffer_REMOVE_Place                
1     00019e80  _TX_C_Buffer                             
1     00019e44  _TX_C_Buffer_ADD_Place                   
1     00019e45  _TX_C_Buffer_REMOVE_Place                
0     000839dc  _UART_GetCharA                           
0     000839f6  _UART_GetCharC                           
0     00083832  _UART_GetFIFOA                           
0     0008383d  _UART_GetFIFOC                           
0     00083bd2  _UART_IsDoneA                            
0     00083bdb  _UART_IsDoneC                            
0     00083896  _UART_ModuleEnableA                      
0     000838a5  _UART_ModuleEnableC                      
0     0008395c  _UART_ModulePinsA                        
0     00083995  _UART_ModulePinsC                        
0     00083b0a  _UART_ProcessCharacterA                  
0     00083b6e  _UART_ProcessCharacterC                  
0     000839ca  _UART_PutCharA                           
0     000839d3  _UART_PutCharC                           
0     0008393e  _UART_ReceiveEnableA                     
0     0008394d  _UART_ReceiveEnableC                     
0     000838b4  _UART_ReceiveInterruptA                  
0     000838cf  _UART_ReceiveInterruptC                  
0     00083abe  _UART_SendBannerA                        
0     00083adf  _UART_SendBannerC                        
0     00083a10  _UART_SendCharA                          
0     00083a4f  _UART_SendCharC                          
0     00083b00  _UART_SendPromptA                        
0     00083b05  _UART_SendPromptC                        
0     00083a8e  _UART_SendStringA                        
0     00083a9c  _UART_SendStringC                        
0     00083aaa  _UART_SendStringCRLNA                    
0     00083ab4  _UART_SendStringCRLNC                    
0     00083848  _UART_SetFIFOA                           
0     0008386f  _UART_SetFIFOC                           
0     000837a4  _UART_SetParametersA                     
0     000837eb  _UART_SetParametersC                     
0     00083920  _UART_TransmitEnableA                    
0     0008392f  _UART_TransmitEnableC                    
0     000838ea  _UART_TransmitInterruptA                 
0     00083905  _UART_TransmitInterruptC                 
1     00006200  _UppRegs                                 
0     00090d4e  _Visio                                   
1     00007000  _WdRegs                                  
1     00007920  _XbarRegs                                
1     00007070  _XintRegs                                
0     00000400  __STACK_END                              
abs   00000400  __STACK_SIZE                             
1     0001a266  ___TI_cleanup_ptr                        
1     0001a268  ___TI_dtors_ptr                          
0     00082bc8  ___TI_printfi                            
abs   ffffffff  ___binit__                               
abs   ffffffff  ___c_args__                              
0     00082000  ___cinit__                               
abs   ffffffff  ___etext__                               
abs   ffffffff  ___pinit__                               
abs   ffffffff  ___text__                                
0     00085858  __args_main                              
0     00090aa1  __ctypes_                                
1     0001a26c  __lock                                   
0     0008590a  __nop                                    
0     00085906  __register_lock                          
0     00085902  __register_unlock                        
0     00000000  __stack                                  
1     0001a26e  __unlock                                 
0     00085871  _abort                                   
0     000856b1  _atoi                                    
0     000855c3  _c_int00                                 
1     0001a273  _errno                                   
0     00085873  _exit                                    
0     000858b8  _frexp                                   
0     0008564b  _ldexp                                   
0     000856e2  _ltoa                                    
0     00084796  _main                                    
0     000858dc  _memccpy                                 
0     000857e5  _memcpy                                  
0     000858ea  _memset                                  
0     0008567f  _sprintf                                 
0     000858f6  _strchr                                  
0     0008591c  _strcpy                                  
0     00085914  _strlen                                  
abs   ffffffff  binit                                    
0     00082000  cinit                                    
0     00080000  code_start                               
abs   ffffffff  etext                                    
abs   ffffffff  pinit                                    


GLOBAL SYMBOLS: SORTED BY Symbol Address 

page  address   name                                     
----  -------   ----                                     
0     00000000  __stack                                  
0     00000400  __STACK_END                              
0     00000ce0  _Cla1SoftIntRegs                         
0     00008000  _RamfuncsLoadEnd                         
0     00008000  _RamfuncsLoadStart                       
0     00008000  _RamfuncsRunEnd                          
0     00008000  _RamfuncsRunStart                        
0     00080000  code_start                               
0     00082000  ___cinit__                               
0     00082000  cinit                                    
0     00082bc8  ___TI_printfi                            
0     00082ccd  _InitTV                                  
0     00082cd9  _TV_GoToSkypeMode                        
0     00082d0d  _TV_GoToOriginalMode                     
0     00082d5f  _TV_SetMode                              
0     00082d66  _TV_GetMode                              
0     00082d6a  _TV_SKYPE_SetDecodeFlag                  
0     00082d71  _TV_SKYPE_GetDecodeFlag                  
0     00082d75  _TV_SKYPE_Decode                         
0     000830af  _TV_SKYPE_FindFirstLocalMaximum          
0     00083156  _TV_SKYPE_FindFirstLocalMinimum          
0     000831f7  _TV_SKYPE_SearchingEnabled               
0     000831fe  _TV_SKYPE_GetSearchingStatus             
0     00083202  _TV_SKYPE_AccumulatedTime                
0     00083223  _ISR_UART_A_RX                           
0     0008326f  _ISR_UART_C_RX                           
0     000832bb  _ISR_UART_A_TX                           
0     00083319  _ISR_UART_C_TX                           
0     00083377  _ISR_INT1_BUTTON                         
0     000833ab  _ISR_INT2_ZEROCROSS                      
0     000833fe  _ISR_INT3_IR_RECEIVE                     
0     000834e6  _ISR_INT4_TOGGLE                         
0     0008351a  _ISR_TIMER0_DELAY                        
0     00083550  _ISR_TIMER1_IR_RECEIVE                   
0     00083591  _ISR_TIMER2_SS_Relay                     
0     000835c4  _ISR_EPWM_8_IRLED                        
0     000835fe  _ISR_EPWM_11_LOWPASS                     
0     00083638  _ISR_ADC_AUDIO                           
0     0008372a  _InitUART                                
0     0008372f  _InitUART_A                              
0     0008376a  _InitUART_C                              
0     000837a4  _UART_SetParametersA                     
0     000837eb  _UART_SetParametersC                     
0     00083832  _UART_GetFIFOA                           
0     0008383d  _UART_GetFIFOC                           
0     00083848  _UART_SetFIFOA                           
0     0008386f  _UART_SetFIFOC                           
0     00083896  _UART_ModuleEnableA                      
0     000838a5  _UART_ModuleEnableC                      
0     000838b4  _UART_ReceiveInterruptA                  
0     000838cf  _UART_ReceiveInterruptC                  
0     000838ea  _UART_TransmitInterruptA                 
0     00083905  _UART_TransmitInterruptC                 
0     00083920  _UART_TransmitEnableA                    
0     0008392f  _UART_TransmitEnableC                    
0     0008393e  _UART_ReceiveEnableA                     
0     0008394d  _UART_ReceiveEnableC                     
0     0008395c  _UART_ModulePinsA                        
0     00083995  _UART_ModulePinsC                        
0     000839ca  _UART_PutCharA                           
0     000839d3  _UART_PutCharC                           
0     000839dc  _UART_GetCharA                           
0     000839f6  _UART_GetCharC                           
0     00083a10  _UART_SendCharA                          
0     00083a4f  _UART_SendCharC                          
0     00083a8e  _UART_SendStringA                        
0     00083a9c  _UART_SendStringC                        
0     00083aaa  _UART_SendStringCRLNA                    
0     00083ab4  _UART_SendStringCRLNC                    
0     00083abe  _UART_SendBannerA                        
0     00083adf  _UART_SendBannerC                        
0     00083b00  _UART_SendPromptA                        
0     00083b05  _UART_SendPromptC                        
0     00083b0a  _UART_ProcessCharacterA                  
0     00083b6e  _UART_ProcessCharacterC                  
0     00083bd2  _UART_IsDoneA                            
0     00083bdb  _UART_IsDoneC                            
0     00083be4  _InitIR                                  
0     00083bf1  _InitIRSend                              
0     00083bfb  _InitIRReceive                           
0     00083c21  _IR_ReceiverInterrupt                    
0     00083c3c  _IR_LEDModulePins                        
0     00083c52  _IR_LEDTest                              
0     00083c66  _IR_LEDPWMTest                           
0     00083c6a  _IR_LED                                  
0     00083c79  _IR_SendNECRepeat                        
0     00083ca0  _IR_SendNEC                              
0     00083cff  _IR_SendNECWithRepeat                    
0     00083d07  _IR_CMDCheckMatch                        
0     00083d82  _IR_SetReceiveFlag                       
0     00083d87  _IR_ClearReceiveFlag                     
0     00083d8b  _IR_GetReceiveFlag                       
0     00083d8f  _IR_ProcessReceiveNEC                    
0     00083eec  _IR_DisableReceive                       
0     00083ef3  _IR_EnableReceive                        
0     00083ef7  _IR_CheckForNECMatch                     
0     00083f30  _IR_SendNECWithRepeatASCII               
0     00083f4b  _InitAudio                               
0     00083f62  _AUD_Sampling                            
0     00083f6f  _AUD_SetSampleReadyFlag                  
0     00083f74  _AUD_ClearSampleReadyFlag                
0     00083f78  _AUD_GetSampleReadyFlag                  
0     00083f7c  _AUD_Process                             
0     00083fb2  _AUD_ShiftoutBuffer                      
0     00083fd3  _AUD_LOWPASS_Shutdown                    
0     00083fe2  _AUD_LOWPASS_ClockModulePins             
0     00084000  _InitCMD                                 
0     00084005  _CMD_Help                                
0     0008402f  _CMD_CheckMatch                          
0     000840a2  _CMD_SetNewCommandFlagA                  
0     000840a9  _CMD_SetNewCommandFlagC                  
0     000840b0  _CMD_GetNewCommandFlagA                  
0     000840b4  _CMD_GetNewCommandFlagC                  
0     000840b8  _CMD_CommandSize                         
0     000840f0  _CMD_PrintCommand                        
0     00084149  _CMD_PrintAllCommands                    
0     00084199  _CMD_SendSanyo                           
0     00084241  _CMD_SendVisio                           
0     000842e9  _CMD_SendIdylis                          
0     00084391  _CMD_SetActiveUART                       
0     00084398  _CMD_GetActiveUART                       
0     0008439c  _CMD_InitBluetooth                       
0     000843f0  _CMD_GoToSKYPE                           
0     000843f3  _CMD_GoToOriginal                        
0     000843f6  _CMD_IncreaseLargeAverage                
0     000843ff  _CMD_DecreaseLargeAverage                
0     00084410  _CMD_IncreaseSmallAverage                
0     00084422  _CMD_DecreaseSmallAverage                
0     0008442b  _CMD_VULowpass                           
0     0008442f  _CMD_VUAll                               
0     00084434  _SYS_ConfigureOscillator                 
0     0008448c  _SYS_InitPeripheralClocks                
0     00084511  _SYS_InitSysPll                          
0     00084596  _SYS_InitXtalOscSel                      
0     000845a3  _SYS_InitOsc2Sel                         
0     000845ae  _SYS_InitOsc1Sel                         
0     000845b9  _SYS_InitFlash_Bank0                     
0     000845ea  _SYS_DisableWatchdog                     
0     000845f9  _SYS_Interrupts                          
0     00084603  _SYS_ClearPIE                            
0     00084620  _SYS_PerInterrupts                       
0     0008462f  _SYS_Unlock                              
0     00084632  _SYS_Lock                                
0     00084635  _SYS_EnableInterruptGroup                
0     0008463c  _SYS_EnableRealTime                      
0     0008463f  _SYS_SetupPinMux                         
0     000846cd  _SYS_SetupPinOptions                     
0     00084761  _SYS_ReadPin                             
0     00084778  _SYS_WritePin                            
0     00084796  _main                                    
0     00084a29  _MSC_DelayUS                             
0     00084a7e  _MSC_DelayNOP                            
0     00084a91  _MSC_IsPrintable                         
0     00084a9e  _MSC_StringCopy                          
0     00084ab5  _MSC_LowercaseChar                       
0     00084ac1  _MSC_Round                               
0     00084ad0  _MSC_ReverseLong                         
0     00084bc5  _MSC_StringMatch                         
0     00084be4  _InitTimers                              
0     00084beb  _InitTimer0                              
0     00084c04  _InitTimer1                              
0     00084c1e  _InitTimer2                              
0     00084c28  _TMR_SetTimerWithPeriod0                 
0     00084c2d  _TMR_SetTimerWithPeriod1                 
0     00084c32  _TMR_SetTimerWithPeriod2                 
0     00084c37  _TMR_GetTimer0                           
0     00084c42  _TMR_GetTimer1                           
0     00084c4d  _TMR_GetTimer2                           
0     00084c58  _TMR_SetTimerPeriod0                     
0     00084c61  _TMR_SetTimerPeriod1                     
0     00084c6a  _TMR_SetTimerPeriod2                     
0     00084c73  _TMR_GetTimerPeriod0                     
0     00084c7e  _TMR_GetTimerPeriod1                     
0     00084c89  _TMR_GetTimerPeriod2                     
0     00084c94  _TMR_Interrupt0                          
0     00084cb6  _TMR_Interrupt1                          
0     00084cd0  _TMR_Interrupt2                          
0     00084cea  _TMR_StartTimer0                         
0     00084cf9  _TMR_StartTimer1                         
0     00084d08  _TMR_StartTimer2                         
0     00084d17  _TMR_GetStartTimerStatus0                
0     00084d1f  _TMR_GetStartTimerStatus1                
0     00084d27  _TMR_GetStartTimerStatus2                
0     00084d2f  _TMR_SetTimerFlag0                       
0     00084d34  _TMR_ClearTimerFlag0                     
0     00084d38  _TMR_GetTimerFlag0                       
0     00084d3c  _TMR_CountsToMicroseconds                
0     00084d5d  _TMR_DutyToPeriod                        
0     00084d8b  _TMR_SetTimer1Mode                       
0     00084d92  _TMR_GetTimer1Mode                       
0     00084d96  _InitADC                                 
0     00084dc0  _ADC_ModuleA                             
0     00084dcf  _ADC_SetMode                             
0     00084e73  _ADC_LoadTrim                            
0     00084eb1  _ADC_SetupContinuousA                    
0     00084ef4  _ADC_BusyA                               
0     00084efc  _ADC_InterruptA                          
0     00084f1b  _ADC_ForceSampleA                        
0     00084f20  _ADC_GetStatusA                          
0     00084f2a  _InitPWM                                 
0     00084f2f  _InitPWM_IR                              
0     00084f81  _InitPWM_AudioLowpass                    
0     00084fd3  _PWM_SetFrequency                        
0     00084ff1  _PWM_SetDutyCycle8B                      
0     0008502d  _PWM_SetDutyCycle11A                     
0     00085069  _PWM_SetCMP8B                            
0     00085070  _PWM_SetCMP11A                           
0     00085077  _PWM_GetCMP8B                            
0     0008507b  _PWM_GetCMP11A                           
0     0008507f  _PWM_ResetTBClock8                       
0     00085083  _PWM_ResetTBClock11                      
0     00085087  _PWM_Interrupt8                          
0     000850a2  _PWM_Interrupt11                         
0     000850bd  _Init_Pins                               
0     000851ac  _Init_Modules                            
0     000851c7  LL$$DIV                                  
0     00085203  LL$$MOD                                  
0     0008523d  ULL$$DIV                                 
0     0008526c  ULL$$MOD                                 
0     000852ce  _InitLEDs                                
0     000852f7  _LED_RedLED                              
0     00085306  _LED_GreenLED                            
0     00085315  _LED_GetMode                             
0     00085319  _LED_SetMode                             
0     0008533a  _LED_BlinkingAction                      
0     0008536e  FD$$ADD                                  
0     0008540a  FD$$DIV                                  
0     00085495  FD$$MPY                                  
0     00085518  _InitRelay                               
0     00085534  _RLY_ZeroCrossInterrupt                  
0     0008554f  _RLY_MechRelay                           
0     0008555e  _RLY_SolidStateRelay                     
0     0008556d  _RLY_SetSSRelayDutyCycle                 
0     0008557d  _InitToggle                              
0     0008559d  _TOG_ToggleInterrupt                     
0     000855b8  _TOG_SetToggleFlag                       
0     000855bf  _TOG_GetToggleFlag                       
0     000855c3  _c_int00                                 
0     00085609  _InitButtons                             
0     00085625  _BUT_ButtonInterrupt                     
0     00085640  _BUT_SetButtonFlag                       
0     00085647  _BUT_GetButtonFlag                       
0     0008564b  _ldexp                                   
0     0008567f  _sprintf                                 
0     000856b1  _atoi                                    
0     000856e2  _ltoa                                    
0     00085710  FD$$CMP                                  
0     0008573a  L$$DIV                                   
0     00085749  L$$MOD                                   
0     00085757  UL$$DIV                                  
0     0008575e  UL$$MOD                                  
0     00085764  FD$$TOFS                                 
0     00085787  FD$$TOI                                  
0     000857a8  FD$$TOL                                  
0     000857c7  LL$$CMP                                  
0     000857d9  ULL$$CMP                                 
0     000857e5  _memcpy                                  
0     00085803  I$$TOFD                                  
0     00085820  FS$$TOFD                                 
0     0008583c  L$$TOFD                                  
0     00085858  __args_main                              
0     00085871  C$$EXIT                                  
0     00085871  _abort                                   
0     00085873  _exit                                    
0     0008588a  LL$$AND                                  
0     00085892  LL$$OR                                   
0     0008589a  LL$$XOR                                  
0     000858a2  _InitBluetooth                           
0     000858a5  _BLUE_ATCommand                          
0     000858b8  _frexp                                   
0     000858ce  FD$$SUB                                  
0     000858dc  _memccpy                                 
0     000858ea  _memset                                  
0     000858f6  _strchr                                  
0     00085902  __register_unlock                        
0     00085906  __register_lock                          
0     0008590a  __nop                                    
0     0008590b  FD$$NEG                                  
0     00085914  _strlen                                  
0     0008591c  _strcpy                                  
0     00090000  _Commands                                
0     00090674  _Sanyo                                   
0     00090aa1  __ctypes_                                
0     00090cca  _Idylis                                  
0     00090d4e  _Visio                                   
0     00090dbc  _SKYPE_Codes                             
1     00000b00  _AdcaResultRegs                          
1     00000b20  _AdcbResultRegs                          
1     00000b40  _AdccResultRegs                          
1     00000b60  _AdcdResultRegs                          
1     00000c00  _CpuTimer0Regs                           
1     00000c08  _CpuTimer1Regs                           
1     00000c10  _CpuTimer2Regs                           
1     00000ce0  _PieCtrlRegs                             
1     00000d00  _EmuKey                                  
1     00000d00  _PieVectTable                            
1     00000d01  _EmuBMode                                
1     00001000  _DmaRegs                                 
1     00001400  _Cla1Regs                                
1     00004000  _EPwm1Regs                               
1     00004100  _EPwm2Regs                               
1     00004200  _EPwm3Regs                               
1     00004300  _EPwm4Regs                               
1     00004400  _EPwm5Regs                               
1     00004500  _EPwm6Regs                               
1     00004600  _EPwm7Regs                               
1     00004700  _EPwm8Regs                               
1     00004800  _EPwm9Regs                               
1     00004900  _EPwm10Regs                              
1     00004a00  _EPwm11Regs                              
1     00004b00  _EPwm12Regs                              
1     00005000  _ECap1Regs                               
1     00005020  _ECap2Regs                               
1     00005040  _ECap3Regs                               
1     00005060  _ECap4Regs                               
1     00005080  _ECap5Regs                               
1     000050a0  _ECap6Regs                               
1     00005100  _EQep1Regs                               
1     00005140  _EQep2Regs                               
1     00005180  _EQep3Regs                               
1     00005c00  _DacaRegs                                
1     00005c10  _DacbRegs                                
1     00005c20  _DaccRegs                                
1     00005c80  _Cmpss1Regs                              
1     00005ca0  _Cmpss2Regs                              
1     00005cc0  _Cmpss3Regs                              
1     00005ce0  _Cmpss4Regs                              
1     00005d00  _Cmpss5Regs                              
1     00005d20  _Cmpss6Regs                              
1     00005d40  _Cmpss7Regs                              
1     00005d60  _Cmpss8Regs                              
1     00005e00  _Sdfm1Regs                               
1     00005e80  _Sdfm2Regs                               
1     00006000  _McbspaRegs                              
1     00006040  _McbspbRegs                              
1     00006100  _SpiaRegs                                
1     00006110  _SpibRegs                                
1     00006120  _SpicRegs                                
1     00006200  _UppRegs                                 
1     00007000  _WdRegs                                  
1     00007060  _NmiIntruptRegs                          
1     00007070  _XintRegs                                
1     00007200  _SciaRegs                                
1     00007210  _ScibRegs                                
1     00007220  _ScicRegs                                
1     00007230  _ScidRegs                                
1     00007300  _I2caRegs                                
1     00007340  _I2cbRegs                                
1     00007400  _AdcaRegs                                
1     00007480  _AdcbRegs                                
1     00007500  _AdccRegs                                
1     00007580  _AdcdRegs                                
1     00007900  _InputXbarRegs                           
1     00007920  _XbarRegs                                
1     00007940  _SyncSocRegs                             
1     00007980  _DmaClaSrcSelRegs                        
1     00007a00  _EPwmXbarRegs                            
1     00007a80  _OutputXbarRegs                          
1     00007c00  _GpioCtrlRegs                            
1     00007f00  _GpioDataRegs                            
1     0000a000  _AudioProcessing                         
1     0000a001  _AudioProcessingSampleSmall              
1     0000a002  _SSRelayOnCount                          
1     0000a003  _Audio_ADC_Counts_LowPass_place          
1     0000a004  _SSRelayAntiTwitchCount                  
1     0000a005  _AudioVU                                 
1     0000a007  _Audio_ADC_Counts_Unfiltered_place       
1     0000a008  _AudioProcessingSampleLarge              
1     0000a00a  _AudioProcess2                           
1     0000a00c  _AudioProcess1                           
1     0000a040  _Audio_ADC_Counts_Unfiltered_Buffer      
1     0000a440  _Audio_ADC_Counts_LowPass_Buffer         
1     00019e40  _TX_A_Buffer_ADD_Place                   
1     00019e41  _RX_C_Buffer_Place                       
1     00019e42  _TX_A_Buffer_REMOVE_Place                
1     00019e43  _RX_A_Buffer_Place                       
1     00019e44  _TX_C_Buffer_ADD_Place                   
1     00019e45  _TX_C_Buffer_REMOVE_Place                
1     00019e80  _TX_C_Buffer                             
1     00019f80  _RX_C_Buffer                             
1     0001a080  _TX_A_Buffer                             
1     0001a180  _RX_A_Buffer                             
1     0001a248  _Original_TV_inputMode                   
1     0001a24c  _TV_SKYPE_Audio_Code_Started             
1     0001a24d  _NumSKYPE                                
1     0001a24e  _Original_TV_Power                       
1     0001a24f  _Current_TV_Power                        
1     0001a250  _Current_TV_inputMode                    
1     0001a252  _TV_SKYPE_Audio_ProtocolTotalMicroseconds
1     0001a254  _SYSCLK                                  
1     0001a256  _PLLSYSCLK                               
1     0001a258  _CPU_FREQ                                
1     0001a25a  _EPWMCLK                                 
1     0001a25c  _LSPCLK                                  
1     0001a262  _PeriodLowpass                           
1     0001a263  _Period38kHz                             
1     0001a266  ___TI_cleanup_ptr                        
1     0001a268  ___TI_dtors_ptr                          
1     0001a26c  __lock                                   
1     0001a26e  __unlock                                 
1     0001a271  _RLY_SSRelayDuty                         
1     0001a273  _errno                                   
1     0001a280  _IR_NEC_Start                            
1     0001a281  _NumVisio                                
1     0001a283  _NEC_REPEAT                              
1     0001a284  _IR_Receive_Timing_place                 
1     0001a285  _NumSanyo                                
1     0001a286  _NumIdylis                               
1     0001a288  _NEC                                     
1     0001a2c0  _IR_Receive_Timing_MicroSeconds          
1     0001a480  _IR_Receive_Timing_Counts                
1     0001a642  _NumCommands                             
1     0001a644  _CommandStringC                          
1     0001a680  _MiscBuffer                              
1     0001a6c0  _CommandStringA                          
1     0001a700  _SPRINTBuffer                            
1     00047000  _Emif1Regs                               
1     00047800  _Emif2Regs                               
1     00050024  _FlashPumpSemaphoreRegs                  
1     0005d000  _DevCfgRegs                              
1     0005d180  _AnalogSubsysRegs                        
1     0005d200  _ClkCfgRegs                              
1     0005d300  _CpuSysRegs                              
1     0005e608  _RomPrefetchRegs                         
1     0005f000  _DcsmZ1Regs                              
1     0005f040  _DcsmZ2Regs                              
1     0005f070  _DcsmCommonRegs                          
1     0005f400  _MemCfgRegs                              
1     0005f480  _Emif1ConfigRegs                         
1     0005f4a0  _Emif2ConfigRegs                         
1     0005f4c0  _AccessProtectionRegs                    
1     0005f500  _MemoryErrorRegs                         
1     0005f540  _RomWaitStateRegs                        
1     0005f800  _Flash0CtrlRegs                          
1     0005fb00  _Flash0EccRegs                           
1     0005fc00  _Flash1CtrlRegs                          
1     0005ff00  _Flash1EccRegs                           
1     00078000  _DcsmZ1Otp                               
1     00078200  _DcsmZ2Otp                               
abs   00000000  _RamfuncsLoadSize                        
abs   00000000  _RamfuncsRunSize                         
abs   00000400  __STACK_SIZE                             
abs   ffffffff  .text                                    
abs   ffffffff  ___binit__                               
abs   ffffffff  ___c_args__                              
abs   ffffffff  ___etext__                               
abs   ffffffff  ___pinit__                               
abs   ffffffff  ___text__                                
abs   ffffffff  binit                                    
abs   ffffffff  etext                                    
abs   ffffffff  pinit                                    

[451 symbols]
